<?xml version="1.0"?>
<link_info>
   <banner>MSP430 Linker PC v4.3.5</banner>
   <copyright>Copyright (c) 2003-2014 Texas Instruments Incorporated</copyright>
   <link_time>0x56290611</link_time>
   <link_errors>0x0</link_errors>
   <output_file>APasdatahub.out</output_file>
   <entry_point>
      <name>_c_int00</name>
      <address>0xaad0</address>
   </entry_point>
   <input_file_list>
      <input_file id="fl-2">
         <path>.\Peer Applications\</path>
         <kind>object</kind>
         <file>SEH_ED_v1.5.obj</file>
         <name>SEH_ED_v1.5.obj</name>
      </input_file>
      <input_file id="fl-3">
         <path>.\Peer Applications\</path>
         <kind>object</kind>
         <file>vlo_rand.obj</file>
         <name>vlo_rand.obj</name>
      </input_file>
      <input_file id="fl-4">
         <path>.\Components\simpliciti\nwk\</path>
         <kind>object</kind>
         <file>nwk.obj</file>
         <name>nwk.obj</name>
      </input_file>
      <input_file id="fl-5">
         <path>.\Components\simpliciti\nwk\</path>
         <kind>object</kind>
         <file>nwk_QMgmt.obj</file>
         <name>nwk_QMgmt.obj</name>
      </input_file>
      <input_file id="fl-6">
         <path>.\Components\simpliciti\nwk\</path>
         <kind>object</kind>
         <file>nwk_api.obj</file>
         <name>nwk_api.obj</name>
      </input_file>
      <input_file id="fl-7">
         <path>.\Components\simpliciti\nwk\</path>
         <kind>object</kind>
         <file>nwk_frame.obj</file>
         <name>nwk_frame.obj</name>
      </input_file>
      <input_file id="fl-8">
         <path>.\Components\simpliciti\nwk\</path>
         <kind>object</kind>
         <file>nwk_globals.obj</file>
         <name>nwk_globals.obj</name>
      </input_file>
      <input_file id="fl-9">
         <path>.\Components\simpliciti\network_applications\</path>
         <kind>object</kind>
         <file>nwk_freq.obj</file>
         <name>nwk_freq.obj</name>
      </input_file>
      <input_file id="fl-a">
         <path>.\Components\simpliciti\network_applications\</path>
         <kind>object</kind>
         <file>nwk_ioctl.obj</file>
         <name>nwk_ioctl.obj</name>
      </input_file>
      <input_file id="fl-b">
         <path>.\Components\simpliciti\network_applications\</path>
         <kind>object</kind>
         <file>nwk_join.obj</file>
         <name>nwk_join.obj</name>
      </input_file>
      <input_file id="fl-c">
         <path>.\Components\simpliciti\network_applications\</path>
         <kind>object</kind>
         <file>nwk_link.obj</file>
         <name>nwk_link.obj</name>
      </input_file>
      <input_file id="fl-d">
         <path>.\Components\simpliciti\network_applications\</path>
         <kind>object</kind>
         <file>nwk_mgmt.obj</file>
         <name>nwk_mgmt.obj</name>
      </input_file>
      <input_file id="fl-e">
         <path>.\Components\simpliciti\network_applications\</path>
         <kind>object</kind>
         <file>nwk_ping.obj</file>
         <name>nwk_ping.obj</name>
      </input_file>
      <input_file id="fl-f">
         <path>.\Components\simpliciti\network_applications\</path>
         <kind>object</kind>
         <file>nwk_security.obj</file>
         <name>nwk_security.obj</name>
      </input_file>
      <input_file id="fl-10">
         <path>.\Components\mrfi\</path>
         <kind>object</kind>
         <file>mrfi.obj</file>
         <name>mrfi.obj</name>
      </input_file>
      <input_file id="fl-11">
         <path>.\Components\bsp\</path>
         <kind>object</kind>
         <file>bsp.obj</file>
         <name>bsp.obj</name>
      </input_file>
      <input_file id="fl-3e">
         <path>c:\ti\ccsv6\tools\compiler\msp430_4.3.5\lib\</path>
         <kind>archive</kind>
         <file>rts430.lib</file>
         <name>asr32.obj</name>
      </input_file>
      <input_file id="fl-3f">
         <path>c:\ti\ccsv6\tools\compiler\msp430_4.3.5\lib\</path>
         <kind>archive</kind>
         <file>rts430.lib</file>
         <name>boot.obj</name>
      </input_file>
      <input_file id="fl-40">
         <path>c:\ti\ccsv6\tools\compiler\msp430_4.3.5\lib\</path>
         <kind>archive</kind>
         <file>rts430.lib</file>
         <name>copy_decompress_none.obj</name>
      </input_file>
      <input_file id="fl-41">
         <path>c:\ti\ccsv6\tools\compiler\msp430_4.3.5\lib\</path>
         <kind>archive</kind>
         <file>rts430.lib</file>
         <name>copy_decompress_rle.obj</name>
      </input_file>
      <input_file id="fl-42">
         <path>c:\ti\ccsv6\tools\compiler\msp430_4.3.5\lib\</path>
         <kind>archive</kind>
         <file>rts430.lib</file>
         <name>copy_zero_init.obj</name>
      </input_file>
      <input_file id="fl-43">
         <path>c:\ti\ccsv6\tools\compiler\msp430_4.3.5\lib\</path>
         <kind>archive</kind>
         <file>rts430.lib</file>
         <name>div16s.obj</name>
      </input_file>
      <input_file id="fl-44">
         <path>c:\ti\ccsv6\tools\compiler\msp430_4.3.5\lib\</path>
         <kind>archive</kind>
         <file>rts430.lib</file>
         <name>div16u.obj</name>
      </input_file>
      <input_file id="fl-45">
         <path>c:\ti\ccsv6\tools\compiler\msp430_4.3.5\lib\</path>
         <kind>archive</kind>
         <file>rts430.lib</file>
         <name>div32u.obj</name>
      </input_file>
      <input_file id="fl-46">
         <path>c:\ti\ccsv6\tools\compiler\msp430_4.3.5\lib\</path>
         <kind>archive</kind>
         <file>rts430.lib</file>
         <name>epilog.obj</name>
      </input_file>
      <input_file id="fl-47">
         <path>c:\ti\ccsv6\tools\compiler\msp430_4.3.5\lib\</path>
         <kind>archive</kind>
         <file>rts430.lib</file>
         <name>exit.obj</name>
      </input_file>
      <input_file id="fl-48">
         <path>c:\ti\ccsv6\tools\compiler\msp430_4.3.5\lib\</path>
         <kind>archive</kind>
         <file>rts430.lib</file>
         <name>fs_add.obj</name>
      </input_file>
      <input_file id="fl-49">
         <path>c:\ti\ccsv6\tools\compiler\msp430_4.3.5\lib\</path>
         <kind>archive</kind>
         <file>rts430.lib</file>
         <name>fs_mpy.obj</name>
      </input_file>
      <input_file id="fl-4a">
         <path>c:\ti\ccsv6\tools\compiler\msp430_4.3.5\lib\</path>
         <kind>archive</kind>
         <file>rts430.lib</file>
         <name>fs_toi.obj</name>
      </input_file>
      <input_file id="fl-4b">
         <path>c:\ti\ccsv6\tools\compiler\msp430_4.3.5\lib\</path>
         <kind>archive</kind>
         <file>rts430.lib</file>
         <name>fs_tou.obj</name>
      </input_file>
      <input_file id="fl-4c">
         <path>c:\ti\ccsv6\tools\compiler\msp430_4.3.5\lib\</path>
         <kind>archive</kind>
         <file>rts430.lib</file>
         <name>fs_utof.obj</name>
      </input_file>
      <input_file id="fl-4d">
         <path>c:\ti\ccsv6\tools\compiler\msp430_4.3.5\lib\</path>
         <kind>archive</kind>
         <file>rts430.lib</file>
         <name>int00.obj</name>
      </input_file>
      <input_file id="fl-4e">
         <path>c:\ti\ccsv6\tools\compiler\msp430_4.3.5\lib\</path>
         <kind>archive</kind>
         <file>rts430.lib</file>
         <name>int01.obj</name>
      </input_file>
      <input_file id="fl-4f">
         <path>c:\ti\ccsv6\tools\compiler\msp430_4.3.5\lib\</path>
         <kind>archive</kind>
         <file>rts430.lib</file>
         <name>int04.obj</name>
      </input_file>
      <input_file id="fl-50">
         <path>c:\ti\ccsv6\tools\compiler\msp430_4.3.5\lib\</path>
         <kind>archive</kind>
         <file>rts430.lib</file>
         <name>int08.obj</name>
      </input_file>
      <input_file id="fl-51">
         <path>c:\ti\ccsv6\tools\compiler\msp430_4.3.5\lib\</path>
         <kind>archive</kind>
         <file>rts430.lib</file>
         <name>int09.obj</name>
      </input_file>
      <input_file id="fl-52">
         <path>c:\ti\ccsv6\tools\compiler\msp430_4.3.5\lib\</path>
         <kind>archive</kind>
         <file>rts430.lib</file>
         <name>int10.obj</name>
      </input_file>
      <input_file id="fl-53">
         <path>c:\ti\ccsv6\tools\compiler\msp430_4.3.5\lib\</path>
         <kind>archive</kind>
         <file>rts430.lib</file>
         <name>int11.obj</name>
      </input_file>
      <input_file id="fl-54">
         <path>c:\ti\ccsv6\tools\compiler\msp430_4.3.5\lib\</path>
         <kind>archive</kind>
         <file>rts430.lib</file>
         <name>int12.obj</name>
      </input_file>
      <input_file id="fl-55">
         <path>c:\ti\ccsv6\tools\compiler\msp430_4.3.5\lib\</path>
         <kind>archive</kind>
         <file>rts430.lib</file>
         <name>int14.obj</name>
      </input_file>
      <input_file id="fl-56">
         <path>c:\ti\ccsv6\tools\compiler\msp430_4.3.5\lib\</path>
         <kind>archive</kind>
         <file>rts430.lib</file>
         <name>isr_trap.obj</name>
      </input_file>
      <input_file id="fl-57">
         <path>c:\ti\ccsv6\tools\compiler\msp430_4.3.5\lib\</path>
         <kind>archive</kind>
         <file>rts430.lib</file>
         <name>lsl32.obj</name>
      </input_file>
      <input_file id="fl-58">
         <path>c:\ti\ccsv6\tools\compiler\msp430_4.3.5\lib\</path>
         <kind>archive</kind>
         <file>rts430.lib</file>
         <name>lsr16.obj</name>
      </input_file>
      <input_file id="fl-59">
         <path>c:\ti\ccsv6\tools\compiler\msp430_4.3.5\lib\</path>
         <kind>archive</kind>
         <file>rts430.lib</file>
         <name>lsr32.obj</name>
      </input_file>
      <input_file id="fl-5a">
         <path>c:\ti\ccsv6\tools\compiler\msp430_4.3.5\lib\</path>
         <kind>archive</kind>
         <file>rts430.lib</file>
         <name>memcmp.obj</name>
      </input_file>
      <input_file id="fl-5b">
         <path>c:\ti\ccsv6\tools\compiler\msp430_4.3.5\lib\</path>
         <kind>archive</kind>
         <file>rts430.lib</file>
         <name>memcpy.obj</name>
      </input_file>
      <input_file id="fl-5c">
         <path>c:\ti\ccsv6\tools\compiler\msp430_4.3.5\lib\</path>
         <kind>archive</kind>
         <file>rts430.lib</file>
         <name>memset.obj</name>
      </input_file>
      <input_file id="fl-5d">
         <path>c:\ti\ccsv6\tools\compiler\msp430_4.3.5\lib\</path>
         <kind>archive</kind>
         <file>rts430.lib</file>
         <name>mpu_init.obj</name>
      </input_file>
      <input_file id="fl-5e">
         <path>c:\ti\ccsv6\tools\compiler\msp430_4.3.5\lib\</path>
         <kind>archive</kind>
         <file>rts430.lib</file>
         <name>mult16.obj</name>
      </input_file>
      <input_file id="fl-5f">
         <path>c:\ti\ccsv6\tools\compiler\msp430_4.3.5\lib\</path>
         <kind>archive</kind>
         <file>rts430.lib</file>
         <name>mult32.obj</name>
      </input_file>
      <input_file id="fl-60">
         <path>c:\ti\ccsv6\tools\compiler\msp430_4.3.5\lib\</path>
         <kind>archive</kind>
         <file>rts430.lib</file>
         <name>pre_init.obj</name>
      </input_file>
      <input_file id="fl-61">
         <path>c:\ti\ccsv6\tools\compiler\msp430_4.3.5\lib\</path>
         <kind>archive</kind>
         <file>rts430.lib</file>
         <name>_lock.obj</name>
      </input_file>
      <input_file id="fl-62">
         <path>c:\ti\ccsv6\tools\compiler\msp430_4.3.5\lib\</path>
         <kind>archive</kind>
         <file>rts430.lib</file>
         <name>args_main.obj</name>
      </input_file>
      <input_file id="fl-63">
         <path>c:\ti\ccsv6\tools\compiler\msp430_4.3.5\lib\</path>
         <kind>archive</kind>
         <file>rts430.lib</file>
         <name>autoinit.obj</name>
      </input_file>
   </input_file_list>
   <object_component_list>
      <object_component id="oc-2e">
         <name>.bss</name>
         <uninitialized>true</uninitialized>
         <run_address>0x290</run_address>
         <size>0x7c</size>
         <input_file_ref idref="fl-2"/>
      </object_component>
      <object_component id="oc-3b">
         <name>.bss</name>
         <uninitialized>true</uninitialized>
         <run_address>0x33c</run_address>
         <size>0x26</size>
         <input_file_ref idref="fl-4"/>
      </object_component>
      <object_component id="oc-42">
         <name>.bss</name>
         <uninitialized>true</uninitialized>
         <run_address>0x200</run_address>
         <size>0x90</size>
         <input_file_ref idref="fl-5"/>
      </object_component>
      <object_component id="oc-48">
         <name>.bss</name>
         <uninitialized>true</uninitialized>
         <run_address>0x36b</run_address>
         <size>0x1</size>
         <input_file_ref idref="fl-6"/>
      </object_component>
      <object_component id="oc-4f">
         <name>.bss</name>
         <uninitialized>true</uninitialized>
         <run_address>0x36c</run_address>
         <size>0x8</size>
         <input_file_ref idref="fl-7"/>
      </object_component>
      <object_component id="oc-56">
         <name>.bss</name>
         <uninitialized>true</uninitialized>
         <run_address>0x362</run_address>
         <size>0x9</size>
         <input_file_ref idref="fl-8"/>
      </object_component>
      <object_component id="oc-5e">
         <name>.bss</name>
         <uninitialized>true</uninitialized>
         <run_address>0x38f</run_address>
         <size>0x2</size>
         <input_file_ref idref="fl-9"/>
      </object_component>
      <object_component id="oc-6a">
         <name>.bss</name>
         <uninitialized>true</uninitialized>
         <run_address>0x374</run_address>
         <size>0x7</size>
         <input_file_ref idref="fl-b"/>
      </object_component>
      <object_component id="oc-71">
         <name>.bss</name>
         <uninitialized>true</uninitialized>
         <run_address>0x37c</run_address>
         <size>0x7</size>
         <input_file_ref idref="fl-c"/>
      </object_component>
      <object_component id="oc-78">
         <name>.bss</name>
         <uninitialized>true</uninitialized>
         <run_address>0x38c</run_address>
         <size>0x3</size>
         <input_file_ref idref="fl-d"/>
      </object_component>
      <object_component id="oc-7f">
         <name>.bss</name>
         <uninitialized>true</uninitialized>
         <run_address>0x37b</run_address>
         <size>0x1</size>
         <input_file_ref idref="fl-e"/>
      </object_component>
      <object_component id="oc-8b">
         <name>.bss</name>
         <uninitialized>true</uninitialized>
         <run_address>0x30c</run_address>
         <size>0x30</size>
         <input_file_ref idref="fl-10"/>
      </object_component>
      <object_component id="oc-9b">
         <name>.bss</name>
         <uninitialized>true</uninitialized>
         <run_address>0x388</run_address>
         <size>0x4</size>
         <input_file_ref idref="fl-3f"/>
      </object_component>
      <object_component id="oc-118">
         <name>.bss</name>
         <uninitialized>true</uninitialized>
         <run_address>0x384</run_address>
         <size>0x4</size>
         <input_file_ref idref="fl-61"/>
      </object_component>
      <object_component id="oc-9d">
         <name>.stack</name>
         <uninitialized>true</uninitialized>
         <run_address>0x5b0</run_address>
         <size>0x2</size>
         <input_file_ref idref="fl-3f"/>
      </object_component>
      <object_component id="oc-1e7">
         <name>.stack</name>
         <uninitialized>true</uninitialized>
         <run_address>0x5b0</run_address>
         <size>0x0</size>
      </object_component>
      <object_component id="oc-13c">
         <name>.text:linkTo</name>
         <load_address>0x8000</load_address>
         <run_address>0x8000</run_address>
         <size>0x490</size>
         <input_file_ref idref="fl-2"/>
      </object_component>
      <object_component id="oc-18d">
         <name>.text:status_indicator</name>
         <load_address>0x8490</load_address>
         <run_address>0x8490</run_address>
         <size>0x1a2</size>
         <input_file_ref idref="fl-2"/>
      </object_component>
      <object_component id="oc-148">
         <name>.text:MRFI_Init</name>
         <load_address>0x8632</load_address>
         <run_address>0x8632</run_address>
         <size>0x196</size>
         <input_file_ref idref="fl-10"/>
      </object_component>
      <object_component id="oc-131">
         <name>.text:main</name>
         <load_address>0x87c8</load_address>
         <run_address>0x87c8</run_address>
         <size>0x170</size>
         <input_file_ref idref="fl-2"/>
      </object_component>
      <object_component id="oc-1bb">
         <name>.text:smpl_send_link_reply</name>
         <load_address>0x8938</load_address>
         <run_address>0x8938</run_address>
         <size>0x16c</size>
         <input_file_ref idref="fl-c"/>
      </object_component>
      <object_component id="oc-18c">
         <name>.text:nwk_link</name>
         <load_address>0x8aa4</load_address>
         <run_address>0x8aa4</run_address>
         <size>0x14a</size>
         <input_file_ref idref="fl-c"/>
      </object_component>
      <object_component id="oc-19d">
         <name>.text:nwk_QfindOldest</name>
         <load_address>0x8bee</load_address>
         <run_address>0x8bee</run_address>
         <size>0x134</size>
         <input_file_ref idref="fl-5"/>
      </object_component>
      <object_component id="oc-ca">
         <name>.text</name>
         <load_address>0x8d22</load_address>
         <run_address>0x8d22</run_address>
         <size>0x130</size>
         <input_file_ref idref="fl-48"/>
      </object_component>
      <object_component id="oc-14f">
         <name>.text:nwk_join</name>
         <load_address>0x8e52</load_address>
         <run_address>0x8e52</run_address>
         <size>0x12c</size>
         <input_file_ref idref="fl-b"/>
      </object_component>
      <object_component id="oc-19c">
         <name>.text:MRFI_Transmit</name>
         <load_address>0x8f7e</load_address>
         <run_address>0x8f7e</run_address>
         <size>0x102</size>
         <input_file_ref idref="fl-10"/>
      </object_component>
      <object_component id="oc-172">
         <name>.text:nwk_scanForChannels</name>
         <load_address>0x9080</load_address>
         <run_address>0x9080</run_address>
         <size>0xfe</size>
         <input_file_ref idref="fl-9"/>
      </object_component>
      <object_component id="oc-13d">
         <name>.text:Mrfi_SyncPinRxIsr</name>
         <load_address>0x917e</load_address>
         <run_address>0x917e</run_address>
         <size>0xd8</size>
         <input_file_ref idref="fl-10"/>
      </object_component>
      <object_component id="oc-1a6">
         <name>.text:nwk_allocateLocalRxPort</name>
         <load_address>0x9256</load_address>
         <run_address>0x9256</run_address>
         <size>0xd6</size>
         <input_file_ref idref="fl-4"/>
      </object_component>
      <object_component id="oc-cf">
         <name>.text</name>
         <load_address>0x932c</load_address>
         <run_address>0x932c</run_address>
         <size>0xc2</size>
         <input_file_ref idref="fl-49"/>
      </object_component>
      <object_component id="oc-36">
         <name>.text</name>
         <load_address>0x93ee</load_address>
         <run_address>0x93ee</run_address>
         <size>0xba</size>
         <input_file_ref idref="fl-3"/>
      </object_component>
      <object_component id="oc-12b">
         <name>.text:USCIAB0TX_ISR</name>
         <load_address>0x94a8</load_address>
         <run_address>0x94a8</run_address>
         <size>0xb0</size>
         <input_file_ref idref="fl-2"/>
      </object_component>
      <object_component id="oc-171">
         <name>.text:nwk_retrieveFrame</name>
         <load_address>0x9558</load_address>
         <run_address>0x9558</run_address>
         <size>0xac</size>
         <input_file_ref idref="fl-7"/>
      </object_component>
      <object_component id="oc-199">
         <name>.text:dispatchFrame</name>
         <load_address>0x9604</load_address>
         <run_address>0x9604</run_address>
         <size>0xa6</size>
         <input_file_ref idref="fl-7"/>
      </object_component>
      <object_component id="oc-138">
         <name>.text:SMPL_Ioctl</name>
         <load_address>0x96aa</load_address>
         <run_address>0x96aa</run_address>
         <size>0xa2</size>
         <input_file_ref idref="fl-6"/>
      </object_component>
      <object_component id="oc-1a5">
         <name>.text:nwk_getNextConnection</name>
         <load_address>0x974c</load_address>
         <run_address>0x974c</run_address>
         <size>0x98</size>
         <input_file_ref idref="fl-4"/>
      </object_component>
      <object_component id="oc-128">
         <name>.text:Port_1</name>
         <load_address>0x97e4</load_address>
         <run_address>0x97e4</run_address>
         <size>0x96</size>
         <input_file_ref idref="fl-2"/>
      </object_component>
      <object_component id="oc-16f">
         <name>.text:nwk_buildFrame</name>
         <load_address>0x987a</load_address>
         <run_address>0x987a</run_address>
         <size>0x8c</size>
         <input_file_ref idref="fl-7"/>
      </object_component>
      <object_component id="oc-197">
         <name>.text:nwk_QfindSlot</name>
         <load_address>0x9906</load_address>
         <run_address>0x9906</run_address>
         <size>0x82</size>
         <input_file_ref idref="fl-5"/>
      </object_component>
      <object_component id="oc-196">
         <name>.text:spiBurstFifoAccess</name>
         <load_address>0x9988</load_address>
         <run_address>0x9988</run_address>
         <size>0x82</size>
         <input_file_ref idref="fl-10"/>
      </object_component>
      <object_component id="oc-15e">
         <name>.text:ADXL362_Read_XYZ_Reg_Hi_Res</name>
         <load_address>0x9a0a</load_address>
         <run_address>0x9a0a</run_address>
         <size>0x78</size>
         <input_file_ref idref="fl-2"/>
      </object_component>
      <object_component id="oc-142">
         <name>.text:nwk_radioControl</name>
         <load_address>0x9a82</load_address>
         <run_address>0x9a82</run_address>
         <size>0x78</size>
         <input_file_ref idref="fl-a"/>
      </object_component>
      <object_component id="oc-15b">
         <name>.text:ReadPressure</name>
         <load_address>0x9afa</load_address>
         <run_address>0x9afa</run_address>
         <size>0x6e</size>
         <input_file_ref idref="fl-2"/>
      </object_component>
      <object_component id="oc-1ba">
         <name>.text:smpl_send_unlink_reply</name>
         <load_address>0x9b68</load_address>
         <run_address>0x9b68</run_address>
         <size>0x6e</size>
         <input_file_ref idref="fl-c"/>
      </object_component>
      <object_component id="oc-137">
         <name>.text:createRandomAddress</name>
         <load_address>0x9bd6</load_address>
         <run_address>0x9bd6</run_address>
         <size>0x6a</size>
         <input_file_ref idref="fl-2"/>
      </object_component>
      <object_component id="oc-149">
         <name>.text:nwk_nwkInit</name>
         <load_address>0x9c40</load_address>
         <run_address>0x9c40</run_address>
         <size>0x6a</size>
         <input_file_ref idref="fl-4"/>
      </object_component>
      <object_component id="oc-160">
         <name>.text:SMPL_Send</name>
         <load_address>0x9caa</load_address>
         <run_address>0x9caa</run_address>
         <size>0x68</size>
         <input_file_ref idref="fl-6"/>
      </object_component>
      <object_component id="oc-d4">
         <name>.text</name>
         <load_address>0x9d12</load_address>
         <run_address>0x9d12</run_address>
         <size>0x68</size>
         <input_file_ref idref="fl-4a"/>
      </object_component>
      <object_component id="oc-1ab">
         <name>.text:nwk_isConnectionValid</name>
         <load_address>0x9d7a</load_address>
         <run_address>0x9d7a</run_address>
         <size>0x64</size>
         <input_file_ref idref="fl-4"/>
      </object_component>
      <object_component id="oc-153">
         <name>.text:I2C_Slave_Test</name>
         <load_address>0x9dde</load_address>
         <run_address>0x9dde</run_address>
         <size>0x60</size>
         <input_file_ref idref="fl-2"/>
      </object_component>
      <object_component id="oc-15f">
         <name>.text:l_lsr_const</name>
         <load_address>0x9e3e</load_address>
         <run_address>0x9e3e</run_address>
         <size>0x5c</size>
         <input_file_ref idref="fl-59"/>
      </object_component>
      <object_component id="oc-bc">
         <name>.text</name>
         <load_address>0x9e9a</load_address>
         <run_address>0x9e9a</run_address>
         <size>0x58</size>
         <input_file_ref idref="fl-45"/>
      </object_component>
      <object_component id="oc-14a">
         <name>.text:MRFI_WakeUp</name>
         <load_address>0x9ef2</load_address>
         <run_address>0x9ef2</run_address>
         <size>0x54</size>
         <input_file_ref idref="fl-10"/>
      </object_component>
      <object_component id="oc-143">
         <name>.text:nwk_rawSend</name>
         <load_address>0x9f46</load_address>
         <run_address>0x9f46</run_address>
         <size>0x54</size>
         <input_file_ref idref="fl-a"/>
      </object_component>
      <object_component id="oc-158">
         <name>.text:ADXL362_ReadID</name>
         <load_address>0x9f9a</load_address>
         <run_address>0x9f9a</run_address>
         <size>0x4c</size>
         <input_file_ref idref="fl-2"/>
      </object_component>
      <object_component id="oc-ec">
         <name>.text</name>
         <load_address>0x9fe6</load_address>
         <run_address>0x9fe6</run_address>
         <size>0x4c</size>
         <input_file_ref idref="fl-58"/>
      </object_component>
      <object_component id="oc-191">
         <name>.text:SHT21_Read_Data</name>
         <load_address>0xa032</load_address>
         <run_address>0xa032</run_address>
         <size>0x4a</size>
         <input_file_ref idref="fl-2"/>
      </object_component>
      <object_component id="oc-1be">
         <name>.text:nwk_findPeer</name>
         <load_address>0xa07c</load_address>
         <run_address>0xa07c</run_address>
         <size>0x4a</size>
         <input_file_ref idref="fl-4"/>
      </object_component>
      <object_component id="oc-130">
         <name>.text:_auto_init</name>
         <load_address>0xa0c6</load_address>
         <run_address>0xa0c6</run_address>
         <size>0x48</size>
         <input_file_ref idref="fl-63"/>
      </object_component>
      <object_component id="oc-133">
         <name>.text:display_mode</name>
         <load_address>0xa10e</load_address>
         <run_address>0xa10e</run_address>
         <size>0x48</size>
         <input_file_ref idref="fl-2"/>
      </object_component>
      <object_component id="oc-167">
         <name>.text:mrfiSpiCmdStrobe</name>
         <load_address>0xa156</load_address>
         <run_address>0xa156</run_address>
         <size>0x48</size>
         <input_file_ref idref="fl-10"/>
      </object_component>
      <object_component id="oc-154">
         <name>.text:I2C_Read_Register</name>
         <load_address>0xa19e</load_address>
         <run_address>0xa19e</run_address>
         <size>0x46</size>
         <input_file_ref idref="fl-2"/>
      </object_component>
      <object_component id="oc-164">
         <name>.text:MRFI_RxAddrIsFiltered</name>
         <load_address>0xa1e4</load_address>
         <run_address>0xa1e4</run_address>
         <size>0x46</size>
         <input_file_ref idref="fl-10"/>
      </object_component>
      <object_component id="oc-1bf">
         <name>.text:nwk_isLinkDuplicate</name>
         <load_address>0xa22a</load_address>
         <run_address>0xa22a</run_address>
         <size>0x46</size>
         <input_file_ref idref="fl-4"/>
      </object_component>
      <object_component id="oc-d9">
         <name>.text</name>
         <load_address>0xa270</load_address>
         <run_address>0xa270</run_address>
         <size>0x46</size>
         <input_file_ref idref="fl-4b"/>
      </object_component>
      <object_component id="oc-1b9">
         <name>.text:smpl_send_ping_reply</name>
         <load_address>0xa2b6</load_address>
         <run_address>0xa2b6</run_address>
         <size>0x46</size>
         <input_file_ref idref="fl-e"/>
      </object_component>
      <object_component id="oc-16d">
         <name>.text:MRFI_Rssi</name>
         <load_address>0xa2fc</load_address>
         <run_address>0xa2fc</run_address>
         <size>0x44</size>
         <input_file_ref idref="fl-10"/>
      </object_component>
      <object_component id="oc-13a">
         <name>.text:SMPL_Init</name>
         <load_address>0xa340</load_address>
         <run_address>0xa340</run_address>
         <size>0x42</size>
         <input_file_ref idref="fl-6"/>
      </object_component>
      <object_component id="oc-13b">
         <name>.text:get_voltage</name>
         <load_address>0xa382</load_address>
         <run_address>0xa382</run_address>
         <size>0x42</size>
         <input_file_ref idref="fl-2"/>
      </object_component>
      <object_component id="oc-195">
         <name>.text:spiRegAccess</name>
         <load_address>0xa3c4</load_address>
         <run_address>0xa3c4</run_address>
         <size>0x42</size>
         <input_file_ref idref="fl-10"/>
      </object_component>
      <object_component id="oc-150">
         <name>.text:l_asr_const</name>
         <load_address>0xa406</load_address>
         <run_address>0xa406</run_address>
         <size>0x3e</size>
         <input_file_ref idref="fl-3e"/>
      </object_component>
      <object_component id="oc-190">
         <name>.text:l_lsl_const</name>
         <load_address>0xa444</load_address>
         <run_address>0xa444</run_address>
         <size>0x3e</size>
         <input_file_ref idref="fl-57"/>
      </object_component>
      <object_component id="oc-189">
         <name>.text:MRFI_ReplyDelay</name>
         <load_address>0xa482</load_address>
         <run_address>0xa482</run_address>
         <size>0x3c</size>
         <input_file_ref idref="fl-10"/>
      </object_component>
      <object_component id="oc-145">
         <name>.text:nwk_freqControl</name>
         <load_address>0xa4be</load_address>
         <run_address>0xa4be</run_address>
         <size>0x3a</size>
         <input_file_ref idref="fl-9"/>
      </object_component>
      <object_component id="oc-1b5">
         <name>.text:nwk_isValidReply</name>
         <load_address>0xa4f8</load_address>
         <run_address>0xa4f8</run_address>
         <size>0x3a</size>
         <input_file_ref idref="fl-4"/>
      </object_component>
      <object_component id="oc-1b4">
         <name>.text:nwk_processMgmt</name>
         <load_address>0xa532</load_address>
         <run_address>0xa532</run_address>
         <size>0x3a</size>
         <input_file_ref idref="fl-d"/>
      </object_component>
      <object_component id="oc-1a1">
         <name>.text:BSP_Delay</name>
         <load_address>0xa56c</load_address>
         <run_address>0xa56c</run_address>
         <size>0x38</size>
         <input_file_ref idref="fl-11"/>
      </object_component>
      <object_component id="oc-155">
         <name>.text:SPI_Init</name>
         <load_address>0xa5a4</load_address>
         <run_address>0xa5a4</run_address>
         <size>0x38</size>
         <input_file_ref idref="fl-2"/>
      </object_component>
      <object_component id="oc-14d">
         <name>.text:MRFI_SetRxAddrFilter</name>
         <load_address>0xa5dc</load_address>
         <run_address>0xa5dc</run_address>
         <size>0x34</size>
         <input_file_ref idref="fl-10"/>
      </object_component>
      <object_component id="oc-176">
         <name>.text:mrfiSpiInit</name>
         <load_address>0xa610</load_address>
         <run_address>0xa610</run_address>
         <size>0x34</size>
         <input_file_ref idref="fl-10"/>
      </object_component>
      <object_component id="oc-141">
         <name>.text:nwk_deviceAddress</name>
         <load_address>0xa644</load_address>
         <run_address>0xa644</run_address>
         <size>0x34</size>
         <input_file_ref idref="fl-a"/>
      </object_component>
      <object_component id="oc-19f">
         <name>.text:nwk_getAPAddress</name>
         <load_address>0xa678</load_address>
         <run_address>0xa678</run_address>
         <size>0x34</size>
         <input_file_ref idref="fl-8"/>
      </object_component>
      <object_component id="oc-17a">
         <name>.text:MRFI_SetLogicalChannel</name>
         <load_address>0xa6ac</load_address>
         <run_address>0xa6ac</run_address>
         <size>0x32</size>
         <input_file_ref idref="fl-10"/>
      </object_component>
      <object_component id="oc-1a4">
         <name>.text:Mrfi_DelayUsecSem</name>
         <load_address>0xa6de</load_address>
         <run_address>0xa6de</run_address>
         <size>0x32</size>
         <input_file_ref idref="fl-10"/>
      </object_component>
      <object_component id="oc-12c">
         <name>.text:USCIAB0RX_ISR</name>
         <load_address>0xa710</load_address>
         <run_address>0xa710</run_address>
         <size>0x32</size>
         <input_file_ref idref="fl-2"/>
      </object_component>
      <object_component id="oc-19e">
         <name>.text:nwk_QadjustOrder</name>
         <load_address>0xa742</load_address>
         <run_address>0xa742</run_address>
         <size>0x32</size>
         <input_file_ref idref="fl-5"/>
      </object_component>
      <object_component id="oc-168">
         <name>.text:nwk_getConnInfo</name>
         <load_address>0xa774</load_address>
         <run_address>0xa774</run_address>
         <size>0x32</size>
         <input_file_ref idref="fl-4"/>
      </object_component>
      <object_component id="oc-1b3">
         <name>.text:nwk_processFreq</name>
         <load_address>0xa7a6</load_address>
         <run_address>0xa7a6</run_address>
         <size>0x32</size>
         <input_file_ref idref="fl-9"/>
      </object_component>
      <object_component id="oc-193">
         <name>.text:SHT21_T_Calib</name>
         <load_address>0xa7d8</load_address>
         <run_address>0xa7d8</run_address>
         <size>0x30</size>
         <input_file_ref idref="fl-2"/>
      </object_component>
      <object_component id="oc-19a">
         <name>.text:map_lid2idx</name>
         <load_address>0xa808</load_address>
         <run_address>0xa808</run_address>
         <size>0x30</size>
         <input_file_ref idref="fl-4"/>
      </object_component>
      <object_component id="oc-144">
         <name>.text:nwk_rawReceive</name>
         <load_address>0xa838</load_address>
         <run_address>0xa838</run_address>
         <size>0x30</size>
         <input_file_ref idref="fl-a"/>
      </object_component>
      <object_component id="oc-170">
         <name>.text:nwk_sendFrame</name>
         <load_address>0xa868</load_address>
         <run_address>0xa868</run_address>
         <size>0x30</size>
         <input_file_ref idref="fl-7"/>
      </object_component>
      <object_component id="oc-157">
         <name>.text:ADXL362_Write_Register</name>
         <load_address>0xa898</load_address>
         <run_address>0xa898</run_address>
         <size>0x2e</size>
         <input_file_ref idref="fl-2"/>
      </object_component>
      <object_component id="oc-152">
         <name>.text:I2C_Init</name>
         <load_address>0xa8c6</load_address>
         <run_address>0xa8c6</run_address>
         <size>0x2e</size>
         <input_file_ref idref="fl-2"/>
      </object_component>
      <object_component id="oc-15a">
         <name>.text:I2C_Write_Register</name>
         <load_address>0xa8f4</load_address>
         <run_address>0xa8f4</run_address>
         <size>0x2e</size>
         <input_file_ref idref="fl-2"/>
      </object_component>
      <object_component id="oc-165">
         <name>.text:Mrfi_CalculateRssi</name>
         <load_address>0xa922</load_address>
         <run_address>0xa922</run_address>
         <size>0x2e</size>
         <input_file_ref idref="fl-10"/>
      </object_component>
      <object_component id="oc-177">
         <name>.text:Mrfi_DelayUsec</name>
         <load_address>0xa950</load_address>
         <run_address>0xa950</run_address>
         <size>0x2c</size>
         <input_file_ref idref="fl-10"/>
      </object_component>
      <object_component id="oc-17b">
         <name>.text:Mrfi_RxModeOff</name>
         <load_address>0xa97c</load_address>
         <run_address>0xa97c</run_address>
         <size>0x2c</size>
         <input_file_ref idref="fl-10"/>
      </object_component>
      <object_component id="oc-192">
         <name>.text:SHT21_RH_Calib</name>
         <load_address>0xa9a8</load_address>
         <run_address>0xa9a8</run_address>
         <size>0x2c</size>
         <input_file_ref idref="fl-2"/>
      </object_component>
      <object_component id="oc-1b7">
         <name>.text:handleLinkRequest</name>
         <load_address>0xa9d4</load_address>
         <run_address>0xa9d4</run_address>
         <size>0x2c</size>
         <input_file_ref idref="fl-c"/>
      </object_component>
      <object_component id="oc-17d">
         <name>.text:nwk_globalsInit</name>
         <load_address>0xaa00</load_address>
         <run_address>0xaa00</run_address>
         <size>0x2c</size>
         <input_file_ref idref="fl-8"/>
      </object_component>
      <object_component id="oc-b2">
         <name>.text</name>
         <load_address>0xaa2c</load_address>
         <run_address>0xaa2c</run_address>
         <size>0x2c</size>
         <input_file_ref idref="fl-43"/>
      </object_component>
      <object_component id="oc-194">
         <name>.text:nwk_checkConnInfo</name>
         <load_address>0xaa58</load_address>
         <run_address>0xaa58</run_address>
         <size>0x2a</size>
         <input_file_ref idref="fl-4"/>
      </object_component>
      <object_component id="oc-1af">
         <name>.text:nwk_processPing</name>
         <load_address>0xaa82</load_address>
         <run_address>0xaa82</run_address>
         <size>0x28</size>
         <input_file_ref idref="fl-e"/>
      </object_component>
      <object_component id="oc-1ae">
         <name>.text:Mrfi_RandomBackoffDelay</name>
         <load_address>0xaaaa</load_address>
         <run_address>0xaaaa</run_address>
         <size>0x26</size>
         <input_file_ref idref="fl-10"/>
      </object_component>
      <object_component id="oc-2d">
         <name>.text:_c_int00_noexit</name>
         <load_address>0xaad0</load_address>
         <run_address>0xaad0</run_address>
         <size>0x26</size>
         <input_file_ref idref="fl-3f"/>
      </object_component>
      <object_component id="oc-159">
         <name>.text:delay</name>
         <load_address>0xaaf6</load_address>
         <run_address>0xaaf6</run_address>
         <size>0x26</size>
         <input_file_ref idref="fl-2"/>
      </object_component>
      <object_component id="oc-140">
         <name>.text:nwk_connectionControl</name>
         <load_address>0xab1c</load_address>
         <run_address>0xab1c</run_address>
         <size>0x26</size>
         <input_file_ref idref="fl-a"/>
      </object_component>
      <object_component id="oc-184">
         <name>.text:nwk_linkInit</name>
         <load_address>0xab42</load_address>
         <run_address>0xab42</run_address>
         <size>0x26</size>
         <input_file_ref idref="fl-c"/>
      </object_component>
      <object_component id="oc-1b0">
         <name>.text:nwk_processLink</name>
         <load_address>0xab68</load_address>
         <run_address>0xab68</run_address>
         <size>0x26</size>
         <input_file_ref idref="fl-c"/>
      </object_component>
      <object_component id="oc-10e">
         <name>.text</name>
         <load_address>0xab8e</load_address>
         <run_address>0xab8e</run_address>
         <size>0x26</size>
         <input_file_ref idref="fl-5f"/>
      </object_component>
      <object_component id="oc-16e">
         <name>.text:MRFI_Sleep</name>
         <load_address>0xabb4</load_address>
         <run_address>0xabb4</run_address>
         <size>0x24</size>
         <input_file_ref idref="fl-10"/>
      </object_component>
      <object_component id="oc-de">
         <name>.text</name>
         <load_address>0xabd8</load_address>
         <run_address>0xabd8</run_address>
         <size>0x24</size>
         <input_file_ref idref="fl-4c"/>
      </object_component>
      <object_component id="oc-146">
         <name>.text:BSP_InitBoard</name>
         <load_address>0xabfc</load_address>
         <run_address>0xabfc</run_address>
         <size>0x22</size>
         <input_file_ref idref="fl-11"/>
      </object_component>
      <object_component id="oc-14e">
         <name>.text:MRFI_EnableRxAddrFilter</name>
         <load_address>0xac1e</load_address>
         <run_address>0xac1e</run_address>
         <size>0x22</size>
         <input_file_ref idref="fl-10"/>
      </object_component>
      <object_component id="oc-16c">
         <name>.text:MRFI_RxOn</name>
         <load_address>0xac40</load_address>
         <run_address>0xac40</run_address>
         <size>0x22</size>
         <input_file_ref idref="fl-10"/>
      </object_component>
      <object_component id="oc-1b8">
         <name>.text:handle_freq_cmd</name>
         <load_address>0xac62</load_address>
         <run_address>0xac62</run_address>
         <size>0x22</size>
         <input_file_ref idref="fl-9"/>
      </object_component>
      <object_component id="oc-1a0">
         <name>.text:memcmp</name>
         <load_address>0xac84</load_address>
         <run_address>0xac84</run_address>
         <size>0x22</size>
         <input_file_ref idref="fl-5a"/>
      </object_component>
      <object_component id="oc-139">
         <name>.text:BSP_Init</name>
         <load_address>0xaca6</load_address>
         <run_address>0xaca6</run_address>
         <size>0x20</size>
         <input_file_ref idref="fl-11"/>
      </object_component>
      <object_component id="oc-166">
         <name>.text:MRFI_RxCompleteISR</name>
         <load_address>0xacc6</load_address>
         <run_address>0xacc6</run_address>
         <size>0x20</size>
         <input_file_ref idref="fl-7"/>
      </object_component>
      <object_component id="oc-16b">
         <name>.text:MRFI_RxIdle</name>
         <load_address>0xace6</load_address>
         <run_address>0xace6</run_address>
         <size>0x20</size>
         <input_file_ref idref="fl-10"/>
      </object_component>
      <object_component id="oc-1b1">
         <name>.text:nwk_processJoin</name>
         <load_address>0xad06</load_address>
         <run_address>0xad06</run_address>
         <size>0x20</size>
         <input_file_ref idref="fl-b"/>
      </object_component>
      <object_component id="oc-161">
         <name>.text:mrfiSpiReadReg</name>
         <load_address>0xad26</load_address>
         <run_address>0xad26</run_address>
         <size>0x1e</size>
         <input_file_ref idref="fl-10"/>
      </object_component>
      <object_component id="oc-17f">
         <name>.text:nwk_QInit</name>
         <load_address>0xad44</load_address>
         <run_address>0xad44</run_address>
         <size>0x1e</size>
         <input_file_ref idref="fl-5"/>
      </object_component>
      <object_component id="oc-134">
         <name>.text:MRFI_GpioIsr</name>
         <load_address>0xad62</load_address>
         <run_address>0xad62</run_address>
         <size>0x1c</size>
         <input_file_ref idref="fl-10"/>
      </object_component>
      <object_component id="oc-15c">
         <name>.text:SHT21_RH_Read</name>
         <load_address>0xad7e</load_address>
         <run_address>0xad7e</run_address>
         <size>0x1c</size>
         <input_file_ref idref="fl-2"/>
      </object_component>
      <object_component id="oc-15d">
         <name>.text:SHT21_T_Read</name>
         <load_address>0xad9a</load_address>
         <run_address>0xad9a</run_address>
         <size>0x1c</size>
         <input_file_ref idref="fl-2"/>
      </object_component>
      <object_component id="oc-14b">
         <name>.text:nwk_setChannel</name>
         <load_address>0xadb6</load_address>
         <run_address>0xadb6</run_address>
         <size>0x1c</size>
         <input_file_ref idref="fl-9"/>
      </object_component>
      <object_component id="oc-16a">
         <name>.text:nwk_setMyAddress</name>
         <load_address>0xadd2</load_address>
         <run_address>0xadd2</run_address>
         <size>0x1c</size>
         <input_file_ref idref="fl-8"/>
      </object_component>
      <object_component id="oc-129">
         <name>.text:BSP_GpioPort1Isr</name>
         <load_address>0xadee</load_address>
         <run_address>0xadee</run_address>
         <size>0x1a</size>
         <input_file_ref idref="fl-10"/>
      </object_component>
      <object_component id="oc-178">
         <name>.text:mrfiSpiWriteReg</name>
         <load_address>0xae08</load_address>
         <run_address>0xae08</run_address>
         <size>0x1a</size>
         <input_file_ref idref="fl-10"/>
      </object_component>
      <object_component id="oc-17e">
         <name>.text:nwk_frameInit</name>
         <load_address>0xae22</load_address>
         <run_address>0xae22</run_address>
         <size>0x1a</size>
         <input_file_ref idref="fl-7"/>
      </object_component>
      <object_component id="oc-182">
         <name>.text:nwk_joinInit</name>
         <load_address>0xae3c</load_address>
         <run_address>0xae3c</run_address>
         <size>0x1a</size>
         <input_file_ref idref="fl-b"/>
      </object_component>
      <object_component id="oc-1a3">
         <name>.text:MRFI_RandomByte</name>
         <load_address>0xae56</load_address>
         <run_address>0xae56</run_address>
         <size>0x16</size>
         <input_file_ref idref="fl-10"/>
      </object_component>
      <object_component id="oc-19b">
         <name>.text:Mrfi_RxModeOn</name>
         <load_address>0xae6c</load_address>
         <run_address>0xae6c</run_address>
         <size>0x16</size>
         <input_file_ref idref="fl-10"/>
      </object_component>
      <object_component id="oc-b7">
         <name>.text</name>
         <load_address>0xae82</load_address>
         <run_address>0xae82</run_address>
         <size>0x16</size>
         <input_file_ref idref="fl-44"/>
      </object_component>
      <object_component id="oc-18f">
         <name>.text:I2C_Read_Init</name>
         <load_address>0xae98</load_address>
         <run_address>0xae98</run_address>
         <size>0x14</size>
         <input_file_ref idref="fl-2"/>
      </object_component>
      <object_component id="oc-18e">
         <name>.text:I2C_Write_Init</name>
         <load_address>0xaeac</load_address>
         <run_address>0xaeac</run_address>
         <size>0x14</size>
         <input_file_ref idref="fl-2"/>
      </object_component>
      <object_component id="oc-163">
         <name>.text:memset</name>
         <load_address>0xaec0</load_address>
         <run_address>0xaec0</run_address>
         <size>0x14</size>
         <input_file_ref idref="fl-5c"/>
      </object_component>
      <object_component id="oc-109">
         <name>.text</name>
         <load_address>0xaed4</load_address>
         <run_address>0xaed4</run_address>
         <size>0x14</size>
         <input_file_ref idref="fl-5e"/>
      </object_component>
      <object_component id="oc-156">
         <name>.text:ADXL362_Present</name>
         <load_address>0xaee8</load_address>
         <run_address>0xaee8</run_address>
         <size>0x12</size>
         <input_file_ref idref="fl-2"/>
      </object_component>
      <object_component id="oc-174">
         <name>.text:BSP_InitLeds</name>
         <load_address>0xaefa</load_address>
         <run_address>0xaefa</run_address>
         <size>0x12</size>
         <input_file_ref idref="fl-11"/>
      </object_component>
      <object_component id="oc-1bd">
         <name>.text:change_channel_cmd</name>
         <load_address>0xaf0c</load_address>
         <run_address>0xaf0c</run_address>
         <size>0x12</size>
         <input_file_ref idref="fl-9"/>
      </object_component>
      <object_component id="oc-135">
         <name>.text:memcpy</name>
         <load_address>0xaf1e</load_address>
         <run_address>0xaf1e</run_address>
         <size>0x12</size>
         <input_file_ref idref="fl-5b"/>
      </object_component>
      <object_component id="oc-14c">
         <name>.text:nwk_getMyAddress</name>
         <load_address>0xaf30</load_address>
         <run_address>0xaf30</run_address>
         <size>0x12</size>
         <input_file_ref idref="fl-8"/>
      </object_component>
      <object_component id="oc-18a">
         <name>.text:nwk_setLinkToken</name>
         <load_address>0xaf42</load_address>
         <run_address>0xaf42</run_address>
         <size>0x12</size>
         <input_file_ref idref="fl-c"/>
      </object_component>
      <object_component id="oc-17c">
         <name>.text:l_asr</name>
         <load_address>0xaf54</load_address>
         <run_address>0xaf54</run_address>
         <size>0x10</size>
         <input_file_ref idref="fl-3e"/>
      </object_component>
      <object_component id="oc-136">
         <name>.text</name>
         <load_address>0xaf64</load_address>
         <run_address>0xaf64</run_address>
         <size>0x10</size>
         <input_file_ref idref="fl-46"/>
      </object_component>
      <object_component id="oc-198">
         <name>.text:MRFI_Receive</name>
         <load_address>0xaf74</load_address>
         <run_address>0xaf74</run_address>
         <size>0xe</size>
         <input_file_ref idref="fl-10"/>
      </object_component>
      <object_component id="oc-1a8">
         <name>.text:StatusBlink_led1</name>
         <load_address>0xaf82</load_address>
         <run_address>0xaf82</run_address>
         <size>0xe</size>
         <input_file_ref idref="fl-2"/>
      </object_component>
      <object_component id="oc-1a9">
         <name>.text:StatusBlink_led2</name>
         <load_address>0xaf90</load_address>
         <run_address>0xaf90</run_address>
         <size>0xe</size>
         <input_file_ref idref="fl-2"/>
      </object_component>
      <object_component id="oc-1ad">
         <name>.text:mrfiSpiWriteTxFifo</name>
         <load_address>0xaf9e</load_address>
         <run_address>0xaf9e</run_address>
         <size>0xe</size>
         <input_file_ref idref="fl-10"/>
      </object_component>
      <object_component id="oc-18b">
         <name>.text:nwk_setAPAddress</name>
         <load_address>0xafac</load_address>
         <run_address>0xafac</run_address>
         <size>0xe</size>
         <input_file_ref idref="fl-8"/>
      </object_component>
      <object_component id="oc-1ac">
         <name>.text:MRFI_PostKillSem</name>
         <load_address>0xafba</load_address>
         <run_address>0xafba</run_address>
         <size>0xc</size>
         <input_file_ref idref="fl-10"/>
      </object_component>
      <object_component id="oc-1b6">
         <name>.text:handlePingRequest</name>
         <load_address>0xafc6</load_address>
         <run_address>0xafc6</run_address>
         <size>0xc</size>
         <input_file_ref idref="fl-e"/>
      </object_component>
      <object_component id="oc-162">
         <name>.text:mrfiSpiReadRxFifo</name>
         <load_address>0xafd2</load_address>
         <run_address>0xafd2</run_address>
         <size>0xc</size>
         <input_file_ref idref="fl-10"/>
      </object_component>
      <object_component id="oc-175">
         <name>.text:BSP_InitButtons</name>
         <load_address>0xafde</load_address>
         <run_address>0xafde</run_address>
         <size>0xa</size>
         <input_file_ref idref="fl-11"/>
      </object_component>
      <object_component id="oc-147">
         <name>.text:BSP_InitDrivers</name>
         <load_address>0xafe8</load_address>
         <run_address>0xafe8</run_address>
         <size>0xa</size>
         <input_file_ref idref="fl-11"/>
      </object_component>
      <object_component id="oc-180">
         <name>.text:nwk_freqInit</name>
         <load_address>0xaff2</load_address>
         <run_address>0xaff2</run_address>
         <size>0xa</size>
         <input_file_ref idref="fl-9"/>
      </object_component>
      <object_component id="oc-183">
         <name>.text:nwk_mgmtInit</name>
         <load_address>0xaffc</load_address>
         <run_address>0xaffc</run_address>
         <size>0xa</size>
         <input_file_ref idref="fl-d"/>
      </object_component>
      <object_component id="oc-181">
         <name>.text:nwk_pingInit</name>
         <load_address>0xb006</load_address>
         <run_address>0xb006</run_address>
         <size>0xa</size>
         <input_file_ref idref="fl-e"/>
      </object_component>
      <object_component id="oc-12a">
         <name>.text:ADC10_ISR</name>
         <load_address>0xb010</load_address>
         <run_address>0xb010</run_address>
         <size>0x8</size>
         <input_file_ref idref="fl-2"/>
      </object_component>
      <object_component id="oc-12d">
         <name>.text:TimerB_ISR</name>
         <load_address>0xb018</load_address>
         <run_address>0xb018</run_address>
         <size>0x8</size>
         <input_file_ref idref="fl-2"/>
      </object_component>
      <object_component id="oc-173">
         <name>.text:nwk_getChannel</name>
         <load_address>0xb020</load_address>
         <run_address>0xb020</run_address>
         <size>0x8</size>
         <input_file_ref idref="fl-9"/>
      </object_component>
      <object_component id="oc-188">
         <name>.text:MRFI_GetRadioState</name>
         <load_address>0xb028</load_address>
         <run_address>0xb028</run_address>
         <size>0x6</size>
         <input_file_ref idref="fl-10"/>
      </object_component>
      <object_component id="oc-151">
         <name>.text:SMPL_Link</name>
         <load_address>0xb02e</load_address>
         <run_address>0xb02e</run_address>
         <size>0x6</size>
         <input_file_ref idref="fl-6"/>
      </object_component>
      <object_component id="oc-e3">
         <name>.text:_isr:__TI_ISR_TRAP</name>
         <load_address>0xb034</load_address>
         <run_address>0xb034</run_address>
         <size>0x6</size>
         <input_file_ref idref="fl-56"/>
      </object_component>
      <object_component id="oc-169">
         <name>.text:nwk_freeConnection</name>
         <load_address>0xb03a</load_address>
         <run_address>0xb03a</run_address>
         <size>0x6</size>
         <input_file_ref idref="fl-4"/>
      </object_component>
      <object_component id="oc-186">
         <name>.text:nwk_getBCastAddress</name>
         <load_address>0xb040</load_address>
         <run_address>0xb040</run_address>
         <size>0x6</size>
         <input_file_ref idref="fl-8"/>
      </object_component>
      <object_component id="oc-13f">
         <name>.text:nwk_getFWVersion</name>
         <load_address>0xb046</load_address>
         <run_address>0xb046</run_address>
         <size>0x6</size>
         <input_file_ref idref="fl-8"/>
      </object_component>
      <object_component id="oc-1a7">
         <name>.text:nwk_getMyRxType</name>
         <load_address>0xb04c</load_address>
         <run_address>0xb04c</run_address>
         <size>0x6</size>
         <input_file_ref idref="fl-7"/>
      </object_component>
      <object_component id="oc-13e">
         <name>.text:nwk_getProtocolVersion</name>
         <load_address>0xb052</load_address>
         <run_address>0xb052</run_address>
         <size>0x6</size>
         <input_file_ref idref="fl-8"/>
      </object_component>
      <object_component id="oc-12f">
         <name>.text:_system_pre_init</name>
         <load_address>0xb058</load_address>
         <run_address>0xb058</run_address>
         <size>0x4</size>
         <input_file_ref idref="fl-60"/>
      </object_component>
      <object_component id="oc-132">
         <name>.text:abort</name>
         <load_address>0xb05c</load_address>
         <run_address>0xb05c</run_address>
         <size>0x4</size>
         <input_file_ref idref="fl-47"/>
      </object_component>
      <object_component id="oc-1b2">
         <name>.text:nwk_processSecurity</name>
         <load_address>0xb060</load_address>
         <run_address>0xb060</run_address>
         <size>0x4</size>
         <input_file_ref idref="fl-f"/>
      </object_component>
      <object_component id="oc-1bc">
         <name>.text:send_ping_reply</name>
         <load_address>0xb064</load_address>
         <run_address>0xb064</run_address>
         <size>0x4</size>
         <input_file_ref idref="fl-9"/>
      </object_component>
      <object_component id="oc-12e">
         <name>.text:_nop</name>
         <load_address>0xb068</load_address>
         <run_address>0xb068</run_address>
         <size>0x2</size>
         <input_file_ref idref="fl-61"/>
      </object_component>
      <object_component id="oc-185">
         <name>.text:nwk_securityInit</name>
         <load_address>0xb06a</load_address>
         <run_address>0xb06a</run_address>
         <size>0x2</size>
         <input_file_ref idref="fl-f"/>
      </object_component>
      <object_component id="oc-30">
         <name>.cinit</name>
         <load_address>0xb06c</load_address>
         <run_address>0xb06c</run_address>
         <size>0x46</size>
         <input_file_ref idref="fl-2"/>
      </object_component>
      <object_component id="oc-73">
         <name>.cinit</name>
         <load_address>0xb0b2</load_address>
         <run_address>0xb0b2</run_address>
         <size>0x19</size>
         <input_file_ref idref="fl-c"/>
      </object_component>
      <object_component id="oc-8d">
         <name>.cinit</name>
         <load_address>0xb0cc</load_address>
         <run_address>0xb0cc</run_address>
         <size>0x17</size>
         <input_file_ref idref="fl-10"/>
      </object_component>
      <object_component id="oc-3d">
         <name>.cinit</name>
         <load_address>0xb0e4</load_address>
         <run_address>0xb0e4</run_address>
         <size>0x13</size>
         <input_file_ref idref="fl-4"/>
      </object_component>
      <object_component id="oc-6c">
         <name>.cinit</name>
         <load_address>0xb0f8</load_address>
         <run_address>0xb0f8</run_address>
         <size>0x13</size>
         <input_file_ref idref="fl-b"/>
      </object_component>
      <object_component id="oc-60">
         <name>.cinit</name>
         <load_address>0xb10c</load_address>
         <run_address>0xb10c</run_address>
         <size>0xb</size>
         <input_file_ref idref="fl-9"/>
      </object_component>
      <object_component id="oc-51">
         <name>.cinit</name>
         <load_address>0xb118</load_address>
         <run_address>0xb118</run_address>
         <size>0x6</size>
         <input_file_ref idref="fl-7"/>
      </object_component>
      <object_component id="oc-4a">
         <name>.cinit</name>
         <load_address>0xb11e</load_address>
         <run_address>0xb11e</run_address>
         <size>0x5</size>
         <input_file_ref idref="fl-6"/>
      </object_component>
      <object_component id="oc-58">
         <name>.cinit</name>
         <load_address>0xb124</load_address>
         <run_address>0xb124</run_address>
         <size>0x5</size>
         <input_file_ref idref="fl-8"/>
      </object_component>
      <object_component id="oc-7a">
         <name>.cinit</name>
         <load_address>0xb12a</load_address>
         <run_address>0xb12a</run_address>
         <size>0x5</size>
         <input_file_ref idref="fl-d"/>
      </object_component>
      <object_component id="oc-81">
         <name>.cinit</name>
         <load_address>0xb130</load_address>
         <run_address>0xb130</run_address>
         <size>0x5</size>
         <input_file_ref idref="fl-e"/>
      </object_component>
      <object_component id="oc-179">
         <name>.const:mrfiRadioCfg</name>
         <load_address>0xb138</load_address>
         <run_address>0xb138</run_address>
         <size>0x3e</size>
         <input_file_ref idref="fl-10"/>
      </object_component>
      <object_component id="oc-59">
         <name>.const</name>
         <load_address>0xb176</load_address>
         <run_address>0xb176</run_address>
         <size>0xd</size>
         <input_file_ref idref="fl-8"/>
      </object_component>
      <object_component id="oc-1aa">
         <name>.const:func</name>
         <load_address>0xb184</load_address>
         <run_address>0xb184</run_address>
         <size>0xc</size>
         <input_file_ref idref="fl-7"/>
      </object_component>
      <object_component id="oc-187">
         <name>.const:.string:mrfiBroadcastAddr</name>
         <load_address>0xb190</load_address>
         <run_address>0xb190</run_address>
         <size>0x4</size>
         <input_file_ref idref="fl-10"/>
      </object_component>
      <object_component id="oc-1a2">
         <name>.const:.string:mrfiLogicalChanTable</name>
         <load_address>0xb194</load_address>
         <run_address>0xb194</run_address>
         <size>0x4</size>
         <input_file_ref idref="fl-10"/>
      </object_component>
      <object_component id="oc-31">
         <name>.const:.string</name>
         <load_address>0xb198</load_address>
         <run_address>0xb198</run_address>
         <size>0x2</size>
         <input_file_ref idref="fl-2"/>
      </object_component>
      <object_component id="oc-1e">
         <name>.int00</name>
         <load_address>0xffe0</load_address>
         <run_address>0xffe0</run_address>
         <size>0x2</size>
         <input_file_ref idref="fl-4d"/>
      </object_component>
      <object_component id="oc-1f">
         <name>.int01</name>
         <load_address>0xffe2</load_address>
         <run_address>0xffe2</run_address>
         <size>0x2</size>
         <input_file_ref idref="fl-4e"/>
      </object_component>
      <object_component id="oc-20">
         <name>.int02</name>
         <load_address>0xffe4</load_address>
         <run_address>0xffe4</run_address>
         <size>0x2</size>
         <input_file_ref idref="fl-2"/>
      </object_component>
      <object_component id="oc-21">
         <name>.int03</name>
         <load_address>0xffe6</load_address>
         <run_address>0xffe6</run_address>
         <size>0x2</size>
         <input_file_ref idref="fl-10"/>
      </object_component>
      <object_component id="oc-22">
         <name>.int04</name>
         <load_address>0xffe8</load_address>
         <run_address>0xffe8</run_address>
         <size>0x2</size>
         <input_file_ref idref="fl-4f"/>
      </object_component>
      <object_component id="oc-23">
         <name>.int05</name>
         <load_address>0xffea</load_address>
         <run_address>0xffea</run_address>
         <size>0x2</size>
         <input_file_ref idref="fl-2"/>
      </object_component>
      <object_component id="oc-24">
         <name>.int06</name>
         <load_address>0xffec</load_address>
         <run_address>0xffec</run_address>
         <size>0x2</size>
         <input_file_ref idref="fl-2"/>
      </object_component>
      <object_component id="oc-25">
         <name>.int07</name>
         <load_address>0xffee</load_address>
         <run_address>0xffee</run_address>
         <size>0x2</size>
         <input_file_ref idref="fl-2"/>
      </object_component>
      <object_component id="oc-26">
         <name>.int08</name>
         <load_address>0xfff0</load_address>
         <run_address>0xfff0</run_address>
         <size>0x2</size>
         <input_file_ref idref="fl-50"/>
      </object_component>
      <object_component id="oc-27">
         <name>.int09</name>
         <load_address>0xfff2</load_address>
         <run_address>0xfff2</run_address>
         <size>0x2</size>
         <input_file_ref idref="fl-51"/>
      </object_component>
      <object_component id="oc-28">
         <name>.int10</name>
         <load_address>0xfff4</load_address>
         <run_address>0xfff4</run_address>
         <size>0x2</size>
         <input_file_ref idref="fl-52"/>
      </object_component>
      <object_component id="oc-29">
         <name>.int11</name>
         <load_address>0xfff6</load_address>
         <run_address>0xfff6</run_address>
         <size>0x2</size>
         <input_file_ref idref="fl-53"/>
      </object_component>
      <object_component id="oc-2a">
         <name>.int12</name>
         <load_address>0xfff8</load_address>
         <run_address>0xfff8</run_address>
         <size>0x2</size>
         <input_file_ref idref="fl-54"/>
      </object_component>
      <object_component id="oc-2b">
         <name>.int13</name>
         <load_address>0xfffa</load_address>
         <run_address>0xfffa</run_address>
         <size>0x2</size>
         <input_file_ref idref="fl-2"/>
      </object_component>
      <object_component id="oc-2c">
         <name>.int14</name>
         <load_address>0xfffc</load_address>
         <run_address>0xfffc</run_address>
         <size>0x2</size>
         <input_file_ref idref="fl-55"/>
      </object_component>
      <object_component id="oc-9e">
         <name>.reset</name>
         <load_address>0xfffe</load_address>
         <run_address>0xfffe</run_address>
         <size>0x2</size>
         <input_file_ref idref="fl-3f"/>
      </object_component>
      <object_component id="oc-2f">
         <name>.debug_info</name>
         <load_address>0x0</load_address>
         <run_address>0x0</run_address>
         <size>0x2e56</size>
         <input_file_ref idref="fl-2"/>
      </object_component>
      <object_component id="oc-37">
         <name>.debug_info</name>
         <load_address>0x2e56</load_address>
         <run_address>0x2e56</run_address>
         <size>0x153</size>
         <input_file_ref idref="fl-3"/>
      </object_component>
      <object_component id="oc-3c">
         <name>.debug_info</name>
         <load_address>0x2fa9</load_address>
         <run_address>0x2fa9</run_address>
         <size>0x1425</size>
         <input_file_ref idref="fl-4"/>
      </object_component>
      <object_component id="oc-43">
         <name>.debug_info</name>
         <load_address>0x43ce</load_address>
         <run_address>0x43ce</run_address>
         <size>0xc1e</size>
         <input_file_ref idref="fl-5"/>
      </object_component>
      <object_component id="oc-49">
         <name>.debug_info</name>
         <load_address>0x4fec</load_address>
         <run_address>0x4fec</run_address>
         <size>0x14c5</size>
         <input_file_ref idref="fl-6"/>
      </object_component>
      <object_component id="oc-50">
         <name>.debug_info</name>
         <load_address>0x64b1</load_address>
         <run_address>0x64b1</run_address>
         <size>0x1306</size>
         <input_file_ref idref="fl-7"/>
      </object_component>
      <object_component id="oc-57">
         <name>.debug_info</name>
         <load_address>0x77b7</load_address>
         <run_address>0x77b7</run_address>
         <size>0xa01</size>
         <input_file_ref idref="fl-8"/>
      </object_component>
      <object_component id="oc-5f">
         <name>.debug_info</name>
         <load_address>0x81b8</load_address>
         <run_address>0x81b8</run_address>
         <size>0x1514</size>
         <input_file_ref idref="fl-9"/>
      </object_component>
      <object_component id="oc-65">
         <name>.debug_info</name>
         <load_address>0x96cc</load_address>
         <run_address>0x96cc</run_address>
         <size>0x11f2</size>
         <input_file_ref idref="fl-a"/>
      </object_component>
      <object_component id="oc-6b">
         <name>.debug_info</name>
         <load_address>0xa8be</load_address>
         <run_address>0xa8be</run_address>
         <size>0xff7</size>
         <input_file_ref idref="fl-b"/>
      </object_component>
      <object_component id="oc-72">
         <name>.debug_info</name>
         <load_address>0xb8b5</load_address>
         <run_address>0xb8b5</run_address>
         <size>0x18c4</size>
         <input_file_ref idref="fl-c"/>
      </object_component>
      <object_component id="oc-79">
         <name>.debug_info</name>
         <load_address>0xd179</load_address>
         <run_address>0xd179</run_address>
         <size>0xa8c</size>
         <input_file_ref idref="fl-d"/>
      </object_component>
      <object_component id="oc-80">
         <name>.debug_info</name>
         <load_address>0xdc05</load_address>
         <run_address>0xdc05</run_address>
         <size>0x105c</size>
         <input_file_ref idref="fl-e"/>
      </object_component>
      <object_component id="oc-86">
         <name>.debug_info</name>
         <load_address>0xec61</load_address>
         <run_address>0xec61</run_address>
         <size>0x4b3</size>
         <input_file_ref idref="fl-f"/>
      </object_component>
      <object_component id="oc-8c">
         <name>.debug_info</name>
         <load_address>0xf114</load_address>
         <run_address>0xf114</run_address>
         <size>0x2a14</size>
         <input_file_ref idref="fl-10"/>
      </object_component>
      <object_component id="oc-92">
         <name>.debug_info</name>
         <load_address>0x11b28</load_address>
         <run_address>0x11b28</run_address>
         <size>0xb9a</size>
         <input_file_ref idref="fl-11"/>
      </object_component>
      <object_component id="oc-97">
         <name>.debug_info</name>
         <load_address>0x126c2</load_address>
         <run_address>0x126c2</run_address>
         <size>0xf1</size>
         <input_file_ref idref="fl-3e"/>
      </object_component>
      <object_component id="oc-9c">
         <name>.debug_info</name>
         <load_address>0x127b3</load_address>
         <run_address>0x127b3</run_address>
         <size>0x3d9</size>
         <input_file_ref idref="fl-3f"/>
      </object_component>
      <object_component id="oc-a3">
         <name>.debug_info</name>
         <load_address>0x12b8c</load_address>
         <run_address>0x12b8c</run_address>
         <size>0x276</size>
         <input_file_ref idref="fl-40"/>
      </object_component>
      <object_component id="oc-a8">
         <name>.debug_info</name>
         <load_address>0x12e02</load_address>
         <run_address>0x12e02</run_address>
         <size>0x21b</size>
         <input_file_ref idref="fl-41"/>
      </object_component>
      <object_component id="oc-ad">
         <name>.debug_info</name>
         <load_address>0x1301d</load_address>
         <run_address>0x1301d</run_address>
         <size>0x231</size>
         <input_file_ref idref="fl-42"/>
      </object_component>
      <object_component id="oc-b3">
         <name>.debug_info</name>
         <load_address>0x1324e</load_address>
         <run_address>0x1324e</run_address>
         <size>0xcb</size>
         <input_file_ref idref="fl-43"/>
      </object_component>
      <object_component id="oc-b8">
         <name>.debug_info</name>
         <load_address>0x13319</load_address>
         <run_address>0x13319</run_address>
         <size>0xbe</size>
         <input_file_ref idref="fl-44"/>
      </object_component>
      <object_component id="oc-bd">
         <name>.debug_info</name>
         <load_address>0x133d7</load_address>
         <run_address>0x133d7</run_address>
         <size>0xc0</size>
         <input_file_ref idref="fl-45"/>
      </object_component>
      <object_component id="oc-c1">
         <name>.debug_info</name>
         <load_address>0x13497</load_address>
         <run_address>0x13497</run_address>
         <size>0xc7</size>
         <input_file_ref idref="fl-46"/>
      </object_component>
      <object_component id="oc-c5">
         <name>.debug_info</name>
         <load_address>0x1355e</load_address>
         <run_address>0x1355e</run_address>
         <size>0x29b</size>
         <input_file_ref idref="fl-47"/>
      </object_component>
      <object_component id="oc-cb">
         <name>.debug_info</name>
         <load_address>0x137f9</load_address>
         <run_address>0x137f9</run_address>
         <size>0xc2</size>
         <input_file_ref idref="fl-48"/>
      </object_component>
      <object_component id="oc-d0">
         <name>.debug_info</name>
         <load_address>0x138bb</load_address>
         <run_address>0x138bb</run_address>
         <size>0xc2</size>
         <input_file_ref idref="fl-49"/>
      </object_component>
      <object_component id="oc-d5">
         <name>.debug_info</name>
         <load_address>0x1397d</load_address>
         <run_address>0x1397d</run_address>
         <size>0xd4</size>
         <input_file_ref idref="fl-4a"/>
      </object_component>
      <object_component id="oc-da">
         <name>.debug_info</name>
         <load_address>0x13a51</load_address>
         <run_address>0x13a51</run_address>
         <size>0xce</size>
         <input_file_ref idref="fl-4b"/>
      </object_component>
      <object_component id="oc-df">
         <name>.debug_info</name>
         <load_address>0x13b1f</load_address>
         <run_address>0x13b1f</run_address>
         <size>0xc5</size>
         <input_file_ref idref="fl-4c"/>
      </object_component>
      <object_component id="oc-e4">
         <name>.debug_info</name>
         <load_address>0x13be4</load_address>
         <run_address>0x13be4</run_address>
         <size>0xba</size>
         <input_file_ref idref="fl-56"/>
      </object_component>
      <object_component id="oc-e8">
         <name>.debug_info</name>
         <load_address>0x13c9e</load_address>
         <run_address>0x13c9e</run_address>
         <size>0xc1</size>
         <input_file_ref idref="fl-57"/>
      </object_component>
      <object_component id="oc-ed">
         <name>.debug_info</name>
         <load_address>0x13d5f</load_address>
         <run_address>0x13d5f</run_address>
         <size>0xbb</size>
         <input_file_ref idref="fl-58"/>
      </object_component>
      <object_component id="oc-f1">
         <name>.debug_info</name>
         <load_address>0x13e1a</load_address>
         <run_address>0x13e1a</run_address>
         <size>0xc1</size>
         <input_file_ref idref="fl-59"/>
      </object_component>
      <object_component id="oc-f5">
         <name>.debug_info</name>
         <load_address>0x13edb</load_address>
         <run_address>0x13edb</run_address>
         <size>0x2fd</size>
         <input_file_ref idref="fl-5a"/>
      </object_component>
      <object_component id="oc-fa">
         <name>.debug_info</name>
         <load_address>0x141d8</load_address>
         <run_address>0x141d8</run_address>
         <size>0x2ba</size>
         <input_file_ref idref="fl-5b"/>
      </object_component>
      <object_component id="oc-ff">
         <name>.debug_info</name>
         <load_address>0x14492</load_address>
         <run_address>0x14492</run_address>
         <size>0x2d5</size>
         <input_file_ref idref="fl-5c"/>
      </object_component>
      <object_component id="oc-104">
         <name>.debug_info</name>
         <load_address>0x14767</load_address>
         <run_address>0x14767</run_address>
         <size>0x270</size>
         <input_file_ref idref="fl-5d"/>
      </object_component>
      <object_component id="oc-10a">
         <name>.debug_info</name>
         <load_address>0x149d7</load_address>
         <run_address>0x149d7</run_address>
         <size>0xbe</size>
         <input_file_ref idref="fl-5e"/>
      </object_component>
      <object_component id="oc-10f">
         <name>.debug_info</name>
         <load_address>0x14a95</load_address>
         <run_address>0x14a95</run_address>
         <size>0xbe</size>
         <input_file_ref idref="fl-5f"/>
      </object_component>
      <object_component id="oc-113">
         <name>.debug_info</name>
         <load_address>0x14b53</load_address>
         <run_address>0x14b53</run_address>
         <size>0x22d</size>
         <input_file_ref idref="fl-60"/>
      </object_component>
      <object_component id="oc-119">
         <name>.debug_info</name>
         <load_address>0x14d80</load_address>
         <run_address>0x14d80</run_address>
         <size>0x249</size>
         <input_file_ref idref="fl-61"/>
      </object_component>
      <object_component id="oc-11e">
         <name>.debug_info</name>
         <load_address>0x14fc9</load_address>
         <run_address>0x14fc9</run_address>
         <size>0x288</size>
         <input_file_ref idref="fl-62"/>
      </object_component>
      <object_component id="oc-123">
         <name>.debug_info</name>
         <load_address>0x15251</load_address>
         <run_address>0x15251</run_address>
         <size>0x34f</size>
         <input_file_ref idref="fl-63"/>
      </object_component>
      <object_component id="oc-1e8">
         <name>.debug_info</name>
         <load_address>0x155a0</load_address>
         <run_address>0x155a0</run_address>
         <size>0xf0</size>
      </object_component>
      <object_component id="oc-32">
         <name>.debug_frame</name>
         <load_address>0x0</load_address>
         <run_address>0x0</run_address>
         <size>0x34e</size>
         <input_file_ref idref="fl-2"/>
      </object_component>
      <object_component id="oc-3e">
         <name>.debug_frame</name>
         <load_address>0x34e</load_address>
         <run_address>0x34e</run_address>
         <size>0x194</size>
         <input_file_ref idref="fl-4"/>
      </object_component>
      <object_component id="oc-44">
         <name>.debug_frame</name>
         <load_address>0x4e2</load_address>
         <run_address>0x4e2</run_address>
         <size>0xc4</size>
         <input_file_ref idref="fl-5"/>
      </object_component>
      <object_component id="oc-4b">
         <name>.debug_frame</name>
         <load_address>0x5a6</load_address>
         <run_address>0x5a6</run_address>
         <size>0xae</size>
         <input_file_ref idref="fl-6"/>
      </object_component>
      <object_component id="oc-52">
         <name>.debug_frame</name>
         <load_address>0x654</load_address>
         <run_address>0x654</run_address>
         <size>0x12b</size>
         <input_file_ref idref="fl-7"/>
      </object_component>
      <object_component id="oc-5a">
         <name>.debug_frame</name>
         <load_address>0x77f</load_address>
         <run_address>0x77f</run_address>
         <size>0xe0</size>
         <input_file_ref idref="fl-8"/>
      </object_component>
      <object_component id="oc-61">
         <name>.debug_frame</name>
         <load_address>0x85f</load_address>
         <run_address>0x85f</run_address>
         <size>0x13f</size>
         <input_file_ref idref="fl-9"/>
      </object_component>
      <object_component id="oc-66">
         <name>.debug_frame</name>
         <load_address>0x99e</load_address>
         <run_address>0x99e</run_address>
         <size>0xbf</size>
         <input_file_ref idref="fl-a"/>
      </object_component>
      <object_component id="oc-6d">
         <name>.debug_frame</name>
         <load_address>0xa5d</load_address>
         <run_address>0xa5d</run_address>
         <size>0x95</size>
         <input_file_ref idref="fl-b"/>
      </object_component>
      <object_component id="oc-74">
         <name>.debug_frame</name>
[...]
         <value>0xad26</value>
         <object_component_ref idref="oc-161"/>
      </symbol>
      <symbol id="sm-50b">
         <name>mrfiSpiReadRxFifo</name>
         <value>0xafd2</value>
         <object_component_ref idref="oc-162"/>
      </symbol>
      <symbol id="sm-50c">
         <name>MRFI_ReplyDelay</name>
         <value>0xa482</value>
         <object_component_ref idref="oc-189"/>
      </symbol>
      <symbol id="sm-50d">
         <name>MRFI_WakeUp</name>
         <value>0x9ef2</value>
         <object_component_ref idref="oc-14a"/>
      </symbol>
      <symbol id="sm-50e">
         <name>MRFI_Transmit</name>
         <value>0x8f7e</value>
         <object_component_ref idref="oc-19c"/>
      </symbol>
      <symbol id="sm-50f">
         <name>mrfiSpiWriteReg</name>
         <value>0xae08</value>
         <object_component_ref idref="oc-178"/>
      </symbol>
      <symbol id="sm-510">
         <name>mrfiSpiWriteTxFifo</name>
         <value>0xaf9e</value>
         <object_component_ref idref="oc-1ad"/>
      </symbol>
      <symbol id="sm-511">
         <name>MRFI_RxIdle</name>
         <value>0xace6</value>
         <object_component_ref idref="oc-16b"/>
      </symbol>
      <symbol id="sm-512">
         <name>MRFI_GetRadioState</name>
         <value>0xb028</value>
         <object_component_ref idref="oc-188"/>
      </symbol>
      <symbol id="sm-513">
         <name>MRFI_EnableRxAddrFilter</name>
         <value>0xac1e</value>
         <object_component_ref idref="oc-14e"/>
      </symbol>
      <symbol id="sm-514">
         <name>mrfiSpiInit</name>
         <value>0xa610</value>
         <object_component_ref idref="oc-176"/>
      </symbol>
      <symbol id="sm-515">
         <name>MRFI_Receive</name>
         <value>0xaf74</value>
         <object_component_ref idref="oc-198"/>
      </symbol>
      <symbol id="sm-516">
         <name>BSP_GpioPort1Isr</name>
         <value>0xadee</value>
         <object_component_ref idref="oc-129"/>
      </symbol>
      <symbol id="sm-532">
         <name>BSP_Init</name>
         <value>0xaca6</value>
         <object_component_ref idref="oc-139"/>
      </symbol>
      <symbol id="sm-533">
         <name>BSP_InitButtons</name>
         <value>0xafde</value>
         <object_component_ref idref="oc-175"/>
      </symbol>
      <symbol id="sm-534">
         <name>BSP_InitBoard</name>
         <value>0xabfc</value>
         <object_component_ref idref="oc-146"/>
      </symbol>
      <symbol id="sm-535">
         <name>BSP_InitLeds</name>
         <value>0xaefa</value>
         <object_component_ref idref="oc-174"/>
      </symbol>
      <symbol id="sm-536">
         <name>BSP_Delay</name>
         <value>0xa56c</value>
         <object_component_ref idref="oc-1a1"/>
      </symbol>
      <symbol id="sm-537">
         <name>BSP_InitDrivers</name>
         <value>0xafe8</value>
         <object_component_ref idref="oc-147"/>
      </symbol>
      <symbol id="sm-547">
         <name>L_ASR_12</name>
         <value>0xa412</value>
         <object_component_ref idref="oc-150"/>
      </symbol>
      <symbol id="sm-548">
         <name>L_ASR_13</name>
         <value>0xa40e</value>
         <object_component_ref idref="oc-150"/>
      </symbol>
      <symbol id="sm-549">
         <name>L_ASR_10</name>
         <value>0xa41a</value>
         <object_component_ref idref="oc-150"/>
      </symbol>
      <symbol id="sm-54a">
         <name>L_ASR_11</name>
         <value>0xa416</value>
         <object_component_ref idref="oc-150"/>
      </symbol>
      <symbol id="sm-54b">
         <name>L_ASR_14</name>
         <value>0xa40a</value>
         <object_component_ref idref="oc-150"/>
      </symbol>
      <symbol id="sm-54c">
         <name>L_ASR_15</name>
         <value>0xa406</value>
         <object_component_ref idref="oc-150"/>
      </symbol>
      <symbol id="sm-54d">
         <name>L_ASR_3</name>
         <value>0xa436</value>
         <object_component_ref idref="oc-150"/>
      </symbol>
      <symbol id="sm-54e">
         <name>L_ASR_2</name>
         <value>0xa43a</value>
         <object_component_ref idref="oc-150"/>
      </symbol>
      <symbol id="sm-54f">
         <name>L_ASR_1</name>
         <value>0xa43e</value>
         <object_component_ref idref="oc-150"/>
      </symbol>
      <symbol id="sm-550">
         <name>L_ASR_7</name>
         <value>0xa426</value>
         <object_component_ref idref="oc-150"/>
      </symbol>
      <symbol id="sm-551">
         <name>L_ASR_6</name>
         <value>0xa42a</value>
         <object_component_ref idref="oc-150"/>
      </symbol>
      <symbol id="sm-552">
         <name>L_ASR_5</name>
         <value>0xa42e</value>
         <object_component_ref idref="oc-150"/>
      </symbol>
      <symbol id="sm-553">
         <name>L_ASR_4</name>
         <value>0xa432</value>
         <object_component_ref idref="oc-150"/>
      </symbol>
      <symbol id="sm-554">
         <name>L_ASR_9</name>
         <value>0xa41e</value>
         <object_component_ref idref="oc-150"/>
      </symbol>
      <symbol id="sm-555">
         <name>L_ASR_8</name>
         <value>0xa422</value>
         <object_component_ref idref="oc-150"/>
      </symbol>
      <symbol id="sm-556">
         <name>L_ASR</name>
         <value>0xaf54</value>
         <object_component_ref idref="oc-17c"/>
      </symbol>
      <symbol id="sm-569">
         <name>_c_int00_noexit</name>
         <value>0xaad0</value>
         <object_component_ref idref="oc-2d"/>
      </symbol>
      <symbol id="sm-56a">
         <name>_c_int00</name>
         <value>0xaad0</value>
         <object_component_ref idref="oc-2d"/>
      </symbol>
      <symbol id="sm-56b">
         <name>_stack</name>
         <value>0x5b0</value>
         <object_component_ref idref="oc-9d"/>
      </symbol>
      <symbol id="sm-56c">
         <name>__TI_dtors_ptr</name>
         <value>0x38a</value>
         <object_component_ref idref="oc-9b"/>
      </symbol>
      <symbol id="sm-56d">
         <name>__TI_cleanup_ptr</name>
         <value>0x388</value>
         <object_component_ref idref="oc-9b"/>
      </symbol>
      <symbol id="sm-56e">
         <name>_reset_vector</name>
         <value>0xfffe</value>
         <object_component_ref idref="oc-9e"/>
      </symbol>
      <symbol id="sm-599">
         <name>__remi</name>
         <value>0xaa2c</value>
         <object_component_ref idref="oc-b2"/>
      </symbol>
      <symbol id="sm-59a">
         <name>__divi</name>
         <value>0xaa2c</value>
         <object_component_ref idref="oc-b2"/>
      </symbol>
      <symbol id="sm-5a8">
         <name>__remu</name>
         <value>0xae82</value>
         <object_component_ref idref="oc-b7"/>
      </symbol>
      <symbol id="sm-5a9">
         <name>__divu</name>
         <value>0xae82</value>
         <object_component_ref idref="oc-b7"/>
      </symbol>
      <symbol id="sm-5bb">
         <name>__divul</name>
         <value>0x9e9a</value>
         <object_component_ref idref="oc-bc"/>
      </symbol>
      <symbol id="sm-5bc">
         <name>__remul</name>
         <value>0x9e9a</value>
         <object_component_ref idref="oc-bc"/>
      </symbol>
      <symbol id="sm-5c9">
         <name>func_epilog_1</name>
         <value>0xaf70</value>
         <object_component_ref idref="oc-136"/>
      </symbol>
      <symbol id="sm-5ca">
         <name>func_epilog_2</name>
         <value>0xaf6e</value>
         <object_component_ref idref="oc-136"/>
      </symbol>
      <symbol id="sm-5cb">
         <name>func_epilog_3</name>
         <value>0xaf6c</value>
         <object_component_ref idref="oc-136"/>
      </symbol>
      <symbol id="sm-5cc">
         <name>func_epilog_4</name>
         <value>0xaf6a</value>
         <object_component_ref idref="oc-136"/>
      </symbol>
      <symbol id="sm-5cd">
         <name>func_epilog_5</name>
         <value>0xaf68</value>
         <object_component_ref idref="oc-136"/>
      </symbol>
      <symbol id="sm-5ce">
         <name>func_epilog_6</name>
         <value>0xaf66</value>
         <object_component_ref idref="oc-136"/>
      </symbol>
      <symbol id="sm-5cf">
         <name>func_epilog_7</name>
         <value>0xaf64</value>
         <object_component_ref idref="oc-136"/>
      </symbol>
      <symbol id="sm-5dc">
         <name>C$$EXIT</name>
         <value>0xb05c</value>
         <object_component_ref idref="oc-132"/>
      </symbol>
      <symbol id="sm-5dd">
         <name>abort</name>
         <value>0xb05c</value>
         <object_component_ref idref="oc-132"/>
      </symbol>
      <symbol id="sm-5de">
         <name>__TI_exit</name>
         <value>0x1</value>
      </symbol>
      <symbol id="sm-5fd">
         <name>__fs_add</name>
         <value>0x8d28</value>
         <object_component_ref idref="oc-ca"/>
      </symbol>
      <symbol id="sm-5fe">
         <name>__fs_sub</name>
         <value>0x8d22</value>
         <object_component_ref idref="oc-ca"/>
      </symbol>
      <symbol id="sm-619">
         <name>__fs_mpy</name>
         <value>0x932c</value>
         <object_component_ref idref="oc-cf"/>
      </symbol>
      <symbol id="sm-62f">
         <name>__fs_toi</name>
         <value>0x9d12</value>
         <object_component_ref idref="oc-d4"/>
      </symbol>
      <symbol id="sm-642">
         <name>__fs_tou</name>
         <value>0xa270</value>
         <object_component_ref idref="oc-d9"/>
      </symbol>
      <symbol id="sm-651">
         <name>__fs_utof</name>
         <value>0xabd8</value>
         <object_component_ref idref="oc-de"/>
      </symbol>
      <symbol id="sm-655">
         <name>__TI_int00</name>
         <value>0xffe0</value>
         <object_component_ref idref="oc-1e"/>
      </symbol>
      <symbol id="sm-659">
         <name>__TI_int01</name>
         <value>0xffe2</value>
         <object_component_ref idref="oc-1f"/>
      </symbol>
      <symbol id="sm-65d">
         <name>__TI_int04</name>
         <value>0xffe8</value>
         <object_component_ref idref="oc-22"/>
      </symbol>
      <symbol id="sm-661">
         <name>__TI_int08</name>
         <value>0xfff0</value>
         <object_component_ref idref="oc-26"/>
      </symbol>
      <symbol id="sm-665">
         <name>__TI_int09</name>
         <value>0xfff2</value>
         <object_component_ref idref="oc-27"/>
      </symbol>
      <symbol id="sm-669">
         <name>__TI_int10</name>
         <value>0xfff4</value>
         <object_component_ref idref="oc-28"/>
      </symbol>
      <symbol id="sm-66d">
         <name>__TI_int11</name>
         <value>0xfff6</value>
         <object_component_ref idref="oc-29"/>
      </symbol>
      <symbol id="sm-671">
         <name>__TI_int12</name>
         <value>0xfff8</value>
         <object_component_ref idref="oc-2a"/>
      </symbol>
      <symbol id="sm-675">
         <name>__TI_int14</name>
         <value>0xfffc</value>
         <object_component_ref idref="oc-2c"/>
      </symbol>
      <symbol id="sm-681">
         <name>__TI_ISR_TRAP</name>
         <value>0xb034</value>
         <object_component_ref idref="oc-e3"/>
      </symbol>
      <symbol id="sm-68d">
         <name>L_LSL_3</name>
         <value>0xa474</value>
         <object_component_ref idref="oc-190"/>
      </symbol>
      <symbol id="sm-68e">
         <name>L_LSL_2</name>
         <value>0xa478</value>
         <object_component_ref idref="oc-190"/>
      </symbol>
      <symbol id="sm-68f">
         <name>L_LSL_1</name>
         <value>0xa47c</value>
         <object_component_ref idref="oc-190"/>
      </symbol>
      <symbol id="sm-690">
         <name>L_LSL_7</name>
         <value>0xa464</value>
         <object_component_ref idref="oc-190"/>
      </symbol>
      <symbol id="sm-691">
         <name>L_LSL_6</name>
         <value>0xa468</value>
         <object_component_ref idref="oc-190"/>
      </symbol>
      <symbol id="sm-692">
         <name>L_LSL_5</name>
         <value>0xa46c</value>
         <object_component_ref idref="oc-190"/>
      </symbol>
      <symbol id="sm-693">
         <name>L_LSL_4</name>
         <value>0xa470</value>
         <object_component_ref idref="oc-190"/>
      </symbol>
      <symbol id="sm-694">
         <name>L_LSL_9</name>
         <value>0xa45c</value>
         <object_component_ref idref="oc-190"/>
      </symbol>
      <symbol id="sm-695">
         <name>L_LSL_8</name>
         <value>0xa460</value>
         <object_component_ref idref="oc-190"/>
      </symbol>
      <symbol id="sm-696">
         <name>L_LSL_12</name>
         <value>0xa450</value>
         <object_component_ref idref="oc-190"/>
      </symbol>
      <symbol id="sm-697">
         <name>L_LSL_13</name>
         <value>0xa44c</value>
         <object_component_ref idref="oc-190"/>
      </symbol>
      <symbol id="sm-698">
         <name>L_LSL_10</name>
         <value>0xa458</value>
         <object_component_ref idref="oc-190"/>
      </symbol>
      <symbol id="sm-699">
         <name>L_LSL_11</name>
         <value>0xa454</value>
         <object_component_ref idref="oc-190"/>
      </symbol>
      <symbol id="sm-69a">
         <name>L_LSL_14</name>
         <value>0xa448</value>
         <object_component_ref idref="oc-190"/>
      </symbol>
      <symbol id="sm-69b">
         <name>L_LSL_15</name>
         <value>0xa444</value>
         <object_component_ref idref="oc-190"/>
      </symbol>
      <symbol id="sm-6a7">
         <name>I_LSR</name>
         <value>0x9fe6</value>
         <object_component_ref idref="oc-ec"/>
      </symbol>
      <symbol id="sm-6a8">
         <name>I_LSR_12</name>
         <value>0xa000</value>
         <object_component_ref idref="oc-ec"/>
      </symbol>
      <symbol id="sm-6a9">
         <name>I_LSR_13</name>
         <value>0x9ffc</value>
         <object_component_ref idref="oc-ec"/>
      </symbol>
      <symbol id="sm-6aa">
         <name>I_LSR_10</name>
         <value>0xa008</value>
         <object_component_ref idref="oc-ec"/>
      </symbol>
      <symbol id="sm-6ab">
         <name>I_LSR_11</name>
         <value>0xa004</value>
         <object_component_ref idref="oc-ec"/>
      </symbol>
      <symbol id="sm-6ac">
         <name>I_LSR_14</name>
         <value>0x9ff8</value>
         <object_component_ref idref="oc-ec"/>
      </symbol>
      <symbol id="sm-6ad">
         <name>I_LSR_15</name>
         <value>0x9ff4</value>
         <object_component_ref idref="oc-ec"/>
      </symbol>
      <symbol id="sm-6ae">
         <name>I_LSR_3</name>
         <value>0xa024</value>
         <object_component_ref idref="oc-ec"/>
      </symbol>
      <symbol id="sm-6af">
         <name>I_LSR_2</name>
         <value>0xa028</value>
         <object_component_ref idref="oc-ec"/>
      </symbol>
      <symbol id="sm-6b0">
         <name>I_LSR_1</name>
         <value>0xa02c</value>
         <object_component_ref idref="oc-ec"/>
      </symbol>
      <symbol id="sm-6b1">
         <name>I_LSR_7</name>
         <value>0xa014</value>
         <object_component_ref idref="oc-ec"/>
      </symbol>
      <symbol id="sm-6b2">
         <name>I_LSR_6</name>
         <value>0xa018</value>
         <object_component_ref idref="oc-ec"/>
      </symbol>
      <symbol id="sm-6b3">
         <name>I_LSR_5</name>
         <value>0xa01c</value>
         <object_component_ref idref="oc-ec"/>
      </symbol>
      <symbol id="sm-6b4">
         <name>I_LSR_4</name>
         <value>0xa020</value>
         <object_component_ref idref="oc-ec"/>
      </symbol>
      <symbol id="sm-6b5">
         <name>I_LSR_9</name>
         <value>0xa00c</value>
         <object_component_ref idref="oc-ec"/>
      </symbol>
      <symbol id="sm-6b6">
         <name>I_LSR_8</name>
         <value>0xa010</value>
         <object_component_ref idref="oc-ec"/>
      </symbol>
      <symbol id="sm-6c2">
         <name>L_LSR_12</name>
         <value>0x9e50</value>
         <object_component_ref idref="oc-15f"/>
      </symbol>
      <symbol id="sm-6c3">
         <name>L_LSR_13</name>
         <value>0x9e4a</value>
         <object_component_ref idref="oc-15f"/>
      </symbol>
      <symbol id="sm-6c4">
         <name>L_LSR_10</name>
         <value>0x9e5c</value>
         <object_component_ref idref="oc-15f"/>
      </symbol>
      <symbol id="sm-6c5">
         <name>L_LSR_11</name>
         <value>0x9e56</value>
         <object_component_ref idref="oc-15f"/>
      </symbol>
      <symbol id="sm-6c6">
         <name>L_LSR_14</name>
         <value>0x9e44</value>
         <object_component_ref idref="oc-15f"/>
      </symbol>
      <symbol id="sm-6c7">
         <name>L_LSR_15</name>
         <value>0x9e3e</value>
         <object_component_ref idref="oc-15f"/>
      </symbol>
      <symbol id="sm-6c8">
         <name>L_LSR_3</name>
         <value>0x9e86</value>
         <object_component_ref idref="oc-15f"/>
      </symbol>
      <symbol id="sm-6c9">
         <name>L_LSR_2</name>
         <value>0x9e8c</value>
         <object_component_ref idref="oc-15f"/>
      </symbol>
      <symbol id="sm-6ca">
         <name>L_LSR_1</name>
         <value>0x9e92</value>
         <object_component_ref idref="oc-15f"/>
      </symbol>
      <symbol id="sm-6cb">
         <name>L_LSR_7</name>
         <value>0x9e6e</value>
         <object_component_ref idref="oc-15f"/>
      </symbol>
      <symbol id="sm-6cc">
         <name>L_LSR_6</name>
         <value>0x9e74</value>
         <object_component_ref idref="oc-15f"/>
      </symbol>
      <symbol id="sm-6cd">
         <name>L_LSR_5</name>
         <value>0x9e7a</value>
         <object_component_ref idref="oc-15f"/>
      </symbol>
      <symbol id="sm-6ce">
         <name>L_LSR_4</name>
         <value>0x9e80</value>
         <object_component_ref idref="oc-15f"/>
      </symbol>
      <symbol id="sm-6cf">
         <name>L_LSR_9</name>
         <value>0x9e62</value>
         <object_component_ref idref="oc-15f"/>
      </symbol>
      <symbol id="sm-6d0">
         <name>L_LSR_8</name>
         <value>0x9e68</value>
         <object_component_ref idref="oc-15f"/>
      </symbol>
      <symbol id="sm-6df">
         <name>memcmp</name>
         <value>0xac84</value>
         <object_component_ref idref="oc-1a0"/>
      </symbol>
      <symbol id="sm-6ed">
         <name>memcpy</name>
         <value>0xaf1e</value>
         <object_component_ref idref="oc-135"/>
      </symbol>
      <symbol id="sm-6fb">
         <name>memset</name>
         <value>0xaec0</value>
         <object_component_ref idref="oc-163"/>
      </symbol>
      <symbol id="sm-712">
         <name>__mpyi</name>
         <value>0xaed4</value>
         <object_component_ref idref="oc-109"/>
      </symbol>
      <symbol id="sm-720">
         <name>__mpyl</name>
         <value>0xab8e</value>
         <object_component_ref idref="oc-10e"/>
      </symbol>
      <symbol id="sm-72c">
         <name>_system_pre_init</name>
         <value>0xb058</value>
         <object_component_ref idref="oc-12f"/>
      </symbol>
      <symbol id="sm-73a">
         <name>_nop</name>
         <value>0xb068</value>
         <object_component_ref idref="oc-12e"/>
      </symbol>
      <symbol id="sm-73b">
         <name>_lock</name>
         <value>0x384</value>
         <object_component_ref idref="oc-118"/>
      </symbol>
      <symbol id="sm-73c">
         <name>_unlock</name>
         <value>0x386</value>
         <object_component_ref idref="oc-118"/>
      </symbol>
      <symbol id="sm-746">
         <name>__TI_args_main</name>
         <value>0x1</value>
      </symbol>
      <symbol id="sm-758">
         <name>_auto_init</name>
         <value>0xa0c6</value>
         <object_component_ref idref="oc-130"/>
      </symbol>
      <symbol id="sm-759">
         <name>__TI_auto_init</name>
         <value>0x1</value>
      </symbol>
   </symbol_table>
   <title>Link successful</title>
</link_info>
