<?xml version="1.0"?>
<link_info>
   <banner>MSP430 Linker PC v4.3.5</banner>
   <copyright>Copyright (c) 2003-2014 Texas Instruments Incorporated</copyright>
   <link_time>0x56a60465</link_time>
   <link_errors>0x0</link_errors>
   <output_file>APasdatahub.out</output_file>
   <entry_point>
      <name>_c_int00</name>
      <address>0xaacc</address>
   </entry_point>
   <input_file_list>
      <input_file id="fl-2">
         <path>.\Peer Applications\</path>
         <kind>object</kind>
         <file>SEH_ED_v1.5.obj</file>
         <name>SEH_ED_v1.5.obj</name>
      </input_file>
      <input_file id="fl-3">
         <path>.\Peer Applications\</path>
         <kind>object</kind>
         <file>vlo_rand.obj</file>
         <name>vlo_rand.obj</name>
      </input_file>
      <input_file id="fl-4">
         <path>.\Components\simpliciti\nwk\</path>
         <kind>object</kind>
         <file>nwk.obj</file>
         <name>nwk.obj</name>
      </input_file>
      <input_file id="fl-5">
         <path>.\Components\simpliciti\nwk\</path>
         <kind>object</kind>
         <file>nwk_QMgmt.obj</file>
         <name>nwk_QMgmt.obj</name>
      </input_file>
      <input_file id="fl-6">
         <path>.\Components\simpliciti\nwk\</path>
         <kind>object</kind>
         <file>nwk_api.obj</file>
         <name>nwk_api.obj</name>
      </input_file>
      <input_file id="fl-7">
         <path>.\Components\simpliciti\nwk\</path>
         <kind>object</kind>
         <file>nwk_frame.obj</file>
         <name>nwk_frame.obj</name>
      </input_file>
      <input_file id="fl-8">
         <path>.\Components\simpliciti\nwk\</path>
         <kind>object</kind>
         <file>nwk_globals.obj</file>
         <name>nwk_globals.obj</name>
      </input_file>
      <input_file id="fl-9">
         <path>.\Components\simpliciti\network_applications\</path>
         <kind>object</kind>
         <file>nwk_freq.obj</file>
         <name>nwk_freq.obj</name>
      </input_file>
      <input_file id="fl-a">
         <path>.\Components\simpliciti\network_applications\</path>
         <kind>object</kind>
         <file>nwk_ioctl.obj</file>
         <name>nwk_ioctl.obj</name>
      </input_file>
      <input_file id="fl-b">
         <path>.\Components\simpliciti\network_applications\</path>
         <kind>object</kind>
         <file>nwk_join.obj</file>
         <name>nwk_join.obj</name>
      </input_file>
      <input_file id="fl-c">
         <path>.\Components\simpliciti\network_applications\</path>
         <kind>object</kind>
         <file>nwk_link.obj</file>
         <name>nwk_link.obj</name>
      </input_file>
      <input_file id="fl-d">
         <path>.\Components\simpliciti\network_applications\</path>
         <kind>object</kind>
         <file>nwk_mgmt.obj</file>
         <name>nwk_mgmt.obj</name>
      </input_file>
      <input_file id="fl-e">
         <path>.\Components\simpliciti\network_applications\</path>
         <kind>object</kind>
         <file>nwk_ping.obj</file>
         <name>nwk_ping.obj</name>
      </input_file>
      <input_file id="fl-f">
         <path>.\Components\simpliciti\network_applications\</path>
         <kind>object</kind>
         <file>nwk_security.obj</file>
         <name>nwk_security.obj</name>
      </input_file>
      <input_file id="fl-10">
         <path>.\Components\mrfi\</path>
         <kind>object</kind>
         <file>mrfi.obj</file>
         <name>mrfi.obj</name>
      </input_file>
      <input_file id="fl-11">
         <path>.\Components\bsp\</path>
         <kind>object</kind>
         <file>bsp.obj</file>
         <name>bsp.obj</name>
      </input_file>
      <input_file id="fl-3e">
         <path>c:\ti\ccsv6\tools\compiler\msp430_4.3.5\lib\</path>
         <kind>archive</kind>
         <file>rts430.lib</file>
         <name>asr32.obj</name>
      </input_file>
      <input_file id="fl-3f">
         <path>c:\ti\ccsv6\tools\compiler\msp430_4.3.5\lib\</path>
         <kind>archive</kind>
         <file>rts430.lib</file>
         <name>boot.obj</name>
      </input_file>
      <input_file id="fl-40">
         <path>c:\ti\ccsv6\tools\compiler\msp430_4.3.5\lib\</path>
         <kind>archive</kind>
         <file>rts430.lib</file>
         <name>copy_decompress_none.obj</name>
      </input_file>
      <input_file id="fl-41">
         <path>c:\ti\ccsv6\tools\compiler\msp430_4.3.5\lib\</path>
         <kind>archive</kind>
         <file>rts430.lib</file>
         <name>copy_decompress_rle.obj</name>
      </input_file>
      <input_file id="fl-42">
         <path>c:\ti\ccsv6\tools\compiler\msp430_4.3.5\lib\</path>
         <kind>archive</kind>
         <file>rts430.lib</file>
         <name>copy_zero_init.obj</name>
      </input_file>
      <input_file id="fl-43">
         <path>c:\ti\ccsv6\tools\compiler\msp430_4.3.5\lib\</path>
         <kind>archive</kind>
         <file>rts430.lib</file>
         <name>div16s.obj</name>
      </input_file>
      <input_file id="fl-44">
         <path>c:\ti\ccsv6\tools\compiler\msp430_4.3.5\lib\</path>
         <kind>archive</kind>
         <file>rts430.lib</file>
         <name>div16u.obj</name>
      </input_file>
      <input_file id="fl-45">
         <path>c:\ti\ccsv6\tools\compiler\msp430_4.3.5\lib\</path>
         <kind>archive</kind>
         <file>rts430.lib</file>
         <name>div32u.obj</name>
      </input_file>
      <input_file id="fl-46">
         <path>c:\ti\ccsv6\tools\compiler\msp430_4.3.5\lib\</path>
         <kind>archive</kind>
         <file>rts430.lib</file>
         <name>epilog.obj</name>
      </input_file>
      <input_file id="fl-47">
         <path>c:\ti\ccsv6\tools\compiler\msp430_4.3.5\lib\</path>
         <kind>archive</kind>
         <file>rts430.lib</file>
         <name>exit.obj</name>
      </input_file>
      <input_file id="fl-48">
         <path>c:\ti\ccsv6\tools\compiler\msp430_4.3.5\lib\</path>
         <kind>archive</kind>
         <file>rts430.lib</file>
         <name>fs_add.obj</name>
      </input_file>
      <input_file id="fl-49">
         <path>c:\ti\ccsv6\tools\compiler\msp430_4.3.5\lib\</path>
         <kind>archive</kind>
         <file>rts430.lib</file>
         <name>fs_mpy.obj</name>
      </input_file>
      <input_file id="fl-4a">
         <path>c:\ti\ccsv6\tools\compiler\msp430_4.3.5\lib\</path>
         <kind>archive</kind>
         <file>rts430.lib</file>
         <name>fs_toi.obj</name>
      </input_file>
      <input_file id="fl-4b">
         <path>c:\ti\ccsv6\tools\compiler\msp430_4.3.5\lib\</path>
         <kind>archive</kind>
         <file>rts430.lib</file>
         <name>fs_tou.obj</name>
      </input_file>
      <input_file id="fl-4c">
         <path>c:\ti\ccsv6\tools\compiler\msp430_4.3.5\lib\</path>
         <kind>archive</kind>
         <file>rts430.lib</file>
         <name>fs_utof.obj</name>
      </input_file>
      <input_file id="fl-4d">
         <path>c:\ti\ccsv6\tools\compiler\msp430_4.3.5\lib\</path>
         <kind>archive</kind>
         <file>rts430.lib</file>
         <name>int00.obj</name>
      </input_file>
      <input_file id="fl-4e">
         <path>c:\ti\ccsv6\tools\compiler\msp430_4.3.5\lib\</path>
         <kind>archive</kind>
         <file>rts430.lib</file>
         <name>int01.obj</name>
      </input_file>
      <input_file id="fl-4f">
         <path>c:\ti\ccsv6\tools\compiler\msp430_4.3.5\lib\</path>
         <kind>archive</kind>
         <file>rts430.lib</file>
         <name>int04.obj</name>
      </input_file>
      <input_file id="fl-50">
         <path>c:\ti\ccsv6\tools\compiler\msp430_4.3.5\lib\</path>
         <kind>archive</kind>
         <file>rts430.lib</file>
         <name>int08.obj</name>
      </input_file>
      <input_file id="fl-51">
         <path>c:\ti\ccsv6\tools\compiler\msp430_4.3.5\lib\</path>
         <kind>archive</kind>
         <file>rts430.lib</file>
         <name>int09.obj</name>
      </input_file>
      <input_file id="fl-52">
         <path>c:\ti\ccsv6\tools\compiler\msp430_4.3.5\lib\</path>
         <kind>archive</kind>
         <file>rts430.lib</file>
         <name>int10.obj</name>
      </input_file>
      <input_file id="fl-53">
         <path>c:\ti\ccsv6\tools\compiler\msp430_4.3.5\lib\</path>
         <kind>archive</kind>
         <file>rts430.lib</file>
         <name>int11.obj</name>
      </input_file>
      <input_file id="fl-54">
         <path>c:\ti\ccsv6\tools\compiler\msp430_4.3.5\lib\</path>
         <kind>archive</kind>
         <file>rts430.lib</file>
         <name>int12.obj</name>
      </input_file>
      <input_file id="fl-55">
         <path>c:\ti\ccsv6\tools\compiler\msp430_4.3.5\lib\</path>
         <kind>archive</kind>
         <file>rts430.lib</file>
         <name>int14.obj</name>
      </input_file>
      <input_file id="fl-56">
         <path>c:\ti\ccsv6\tools\compiler\msp430_4.3.5\lib\</path>
         <kind>archive</kind>
         <file>rts430.lib</file>
         <name>isr_trap.obj</name>
      </input_file>
      <input_file id="fl-57">
         <path>c:\ti\ccsv6\tools\compiler\msp430_4.3.5\lib\</path>
         <kind>archive</kind>
         <file>rts430.lib</file>
         <name>lsl32.obj</name>
      </input_file>
      <input_file id="fl-58">
         <path>c:\ti\ccsv6\tools\compiler\msp430_4.3.5\lib\</path>
         <kind>archive</kind>
         <file>rts430.lib</file>
         <name>lsr16.obj</name>
      </input_file>
      <input_file id="fl-59">
         <path>c:\ti\ccsv6\tools\compiler\msp430_4.3.5\lib\</path>
         <kind>archive</kind>
         <file>rts430.lib</file>
         <name>lsr32.obj</name>
      </input_file>
      <input_file id="fl-5a">
         <path>c:\ti\ccsv6\tools\compiler\msp430_4.3.5\lib\</path>
         <kind>archive</kind>
         <file>rts430.lib</file>
         <name>memcmp.obj</name>
      </input_file>
      <input_file id="fl-5b">
         <path>c:\ti\ccsv6\tools\compiler\msp430_4.3.5\lib\</path>
         <kind>archive</kind>
         <file>rts430.lib</file>
         <name>memcpy.obj</name>
      </input_file>
      <input_file id="fl-5c">
         <path>c:\ti\ccsv6\tools\compiler\msp430_4.3.5\lib\</path>
         <kind>archive</kind>
         <file>rts430.lib</file>
         <name>memset.obj</name>
      </input_file>
      <input_file id="fl-5d">
         <path>c:\ti\ccsv6\tools\compiler\msp430_4.3.5\lib\</path>
         <kind>archive</kind>
         <file>rts430.lib</file>
         <name>mpu_init.obj</name>
      </input_file>
      <input_file id="fl-5e">
         <path>c:\ti\ccsv6\tools\compiler\msp430_4.3.5\lib\</path>
         <kind>archive</kind>
         <file>rts430.lib</file>
         <name>mult16.obj</name>
      </input_file>
      <input_file id="fl-5f">
         <path>c:\ti\ccsv6\tools\compiler\msp430_4.3.5\lib\</path>
         <kind>archive</kind>
         <file>rts430.lib</file>
         <name>mult32.obj</name>
      </input_file>
      <input_file id="fl-60">
         <path>c:\ti\ccsv6\tools\compiler\msp430_4.3.5\lib\</path>
         <kind>archive</kind>
         <file>rts430.lib</file>
         <name>pre_init.obj</name>
      </input_file>
      <input_file id="fl-61">
         <path>c:\ti\ccsv6\tools\compiler\msp430_4.3.5\lib\</path>
         <kind>archive</kind>
         <file>rts430.lib</file>
         <name>_lock.obj</name>
      </input_file>
      <input_file id="fl-62">
         <path>c:\ti\ccsv6\tools\compiler\msp430_4.3.5\lib\</path>
         <kind>archive</kind>
         <file>rts430.lib</file>
         <name>args_main.obj</name>
      </input_file>
      <input_file id="fl-63">
         <path>c:\ti\ccsv6\tools\compiler\msp430_4.3.5\lib\</path>
         <kind>archive</kind>
         <file>rts430.lib</file>
         <name>autoinit.obj</name>
      </input_file>
   </input_file_list>
   <object_component_list>
      <object_component id="oc-2e">
         <name>.bss</name>
         <uninitialized>true</uninitialized>
         <run_address>0x290</run_address>
         <size>0x7c</size>
         <input_file_ref idref="fl-2"/>
      </object_component>
      <object_component id="oc-3b">
         <name>.bss</name>
         <uninitialized>true</uninitialized>
         <run_address>0x33c</run_address>
         <size>0x26</size>
         <input_file_ref idref="fl-4"/>
      </object_component>
      <object_component id="oc-42">
         <name>.bss</name>
         <uninitialized>true</uninitialized>
         <run_address>0x200</run_address>
         <size>0x90</size>
         <input_file_ref idref="fl-5"/>
      </object_component>
      <object_component id="oc-48">
         <name>.bss</name>
         <uninitialized>true</uninitialized>
         <run_address>0x36b</run_address>
         <size>0x1</size>
         <input_file_ref idref="fl-6"/>
      </object_component>
      <object_component id="oc-4f">
         <name>.bss</name>
         <uninitialized>true</uninitialized>
         <run_address>0x36c</run_address>
         <size>0x8</size>
         <input_file_ref idref="fl-7"/>
      </object_component>
      <object_component id="oc-56">
         <name>.bss</name>
         <uninitialized>true</uninitialized>
         <run_address>0x362</run_address>
         <size>0x9</size>
         <input_file_ref idref="fl-8"/>
      </object_component>
      <object_component id="oc-5e">
         <name>.bss</name>
         <uninitialized>true</uninitialized>
         <run_address>0x38f</run_address>
         <size>0x2</size>
         <input_file_ref idref="fl-9"/>
      </object_component>
      <object_component id="oc-6a">
         <name>.bss</name>
         <uninitialized>true</uninitialized>
         <run_address>0x374</run_address>
         <size>0x7</size>
         <input_file_ref idref="fl-b"/>
      </object_component>
      <object_component id="oc-71">
         <name>.bss</name>
         <uninitialized>true</uninitialized>
         <run_address>0x37c</run_address>
         <size>0x7</size>
         <input_file_ref idref="fl-c"/>
      </object_component>
      <object_component id="oc-78">
         <name>.bss</name>
         <uninitialized>true</uninitialized>
         <run_address>0x38c</run_address>
         <size>0x3</size>
         <input_file_ref idref="fl-d"/>
      </object_component>
      <object_component id="oc-7f">
         <name>.bss</name>
         <uninitialized>true</uninitialized>
         <run_address>0x37b</run_address>
         <size>0x1</size>
         <input_file_ref idref="fl-e"/>
      </object_component>
      <object_component id="oc-8b">
         <name>.bss</name>
         <uninitialized>true</uninitialized>
         <run_address>0x30c</run_address>
         <size>0x30</size>
         <input_file_ref idref="fl-10"/>
      </object_component>
      <object_component id="oc-9b">
         <name>.bss</name>
         <uninitialized>true</uninitialized>
         <run_address>0x388</run_address>
         <size>0x4</size>
         <input_file_ref idref="fl-3f"/>
      </object_component>
      <object_component id="oc-118">
         <name>.bss</name>
         <uninitialized>true</uninitialized>
         <run_address>0x384</run_address>
         <size>0x4</size>
         <input_file_ref idref="fl-61"/>
      </object_component>
      <object_component id="oc-9d">
         <name>.stack</name>
         <uninitialized>true</uninitialized>
         <run_address>0x5b0</run_address>
         <size>0x2</size>
         <input_file_ref idref="fl-3f"/>
      </object_component>
      <object_component id="oc-1e7">
         <name>.stack</name>
         <uninitialized>true</uninitialized>
         <run_address>0x5b0</run_address>
         <size>0x0</size>
      </object_component>
      <object_component id="oc-13c">
         <name>.text:linkTo</name>
         <load_address>0x8000</load_address>
         <run_address>0x8000</run_address>
         <size>0x47c</size>
         <input_file_ref idref="fl-2"/>
      </object_component>
      <object_component id="oc-18d">
         <name>.text:status_indicator</name>
         <load_address>0x847c</load_address>
         <run_address>0x847c</run_address>
         <size>0x1a2</size>
         <input_file_ref idref="fl-2"/>
      </object_component>
      <object_component id="oc-148">
         <name>.text:MRFI_Init</name>
         <load_address>0x861e</load_address>
         <run_address>0x861e</run_address>
         <size>0x196</size>
         <input_file_ref idref="fl-10"/>
      </object_component>
      <object_component id="oc-131">
         <name>.text:main</name>
         <load_address>0x87b4</load_address>
         <run_address>0x87b4</run_address>
         <size>0x170</size>
         <input_file_ref idref="fl-2"/>
      </object_component>
      <object_component id="oc-1bb">
         <name>.text:smpl_send_link_reply</name>
         <load_address>0x8924</load_address>
         <run_address>0x8924</run_address>
         <size>0x16c</size>
         <input_file_ref idref="fl-c"/>
      </object_component>
      <object_component id="oc-18c">
         <name>.text:nwk_link</name>
         <load_address>0x8a90</load_address>
         <run_address>0x8a90</run_address>
         <size>0x14a</size>
         <input_file_ref idref="fl-c"/>
      </object_component>
      <object_component id="oc-19d">
         <name>.text:nwk_QfindOldest</name>
         <load_address>0x8bda</load_address>
         <run_address>0x8bda</run_address>
         <size>0x134</size>
         <input_file_ref idref="fl-5"/>
      </object_component>
      <object_component id="oc-ca">
         <name>.text</name>
         <load_address>0x8d0e</load_address>
         <run_address>0x8d0e</run_address>
         <size>0x130</size>
         <input_file_ref idref="fl-48"/>
      </object_component>
      <object_component id="oc-14f">
         <name>.text:nwk_join</name>
         <load_address>0x8e3e</load_address>
         <run_address>0x8e3e</run_address>
         <size>0x12c</size>
         <input_file_ref idref="fl-b"/>
      </object_component>
      <object_component id="oc-19c">
         <name>.text:MRFI_Transmit</name>
         <load_address>0x8f6a</load_address>
         <run_address>0x8f6a</run_address>
         <size>0x102</size>
         <input_file_ref idref="fl-10"/>
      </object_component>
      <object_component id="oc-172">
         <name>.text:nwk_scanForChannels</name>
         <load_address>0x906c</load_address>
         <run_address>0x906c</run_address>
         <size>0xfe</size>
         <input_file_ref idref="fl-9"/>
      </object_component>
      <object_component id="oc-13d">
         <name>.text:Mrfi_SyncPinRxIsr</name>
         <load_address>0x916a</load_address>
         <run_address>0x916a</run_address>
         <size>0xd8</size>
         <input_file_ref idref="fl-10"/>
      </object_component>
      <object_component id="oc-1a6">
         <name>.text:nwk_allocateLocalRxPort</name>
         <load_address>0x9242</load_address>
         <run_address>0x9242</run_address>
         <size>0xd6</size>
         <input_file_ref idref="fl-4"/>
      </object_component>
      <object_component id="oc-cf">
         <name>.text</name>
         <load_address>0x9318</load_address>
         <run_address>0x9318</run_address>
         <size>0xc2</size>
         <input_file_ref idref="fl-49"/>
      </object_component>
      <object_component id="oc-36">
         <name>.text</name>
         <load_address>0x93da</load_address>
         <run_address>0x93da</run_address>
         <size>0xba</size>
         <input_file_ref idref="fl-3"/>
      </object_component>
      <object_component id="oc-12b">
         <name>.text:USCIAB0TX_ISR</name>
         <load_address>0x9494</load_address>
         <run_address>0x9494</run_address>
         <size>0xb0</size>
         <input_file_ref idref="fl-2"/>
      </object_component>
      <object_component id="oc-171">
         <name>.text:nwk_retrieveFrame</name>
         <load_address>0x9544</load_address>
         <run_address>0x9544</run_address>
         <size>0xac</size>
         <input_file_ref idref="fl-7"/>
      </object_component>
      <object_component id="oc-199">
         <name>.text:dispatchFrame</name>
         <load_address>0x95f0</load_address>
         <run_address>0x95f0</run_address>
         <size>0xa6</size>
         <input_file_ref idref="fl-7"/>
      </object_component>
      <object_component id="oc-138">
         <name>.text:SMPL_Ioctl</name>
         <load_address>0x9696</load_address>
         <run_address>0x9696</run_address>
         <size>0xa2</size>
         <input_file_ref idref="fl-6"/>
      </object_component>
      <object_component id="oc-1a5">
         <name>.text:nwk_getNextConnection</name>
         <load_address>0x9738</load_address>
         <run_address>0x9738</run_address>
         <size>0x98</size>
         <input_file_ref idref="fl-4"/>
      </object_component>
      <object_component id="oc-128">
         <name>.text:Port_1</name>
         <load_address>0x97d0</load_address>
         <run_address>0x97d0</run_address>
         <size>0x96</size>
         <input_file_ref idref="fl-2"/>
      </object_component>
      <object_component id="oc-16f">
         <name>.text:nwk_buildFrame</name>
         <load_address>0x9866</load_address>
         <run_address>0x9866</run_address>
         <size>0x8c</size>
         <input_file_ref idref="fl-7"/>
      </object_component>
      <object_component id="oc-197">
         <name>.text:nwk_QfindSlot</name>
         <load_address>0x98f2</load_address>
         <run_address>0x98f2</run_address>
         <size>0x82</size>
         <input_file_ref idref="fl-5"/>
      </object_component>
      <object_component id="oc-196">
         <name>.text:spiBurstFifoAccess</name>
         <load_address>0x9974</load_address>
         <run_address>0x9974</run_address>
         <size>0x82</size>
         <input_file_ref idref="fl-10"/>
      </object_component>
      <object_component id="oc-15e">
         <name>.text:ADXL362_Read_XYZ_Reg_Hi_Res</name>
         <load_address>0x99f6</load_address>
         <run_address>0x99f6</run_address>
         <size>0x7c</size>
         <input_file_ref idref="fl-2"/>
      </object_component>
      <object_component id="oc-142">
         <name>.text:nwk_radioControl</name>
         <load_address>0x9a72</load_address>
         <run_address>0x9a72</run_address>
         <size>0x78</size>
         <input_file_ref idref="fl-a"/>
      </object_component>
      <object_component id="oc-15b">
         <name>.text:ReadPressure</name>
         <load_address>0x9aea</load_address>
         <run_address>0x9aea</run_address>
         <size>0x6e</size>
         <input_file_ref idref="fl-2"/>
      </object_component>
      <object_component id="oc-1ba">
         <name>.text:smpl_send_unlink_reply</name>
         <load_address>0x9b58</load_address>
         <run_address>0x9b58</run_address>
         <size>0x6e</size>
         <input_file_ref idref="fl-c"/>
      </object_component>
      <object_component id="oc-137">
         <name>.text:createRandomAddress</name>
         <load_address>0x9bc6</load_address>
         <run_address>0x9bc6</run_address>
         <size>0x6a</size>
         <input_file_ref idref="fl-2"/>
      </object_component>
      <object_component id="oc-149">
         <name>.text:nwk_nwkInit</name>
         <load_address>0x9c30</load_address>
         <run_address>0x9c30</run_address>
         <size>0x6a</size>
         <input_file_ref idref="fl-4"/>
      </object_component>
      <object_component id="oc-160">
         <name>.text:SMPL_Send</name>
         <load_address>0x9c9a</load_address>
         <run_address>0x9c9a</run_address>
         <size>0x68</size>
         <input_file_ref idref="fl-6"/>
      </object_component>
      <object_component id="oc-d4">
         <name>.text</name>
         <load_address>0x9d02</load_address>
         <run_address>0x9d02</run_address>
         <size>0x68</size>
         <input_file_ref idref="fl-4a"/>
      </object_component>
      <object_component id="oc-1ab">
         <name>.text:nwk_isConnectionValid</name>
         <load_address>0x9d6a</load_address>
         <run_address>0x9d6a</run_address>
         <size>0x64</size>
         <input_file_ref idref="fl-4"/>
      </object_component>
      <object_component id="oc-153">
         <name>.text:I2C_Slave_Test</name>
         <load_address>0x9dce</load_address>
         <run_address>0x9dce</run_address>
         <size>0x60</size>
         <input_file_ref idref="fl-2"/>
      </object_component>
      <object_component id="oc-15f">
         <name>.text:l_lsr_const</name>
         <load_address>0x9e2e</load_address>
         <run_address>0x9e2e</run_address>
         <size>0x5c</size>
         <input_file_ref idref="fl-59"/>
      </object_component>
      <object_component id="oc-bc">
         <name>.text</name>
         <load_address>0x9e8a</load_address>
         <run_address>0x9e8a</run_address>
         <size>0x58</size>
         <input_file_ref idref="fl-45"/>
      </object_component>
      <object_component id="oc-14a">
         <name>.text:MRFI_WakeUp</name>
         <load_address>0x9ee2</load_address>
         <run_address>0x9ee2</run_address>
         <size>0x54</size>
         <input_file_ref idref="fl-10"/>
      </object_component>
      <object_component id="oc-143">
         <name>.text:nwk_rawSend</name>
         <load_address>0x9f36</load_address>
         <run_address>0x9f36</run_address>
         <size>0x54</size>
         <input_file_ref idref="fl-a"/>
      </object_component>
      <object_component id="oc-158">
         <name>.text:ADXL362_ReadID</name>
         <load_address>0x9f8a</load_address>
         <run_address>0x9f8a</run_address>
         <size>0x50</size>
         <input_file_ref idref="fl-2"/>
      </object_component>
      <object_component id="oc-ec">
         <name>.text</name>
         <load_address>0x9fda</load_address>
         <run_address>0x9fda</run_address>
         <size>0x4c</size>
         <input_file_ref idref="fl-58"/>
      </object_component>
      <object_component id="oc-191">
         <name>.text:SHT21_Read_Data</name>
         <load_address>0xa026</load_address>
         <run_address>0xa026</run_address>
         <size>0x4a</size>
         <input_file_ref idref="fl-2"/>
      </object_component>
      <object_component id="oc-1be">
         <name>.text:nwk_findPeer</name>
         <load_address>0xa070</load_address>
         <run_address>0xa070</run_address>
         <size>0x4a</size>
         <input_file_ref idref="fl-4"/>
      </object_component>
      <object_component id="oc-130">
         <name>.text:_auto_init</name>
         <load_address>0xa0ba</load_address>
         <run_address>0xa0ba</run_address>
         <size>0x48</size>
         <input_file_ref idref="fl-63"/>
      </object_component>
      <object_component id="oc-133">
         <name>.text:display_mode</name>
         <load_address>0xa102</load_address>
         <run_address>0xa102</run_address>
         <size>0x48</size>
         <input_file_ref idref="fl-2"/>
      </object_component>
      <object_component id="oc-167">
         <name>.text:mrfiSpiCmdStrobe</name>
         <load_address>0xa14a</load_address>
         <run_address>0xa14a</run_address>
         <size>0x48</size>
         <input_file_ref idref="fl-10"/>
      </object_component>
      <object_component id="oc-154">
         <name>.text:I2C_Read_Register</name>
         <load_address>0xa192</load_address>
         <run_address>0xa192</run_address>
         <size>0x46</size>
         <input_file_ref idref="fl-2"/>
      </object_component>
      <object_component id="oc-164">
         <name>.text:MRFI_RxAddrIsFiltered</name>
         <load_address>0xa1d8</load_address>
         <run_address>0xa1d8</run_address>
         <size>0x46</size>
         <input_file_ref idref="fl-10"/>
      </object_component>
      <object_component id="oc-1bf">
         <name>.text:nwk_isLinkDuplicate</name>
         <load_address>0xa21e</load_address>
         <run_address>0xa21e</run_address>
         <size>0x46</size>
         <input_file_ref idref="fl-4"/>
      </object_component>
      <object_component id="oc-d9">
         <name>.text</name>
         <load_address>0xa264</load_address>
         <run_address>0xa264</run_address>
         <size>0x46</size>
         <input_file_ref idref="fl-4b"/>
      </object_component>
      <object_component id="oc-1b9">
         <name>.text:smpl_send_ping_reply</name>
         <load_address>0xa2aa</load_address>
         <run_address>0xa2aa</run_address>
         <size>0x46</size>
         <input_file_ref idref="fl-e"/>
      </object_component>
      <object_component id="oc-16d">
         <name>.text:MRFI_Rssi</name>
         <load_address>0xa2f0</load_address>
         <run_address>0xa2f0</run_address>
         <size>0x44</size>
         <input_file_ref idref="fl-10"/>
      </object_component>
      <object_component id="oc-13a">
         <name>.text:SMPL_Init</name>
         <load_address>0xa334</load_address>
         <run_address>0xa334</run_address>
         <size>0x42</size>
         <input_file_ref idref="fl-6"/>
      </object_component>
      <object_component id="oc-13b">
         <name>.text:get_voltage</name>
         <load_address>0xa376</load_address>
         <run_address>0xa376</run_address>
         <size>0x42</size>
         <input_file_ref idref="fl-2"/>
      </object_component>
      <object_component id="oc-195">
         <name>.text:spiRegAccess</name>
         <load_address>0xa3b8</load_address>
         <run_address>0xa3b8</run_address>
         <size>0x42</size>
         <input_file_ref idref="fl-10"/>
      </object_component>
      <object_component id="oc-150">
         <name>.text:l_asr_const</name>
         <load_address>0xa3fa</load_address>
         <run_address>0xa3fa</run_address>
         <size>0x3e</size>
         <input_file_ref idref="fl-3e"/>
      </object_component>
      <object_component id="oc-190">
         <name>.text:l_lsl_const</name>
         <load_address>0xa438</load_address>
         <run_address>0xa438</run_address>
         <size>0x3e</size>
         <input_file_ref idref="fl-57"/>
      </object_component>
      <object_component id="oc-189">
         <name>.text:MRFI_ReplyDelay</name>
         <load_address>0xa476</load_address>
         <run_address>0xa476</run_address>
         <size>0x3c</size>
         <input_file_ref idref="fl-10"/>
      </object_component>
      <object_component id="oc-155">
         <name>.text:SPI_Init</name>
         <load_address>0xa4b2</load_address>
         <run_address>0xa4b2</run_address>
         <size>0x3c</size>
         <input_file_ref idref="fl-2"/>
      </object_component>
      <object_component id="oc-145">
         <name>.text:nwk_freqControl</name>
         <load_address>0xa4ee</load_address>
         <run_address>0xa4ee</run_address>
         <size>0x3a</size>
         <input_file_ref idref="fl-9"/>
      </object_component>
      <object_component id="oc-1b5">
         <name>.text:nwk_isValidReply</name>
         <load_address>0xa528</load_address>
         <run_address>0xa528</run_address>
         <size>0x3a</size>
         <input_file_ref idref="fl-4"/>
      </object_component>
      <object_component id="oc-1b4">
         <name>.text:nwk_processMgmt</name>
         <load_address>0xa562</load_address>
         <run_address>0xa562</run_address>
         <size>0x3a</size>
         <input_file_ref idref="fl-d"/>
      </object_component>
      <object_component id="oc-1a1">
         <name>.text:BSP_Delay</name>
         <load_address>0xa59c</load_address>
         <run_address>0xa59c</run_address>
         <size>0x38</size>
         <input_file_ref idref="fl-11"/>
      </object_component>
      <object_component id="oc-14d">
         <name>.text:MRFI_SetRxAddrFilter</name>
         <load_address>0xa5d4</load_address>
         <run_address>0xa5d4</run_address>
         <size>0x34</size>
         <input_file_ref idref="fl-10"/>
      </object_component>
      <object_component id="oc-176">
         <name>.text:mrfiSpiInit</name>
         <load_address>0xa608</load_address>
         <run_address>0xa608</run_address>
         <size>0x34</size>
         <input_file_ref idref="fl-10"/>
      </object_component>
      <object_component id="oc-141">
         <name>.text:nwk_deviceAddress</name>
         <load_address>0xa63c</load_address>
         <run_address>0xa63c</run_address>
         <size>0x34</size>
         <input_file_ref idref="fl-a"/>
      </object_component>
      <object_component id="oc-19f">
         <name>.text:nwk_getAPAddress</name>
         <load_address>0xa670</load_address>
         <run_address>0xa670</run_address>
         <size>0x34</size>
         <input_file_ref idref="fl-8"/>
      </object_component>
      <object_component id="oc-157">
         <name>.text:ADXL362_Write_Register</name>
         <load_address>0xa6a4</load_address>
         <run_address>0xa6a4</run_address>
         <size>0x32</size>
         <input_file_ref idref="fl-2"/>
      </object_component>
      <object_component id="oc-17a">
         <name>.text:MRFI_SetLogicalChannel</name>
         <load_address>0xa6d6</load_address>
         <run_address>0xa6d6</run_address>
         <size>0x32</size>
         <input_file_ref idref="fl-10"/>
      </object_component>
      <object_component id="oc-1a4">
         <name>.text:Mrfi_DelayUsecSem</name>
         <load_address>0xa708</load_address>
         <run_address>0xa708</run_address>
         <size>0x32</size>
         <input_file_ref idref="fl-10"/>
      </object_component>
      <object_component id="oc-12c">
         <name>.text:USCIAB0RX_ISR</name>
         <load_address>0xa73a</load_address>
         <run_address>0xa73a</run_address>
         <size>0x32</size>
         <input_file_ref idref="fl-2"/>
      </object_component>
      <object_component id="oc-19e">
         <name>.text:nwk_QadjustOrder</name>
         <load_address>0xa76c</load_address>
         <run_address>0xa76c</run_address>
         <size>0x32</size>
         <input_file_ref idref="fl-5"/>
      </object_component>
      <object_component id="oc-168">
         <name>.text:nwk_getConnInfo</name>
         <load_address>0xa79e</load_address>
         <run_address>0xa79e</run_address>
         <size>0x32</size>
         <input_file_ref idref="fl-4"/>
      </object_component>
      <object_component id="oc-1b3">
         <name>.text:nwk_processFreq</name>
         <load_address>0xa7d0</load_address>
         <run_address>0xa7d0</run_address>
         <size>0x32</size>
         <input_file_ref idref="fl-9"/>
      </object_component>
      <object_component id="oc-193">
         <name>.text:SHT21_T_Calib</name>
         <load_address>0xa802</load_address>
         <run_address>0xa802</run_address>
         <size>0x30</size>
         <input_file_ref idref="fl-2"/>
      </object_component>
      <object_component id="oc-19a">
         <name>.text:map_lid2idx</name>
         <load_address>0xa832</load_address>
         <run_address>0xa832</run_address>
         <size>0x30</size>
         <input_file_ref idref="fl-4"/>
      </object_component>
      <object_component id="oc-144">
         <name>.text:nwk_rawReceive</name>
         <load_address>0xa862</load_address>
         <run_address>0xa862</run_address>
         <size>0x30</size>
         <input_file_ref idref="fl-a"/>
      </object_component>
      <object_component id="oc-170">
         <name>.text:nwk_sendFrame</name>
         <load_address>0xa892</load_address>
         <run_address>0xa892</run_address>
         <size>0x30</size>
         <input_file_ref idref="fl-7"/>
      </object_component>
      <object_component id="oc-152">
         <name>.text:I2C_Init</name>
         <load_address>0xa8c2</load_address>
         <run_address>0xa8c2</run_address>
         <size>0x2e</size>
         <input_file_ref idref="fl-2"/>
      </object_component>
      <object_component id="oc-15a">
         <name>.text:I2C_Write_Register</name>
         <load_address>0xa8f0</load_address>
         <run_address>0xa8f0</run_address>
         <size>0x2e</size>
         <input_file_ref idref="fl-2"/>
      </object_component>
      <object_component id="oc-165">
         <name>.text:Mrfi_CalculateRssi</name>
         <load_address>0xa91e</load_address>
         <run_address>0xa91e</run_address>
         <size>0x2e</size>
         <input_file_ref idref="fl-10"/>
      </object_component>
      <object_component id="oc-177">
         <name>.text:Mrfi_DelayUsec</name>
         <load_address>0xa94c</load_address>
         <run_address>0xa94c</run_address>
         <size>0x2c</size>
         <input_file_ref idref="fl-10"/>
      </object_component>
      <object_component id="oc-17b">
         <name>.text:Mrfi_RxModeOff</name>
         <load_address>0xa978</load_address>
         <run_address>0xa978</run_address>
         <size>0x2c</size>
         <input_file_ref idref="fl-10"/>
      </object_component>
      <object_component id="oc-192">
         <name>.text:SHT21_RH_Calib</name>
         <load_address>0xa9a4</load_address>
         <run_address>0xa9a4</run_address>
         <size>0x2c</size>
         <input_file_ref idref="fl-2"/>
      </object_component>
      <object_component id="oc-1b7">
         <name>.text:handleLinkRequest</name>
         <load_address>0xa9d0</load_address>
         <run_address>0xa9d0</run_address>
         <size>0x2c</size>
         <input_file_ref idref="fl-c"/>
      </object_component>
      <object_component id="oc-17d">
         <name>.text:nwk_globalsInit</name>
         <load_address>0xa9fc</load_address>
         <run_address>0xa9fc</run_address>
         <size>0x2c</size>
         <input_file_ref idref="fl-8"/>
      </object_component>
      <object_component id="oc-b2">
         <name>.text</name>
         <load_address>0xaa28</load_address>
         <run_address>0xaa28</run_address>
         <size>0x2c</size>
         <input_file_ref idref="fl-43"/>
      </object_component>
      <object_component id="oc-194">
         <name>.text:nwk_checkConnInfo</name>
         <load_address>0xaa54</load_address>
         <run_address>0xaa54</run_address>
         <size>0x2a</size>
         <input_file_ref idref="fl-4"/>
      </object_component>
      <object_component id="oc-1af">
         <name>.text:nwk_processPing</name>
         <load_address>0xaa7e</load_address>
         <run_address>0xaa7e</run_address>
         <size>0x28</size>
         <input_file_ref idref="fl-e"/>
      </object_component>
      <object_component id="oc-1ae">
         <name>.text:Mrfi_RandomBackoffDelay</name>
         <load_address>0xaaa6</load_address>
         <run_address>0xaaa6</run_address>
         <size>0x26</size>
         <input_file_ref idref="fl-10"/>
      </object_component>
      <object_component id="oc-2d">
         <name>.text:_c_int00_noexit</name>
         <load_address>0xaacc</load_address>
         <run_address>0xaacc</run_address>
         <size>0x26</size>
         <input_file_ref idref="fl-3f"/>
      </object_component>
      <object_component id="oc-159">
         <name>.text:delay</name>
         <load_address>0xaaf2</load_address>
         <run_address>0xaaf2</run_address>
         <size>0x26</size>
         <input_file_ref idref="fl-2"/>
      </object_component>
      <object_component id="oc-140">
         <name>.text:nwk_connectionControl</name>
         <load_address>0xab18</load_address>
         <run_address>0xab18</run_address>
         <size>0x26</size>
         <input_file_ref idref="fl-a"/>
      </object_component>
      <object_component id="oc-184">
         <name>.text:nwk_linkInit</name>
         <load_address>0xab3e</load_address>
         <run_address>0xab3e</run_address>
         <size>0x26</size>
         <input_file_ref idref="fl-c"/>
      </object_component>
      <object_component id="oc-1b0">
         <name>.text:nwk_processLink</name>
         <load_address>0xab64</load_address>
         <run_address>0xab64</run_address>
         <size>0x26</size>
         <input_file_ref idref="fl-c"/>
      </object_component>
      <object_component id="oc-10e">
         <name>.text</name>
         <load_address>0xab8a</load_address>
         <run_address>0xab8a</run_address>
         <size>0x26</size>
         <input_file_ref idref="fl-5f"/>
      </object_component>
      <object_component id="oc-16e">
         <name>.text:MRFI_Sleep</name>
         <load_address>0xabb0</load_address>
         <run_address>0xabb0</run_address>
         <size>0x24</size>
         <input_file_ref idref="fl-10"/>
      </object_component>
      <object_component id="oc-de">
         <name>.text</name>
         <load_address>0xabd4</load_address>
         <run_address>0xabd4</run_address>
         <size>0x24</size>
         <input_file_ref idref="fl-4c"/>
      </object_component>
      <object_component id="oc-146">
         <name>.text:BSP_InitBoard</name>
         <load_address>0xabf8</load_address>
         <run_address>0xabf8</run_address>
         <size>0x22</size>
         <input_file_ref idref="fl-11"/>
      </object_component>
      <object_component id="oc-14e">
         <name>.text:MRFI_EnableRxAddrFilter</name>
         <load_address>0xac1a</load_address>
         <run_address>0xac1a</run_address>
         <size>0x22</size>
         <input_file_ref idref="fl-10"/>
      </object_component>
      <object_component id="oc-16c">
         <name>.text:MRFI_RxOn</name>
         <load_address>0xac3c</load_address>
         <run_address>0xac3c</run_address>
         <size>0x22</size>
         <input_file_ref idref="fl-10"/>
      </object_component>
      <object_component id="oc-1b8">
         <name>.text:handle_freq_cmd</name>
         <load_address>0xac5e</load_address>
         <run_address>0xac5e</run_address>
         <size>0x22</size>
         <input_file_ref idref="fl-9"/>
      </object_component>
      <object_component id="oc-1a0">
         <name>.text:memcmp</name>
         <load_address>0xac80</load_address>
         <run_address>0xac80</run_address>
         <size>0x22</size>
         <input_file_ref idref="fl-5a"/>
      </object_component>
      <object_component id="oc-139">
         <name>.text:BSP_Init</name>
         <load_address>0xaca2</load_address>
         <run_address>0xaca2</run_address>
         <size>0x20</size>
         <input_file_ref idref="fl-11"/>
      </object_component>
      <object_component id="oc-166">
         <name>.text:MRFI_RxCompleteISR</name>
         <load_address>0xacc2</load_address>
         <run_address>0xacc2</run_address>
         <size>0x20</size>
         <input_file_ref idref="fl-7"/>
      </object_component>
      <object_component id="oc-16b">
         <name>.text:MRFI_RxIdle</name>
         <load_address>0xace2</load_address>
         <run_address>0xace2</run_address>
         <size>0x20</size>
         <input_file_ref idref="fl-10"/>
      </object_component>
      <object_component id="oc-1b1">
         <name>.text:nwk_processJoin</name>
         <load_address>0xad02</load_address>
         <run_address>0xad02</run_address>
         <size>0x20</size>
         <input_file_ref idref="fl-b"/>
      </object_component>
      <object_component id="oc-161">
         <name>.text:mrfiSpiReadReg</name>
         <load_address>0xad22</load_address>
         <run_address>0xad22</run_address>
         <size>0x1e</size>
         <input_file_ref idref="fl-10"/>
      </object_component>
      <object_component id="oc-17f">
         <name>.text:nwk_QInit</name>
         <load_address>0xad40</load_address>
         <run_address>0xad40</run_address>
         <size>0x1e</size>
         <input_file_ref idref="fl-5"/>
      </object_component>
      <object_component id="oc-134">
         <name>.text:MRFI_GpioIsr</name>
         <load_address>0xad5e</load_address>
         <run_address>0xad5e</run_address>
         <size>0x1c</size>
         <input_file_ref idref="fl-10"/>
      </object_component>
      <object_component id="oc-15c">
         <name>.text:SHT21_RH_Read</name>
         <load_address>0xad7a</load_address>
         <run_address>0xad7a</run_address>
         <size>0x1c</size>
         <input_file_ref idref="fl-2"/>
      </object_component>
      <object_component id="oc-15d">
         <name>.text:SHT21_T_Read</name>
         <load_address>0xad96</load_address>
         <run_address>0xad96</run_address>
         <size>0x1c</size>
         <input_file_ref idref="fl-2"/>
      </object_component>
      <object_component id="oc-14b">
         <name>.text:nwk_setChannel</name>
         <load_address>0xadb2</load_address>
         <run_address>0xadb2</run_address>
         <size>0x1c</size>
         <input_file_ref idref="fl-9"/>
      </object_component>
      <object_component id="oc-16a">
         <name>.text:nwk_setMyAddress</name>
         <load_address>0xadce</load_address>
         <run_address>0xadce</run_address>
         <size>0x1c</size>
         <input_file_ref idref="fl-8"/>
      </object_component>
      <object_component id="oc-129">
         <name>.text:BSP_GpioPort1Isr</name>
         <load_address>0xadea</load_address>
         <run_address>0xadea</run_address>
         <size>0x1a</size>
         <input_file_ref idref="fl-10"/>
      </object_component>
      <object_component id="oc-178">
         <name>.text:mrfiSpiWriteReg</name>
         <load_address>0xae04</load_address>
         <run_address>0xae04</run_address>
         <size>0x1a</size>
         <input_file_ref idref="fl-10"/>
      </object_component>
      <object_component id="oc-17e">
         <name>.text:nwk_frameInit</name>
         <load_address>0xae1e</load_address>
         <run_address>0xae1e</run_address>
         <size>0x1a</size>
         <input_file_ref idref="fl-7"/>
      </object_component>
      <object_component id="oc-182">
         <name>.text:nwk_joinInit</name>
         <load_address>0xae38</load_address>
         <run_address>0xae38</run_address>
         <size>0x1a</size>
         <input_file_ref idref="fl-b"/>
      </object_component>
      <object_component id="oc-1a3">
         <name>.text:MRFI_RandomByte</name>
         <load_address>0xae52</load_address>
         <run_address>0xae52</run_address>
         <size>0x16</size>
         <input_file_ref idref="fl-10"/>
      </object_component>
      <object_component id="oc-19b">
         <name>.text:Mrfi_RxModeOn</name>
         <load_address>0xae68</load_address>
         <run_address>0xae68</run_address>
         <size>0x16</size>
         <input_file_ref idref="fl-10"/>
      </object_component>
      <object_component id="oc-b7">
         <name>.text</name>
         <load_address>0xae7e</load_address>
         <run_address>0xae7e</run_address>
         <size>0x16</size>
         <input_file_ref idref="fl-44"/>
      </object_component>
      <object_component id="oc-18f">
         <name>.text:I2C_Read_Init</name>
         <load_address>0xae94</load_address>
         <run_address>0xae94</run_address>
         <size>0x14</size>
         <input_file_ref idref="fl-2"/>
      </object_component>
      <object_component id="oc-18e">
         <name>.text:I2C_Write_Init</name>
         <load_address>0xaea8</load_address>
         <run_address>0xaea8</run_address>
         <size>0x14</size>
         <input_file_ref idref="fl-2"/>
      </object_component>
      <object_component id="oc-163">
         <name>.text:memset</name>
         <load_address>0xaebc</load_address>
         <run_address>0xaebc</run_address>
         <size>0x14</size>
         <input_file_ref idref="fl-5c"/>
      </object_component>
      <object_component id="oc-109">
         <name>.text</name>
         <load_address>0xaed0</load_address>
         <run_address>0xaed0</run_address>
         <size>0x14</size>
         <input_file_ref idref="fl-5e"/>
      </object_component>
      <object_component id="oc-156">
         <name>.text:ADXL362_Present</name>
         <load_address>0xaee4</load_address>
         <run_address>0xaee4</run_address>
         <size>0x12</size>
         <input_file_ref idref="fl-2"/>
      </object_component>
      <object_component id="oc-174">
         <name>.text:BSP_InitLeds</name>
         <load_address>0xaef6</load_address>
         <run_address>0xaef6</run_address>
         <size>0x12</size>
         <input_file_ref idref="fl-11"/>
      </object_component>
      <object_component id="oc-1bd">
         <name>.text:change_channel_cmd</name>
         <load_address>0xaf08</load_address>
         <run_address>0xaf08</run_address>
         <size>0x12</size>
         <input_file_ref idref="fl-9"/>
      </object_component>
      <object_component id="oc-135">
         <name>.text:memcpy</name>
         <load_address>0xaf1a</load_address>
         <run_address>0xaf1a</run_address>
         <size>0x12</size>
         <input_file_ref idref="fl-5b"/>
      </object_component>
      <object_component id="oc-14c">
         <name>.text:nwk_getMyAddress</name>
         <load_address>0xaf2c</load_address>
         <run_address>0xaf2c</run_address>
         <size>0x12</size>
         <input_file_ref idref="fl-8"/>
      </object_component>
      <object_component id="oc-18a">
         <name>.text:nwk_setLinkToken</name>
         <load_address>0xaf3e</load_address>
         <run_address>0xaf3e</run_address>
         <size>0x12</size>
         <input_file_ref idref="fl-c"/>
      </object_component>
      <object_component id="oc-17c">
         <name>.text:l_asr</name>
         <load_address>0xaf50</load_address>
         <run_address>0xaf50</run_address>
         <size>0x10</size>
         <input_file_ref idref="fl-3e"/>
      </object_component>
      <object_component id="oc-136">
         <name>.text</name>
         <load_address>0xaf60</load_address>
         <run_address>0xaf60</run_address>
         <size>0x10</size>
         <input_file_ref idref="fl-46"/>
      </object_component>
      <object_component id="oc-198">
         <name>.text:MRFI_Receive</name>
         <load_address>0xaf70</load_address>
         <run_address>0xaf70</run_address>
         <size>0xe</size>
         <input_file_ref idref="fl-10"/>
      </object_component>
      <object_component id="oc-1a8">
         <name>.text:StatusBlink_led1</name>
         <load_address>0xaf7e</load_address>
         <run_address>0xaf7e</run_address>
         <size>0xe</size>
         <input_file_ref idref="fl-2"/>
      </object_component>
      <object_component id="oc-1a9">
         <name>.text:StatusBlink_led2</name>
         <load_address>0xaf8c</load_address>
         <run_address>0xaf8c</run_address>
         <size>0xe</size>
         <input_file_ref idref="fl-2"/>
      </object_component>
      <object_component id="oc-1ad">
         <name>.text:mrfiSpiWriteTxFifo</name>
         <load_address>0xaf9a</load_address>
         <run_address>0xaf9a</run_address>
         <size>0xe</size>
         <input_file_ref idref="fl-10"/>
      </object_component>
      <object_component id="oc-18b">
         <name>.text:nwk_setAPAddress</name>
         <load_address>0xafa8</load_address>
         <run_address>0xafa8</run_address>
         <size>0xe</size>
         <input_file_ref idref="fl-8"/>
      </object_component>
      <object_component id="oc-1ac">
         <name>.text:MRFI_PostKillSem</name>
         <load_address>0xafb6</load_address>
         <run_address>0xafb6</run_address>
         <size>0xc</size>
         <input_file_ref idref="fl-10"/>
      </object_component>
      <object_component id="oc-1b6">
         <name>.text:handlePingRequest</name>
         <load_address>0xafc2</load_address>
         <run_address>0xafc2</run_address>
         <size>0xc</size>
         <input_file_ref idref="fl-e"/>
      </object_component>
      <object_component id="oc-162">
         <name>.text:mrfiSpiReadRxFifo</name>
         <load_address>0xafce</load_address>
         <run_address>0xafce</run_address>
         <size>0xc</size>
         <input_file_ref idref="fl-10"/>
      </object_component>
      <object_component id="oc-175">
         <name>.text:BSP_InitButtons</name>
         <load_address>0xafda</load_address>
         <run_address>0xafda</run_address>
         <size>0xa</size>
         <input_file_ref idref="fl-11"/>
      </object_component>
      <object_component id="oc-147">
         <name>.text:BSP_InitDrivers</name>
         <load_address>0xafe4</load_address>
         <run_address>0xafe4</run_address>
         <size>0xa</size>
         <input_file_ref idref="fl-11"/>
      </object_component>
      <object_component id="oc-180">
         <name>.text:nwk_freqInit</name>
         <load_address>0xafee</load_address>
         <run_address>0xafee</run_address>
         <size>0xa</size>
         <input_file_ref idref="fl-9"/>
      </object_component>
      <object_component id="oc-183">
         <name>.text:nwk_mgmtInit</name>
         <load_address>0xaff8</load_address>
         <run_address>0xaff8</run_address>
         <size>0xa</size>
         <input_file_ref idref="fl-d"/>
      </object_component>
      <object_component id="oc-181">
         <name>.text:nwk_pingInit</name>
         <load_address>0xb002</load_address>
         <run_address>0xb002</run_address>
         <size>0xa</size>
         <input_file_ref idref="fl-e"/>
      </object_component>
      <object_component id="oc-12a">
         <name>.text:ADC10_ISR</name>
         <load_address>0xb00c</load_address>
         <run_address>0xb00c</run_address>
         <size>0x8</size>
         <input_file_ref idref="fl-2"/>
      </object_component>
      <object_component id="oc-12d">
         <name>.text:TimerB_ISR</name>
         <load_address>0xb014</load_address>
         <run_address>0xb014</run_address>
         <size>0x8</size>
         <input_file_ref idref="fl-2"/>
      </object_component>
      <object_component id="oc-173">
         <name>.text:nwk_getChannel</name>
         <load_address>0xb01c</load_address>
         <run_address>0xb01c</run_address>
         <size>0x8</size>
         <input_file_ref idref="fl-9"/>
      </object_component>
      <object_component id="oc-188">
         <name>.text:MRFI_GetRadioState</name>
         <load_address>0xb024</load_address>
         <run_address>0xb024</run_address>
         <size>0x6</size>
         <input_file_ref idref="fl-10"/>
      </object_component>
      <object_component id="oc-151">
         <name>.text:SMPL_Link</name>
         <load_address>0xb02a</load_address>
         <run_address>0xb02a</run_address>
         <size>0x6</size>
         <input_file_ref idref="fl-6"/>
      </object_component>
      <object_component id="oc-e3">
         <name>.text:_isr:__TI_ISR_TRAP</name>
         <load_address>0xb030</load_address>
         <run_address>0xb030</run_address>
         <size>0x6</size>
         <input_file_ref idref="fl-56"/>
      </object_component>
      <object_component id="oc-169">
         <name>.text:nwk_freeConnection</name>
         <load_address>0xb036</load_address>
         <run_address>0xb036</run_address>
         <size>0x6</size>
         <input_file_ref idref="fl-4"/>
      </object_component>
      <object_component id="oc-186">
         <name>.text:nwk_getBCastAddress</name>
         <load_address>0xb03c</load_address>
         <run_address>0xb03c</run_address>
         <size>0x6</size>
         <input_file_ref idref="fl-8"/>
      </object_component>
      <object_component id="oc-13f">
         <name>.text:nwk_getFWVersion</name>
         <load_address>0xb042</load_address>
         <run_address>0xb042</run_address>
         <size>0x6</size>
         <input_file_ref idref="fl-8"/>
      </object_component>
      <object_component id="oc-1a7">
         <name>.text:nwk_getMyRxType</name>
         <load_address>0xb048</load_address>
         <run_address>0xb048</run_address>
         <size>0x6</size>
         <input_file_ref idref="fl-7"/>
      </object_component>
      <object_component id="oc-13e">
         <name>.text:nwk_getProtocolVersion</name>
         <load_address>0xb04e</load_address>
         <run_address>0xb04e</run_address>
         <size>0x6</size>
         <input_file_ref idref="fl-8"/>
      </object_component>
      <object_component id="oc-12f">
         <name>.text:_system_pre_init</name>
         <load_address>0xb054</load_address>
         <run_address>0xb054</run_address>
         <size>0x4</size>
         <input_file_ref idref="fl-60"/>
      </object_component>
      <object_component id="oc-132">
         <name>.text:abort</name>
         <load_address>0xb058</load_address>
         <run_address>0xb058</run_address>
         <size>0x4</size>
         <input_file_ref idref="fl-47"/>
      </object_component>
      <object_component id="oc-1b2">
         <name>.text:nwk_processSecurity</name>
         <load_address>0xb05c</load_address>
         <run_address>0xb05c</run_address>
         <size>0x4</size>
         <input_file_ref idref="fl-f"/>
      </object_component>
      <object_component id="oc-1bc">
         <name>.text:send_ping_reply</name>
         <load_address>0xb060</load_address>
         <run_address>0xb060</run_address>
         <size>0x4</size>
         <input_file_ref idref="fl-9"/>
      </object_component>
      <object_component id="oc-12e">
         <name>.text:_nop</name>
         <load_address>0xb064</load_address>
         <run_address>0xb064</run_address>
         <size>0x2</size>
         <input_file_ref idref="fl-61"/>
      </object_component>
      <object_component id="oc-185">
         <name>.text:nwk_securityInit</name>
         <load_address>0xb066</load_address>
         <run_address>0xb066</run_address>
         <size>0x2</size>
         <input_file_ref idref="fl-f"/>
      </object_component>
      <object_component id="oc-30">
         <name>.cinit</name>
         <load_address>0xb068</load_address>
         <run_address>0xb068</run_address>
         <size>0x46</size>
         <input_file_ref idref="fl-2"/>
      </object_component>
      <object_component id="oc-73">
         <name>.cinit</name>
         <load_address>0xb0ae</load_address>
         <run_address>0xb0ae</run_address>
         <size>0x19</size>
         <input_file_ref idref="fl-c"/>
      </object_component>
      <object_component id="oc-8d">
         <name>.cinit</name>
         <load_address>0xb0c8</load_address>
         <run_address>0xb0c8</run_address>
         <size>0x17</size>
         <input_file_ref idref="fl-10"/>
      </object_component>
      <object_component id="oc-3d">
         <name>.cinit</name>
         <load_address>0xb0e0</load_address>
         <run_address>0xb0e0</run_address>
         <size>0x13</size>
         <input_file_ref idref="fl-4"/>
      </object_component>
      <object_component id="oc-6c">
         <name>.cinit</name>
         <load_address>0xb0f4</load_address>
         <run_address>0xb0f4</run_address>
         <size>0x13</size>
         <input_file_ref idref="fl-b"/>
      </object_component>
      <object_component id="oc-60">
         <name>.cinit</name>
         <load_address>0xb108</load_address>
         <run_address>0xb108</run_address>
         <size>0xb</size>
         <input_file_ref idref="fl-9"/>
      </object_component>
      <object_component id="oc-51">
         <name>.cinit</name>
         <load_address>0xb114</load_address>
         <run_address>0xb114</run_address>
         <size>0x6</size>
         <input_file_ref idref="fl-7"/>
      </object_component>
      <object_component id="oc-4a">
         <name>.cinit</name>
         <load_address>0xb11a</load_address>
         <run_address>0xb11a</run_address>
         <size>0x5</size>
         <input_file_ref idref="fl-6"/>
      </object_component>
      <object_component id="oc-58">
         <name>.cinit</name>
         <load_address>0xb120</load_address>
         <run_address>0xb120</run_address>
         <size>0x5</size>
         <input_file_ref idref="fl-8"/>
      </object_component>
      <object_component id="oc-7a">
         <name>.cinit</name>
         <load_address>0xb126</load_address>
         <run_address>0xb126</run_address>
         <size>0x5</size>
         <input_file_ref idref="fl-d"/>
      </object_component>
      <object_component id="oc-81">
         <name>.cinit</name>
         <load_address>0xb12c</load_address>
         <run_address>0xb12c</run_address>
         <size>0x5</size>
         <input_file_ref idref="fl-e"/>
      </object_component>
      <object_component id="oc-179">
         <name>.const:mrfiRadioCfg</name>
         <load_address>0xb134</load_address>
         <run_address>0xb134</run_address>
         <size>0x3e</size>
         <input_file_ref idref="fl-10"/>
      </object_component>
      <object_component id="oc-59">
         <name>.const</name>
         <load_address>0xb172</load_address>
         <run_address>0xb172</run_address>
         <size>0xd</size>
         <input_file_ref idref="fl-8"/>
      </object_component>
      <object_component id="oc-1aa">
         <name>.const:func</name>
         <load_address>0xb180</load_address>
         <run_address>0xb180</run_address>
         <size>0xc</size>
         <input_file_ref idref="fl-7"/>
      </object_component>
      <object_component id="oc-187">
         <name>.const:.string:mrfiBroadcastAddr</name>
         <load_address>0xb18c</load_address>
         <run_address>0xb18c</run_address>
         <size>0x4</size>
         <input_file_ref idref="fl-10"/>
      </object_component>
      <object_component id="oc-1a2">
         <name>.const:.string:mrfiLogicalChanTable</name>
         <load_address>0xb190</load_address>
         <run_address>0xb190</run_address>
         <size>0x4</size>
         <input_file_ref idref="fl-10"/>
      </object_component>
      <object_component id="oc-31">
         <name>.const:.string</name>
         <load_address>0xb194</load_address>
         <run_address>0xb194</run_address>
         <size>0x2</size>
         <input_file_ref idref="fl-2"/>
      </object_component>
      <object_component id="oc-1e">
         <name>.int00</name>
         <load_address>0xffe0</load_address>
         <run_address>0xffe0</run_address>
         <size>0x2</size>
         <input_file_ref idref="fl-4d"/>
      </object_component>
      <object_component id="oc-1f">
         <name>.int01</name>
         <load_address>0xffe2</load_address>
         <run_address>0xffe2</run_address>
         <size>0x2</size>
         <input_file_ref idref="fl-4e"/>
      </object_component>
      <object_component id="oc-20">
         <name>.int02</name>
         <load_address>0xffe4</load_address>
         <run_address>0xffe4</run_address>
         <size>0x2</size>
         <input_file_ref idref="fl-2"/>
      </object_component>
      <object_component id="oc-21">
         <name>.int03</name>
         <load_address>0xffe6</load_address>
         <run_address>0xffe6</run_address>
         <size>0x2</size>
         <input_file_ref idref="fl-10"/>
      </object_component>
      <object_component id="oc-22">
         <name>.int04</name>
         <load_address>0xffe8</load_address>
         <run_address>0xffe8</run_address>
         <size>0x2</size>
         <input_file_ref idref="fl-4f"/>
      </object_component>
      <object_component id="oc-23">
         <name>.int05</name>
         <load_address>0xffea</load_address>
         <run_address>0xffea</run_address>
         <size>0x2</size>
         <input_file_ref idref="fl-2"/>
      </object_component>
      <object_component id="oc-24">
         <name>.int06</name>
         <load_address>0xffec</load_address>
         <run_address>0xffec</run_address>
         <size>0x2</size>
         <input_file_ref idref="fl-2"/>
      </object_component>
      <object_component id="oc-25">
         <name>.int07</name>
         <load_address>0xffee</load_address>
         <run_address>0xffee</run_address>
         <size>0x2</size>
         <input_file_ref idref="fl-2"/>
      </object_component>
      <object_component id="oc-26">
         <name>.int08</name>
         <load_address>0xfff0</load_address>
         <run_address>0xfff0</run_address>
         <size>0x2</size>
         <input_file_ref idref="fl-50"/>
      </object_component>
      <object_component id="oc-27">
         <name>.int09</name>
         <load_address>0xfff2</load_address>
         <run_address>0xfff2</run_address>
         <size>0x2</size>
         <input_file_ref idref="fl-51"/>
      </object_component>
      <object_component id="oc-28">
         <name>.int10</name>
         <load_address>0xfff4</load_address>
         <run_address>0xfff4</run_address>
         <size>0x2</size>
         <input_file_ref idref="fl-52"/>
      </object_component>
      <object_component id="oc-29">
         <name>.int11</name>
         <load_address>0xfff6</load_address>
         <run_address>0xfff6</run_address>
         <size>0x2</size>
         <input_file_ref idref="fl-53"/>
      </object_component>
      <object_component id="oc-2a">
         <name>.int12</name>
         <load_address>0xfff8</load_address>
         <run_address>0xfff8</run_address>
         <size>0x2</size>
         <input_file_ref idref="fl-54"/>
      </object_component>
      <object_component id="oc-2b">
         <name>.int13</name>
         <load_address>0xfffa</load_address>
         <run_address>0xfffa</run_address>
         <size>0x2</size>
         <input_file_ref idref="fl-2"/>
      </object_component>
      <object_component id="oc-2c">
         <name>.int14</name>
         <load_address>0xfffc</load_address>
         <run_address>0xfffc</run_address>
         <size>0x2</size>
         <input_file_ref idref="fl-55"/>
      </object_component>
      <object_component id="oc-9e">
         <name>.reset</name>
         <load_address>0xfffe</load_address>
         <run_address>0xfffe</run_address>
         <size>0x2</size>
         <input_file_ref idref="fl-3f"/>
      </object_component>
      <object_component id="oc-2f">
         <name>.debug_info</name>
         <load_address>0x0</load_address>
         <run_address>0x0</run_address>
         <size>0x2e59</size>
         <input_file_ref idref="fl-2"/>
      </object_component>
      <object_component id="oc-37">
         <name>.debug_info</name>
         <load_address>0x2e59</load_address>
         <run_address>0x2e59</run_address>
         <size>0x156</size>
         <input_file_ref idref="fl-3"/>
      </object_component>
      <object_component id="oc-3c">
         <name>.debug_info</name>
         <load_address>0x2faf</load_address>
         <run_address>0x2faf</run_address>
         <size>0x1428</size>
         <input_file_ref idref="fl-4"/>
      </object_component>
      <object_component id="oc-43">
         <name>.debug_info</name>
         <load_address>0x43d7</load_address>
         <run_address>0x43d7</run_address>
         <size>0xc21</size>
         <input_file_ref idref="fl-5"/>
      </object_component>
      <object_component id="oc-49">
         <name>.debug_info</name>
         <load_address>0x4ff8</load_address>
         <run_address>0x4ff8</run_address>
         <size>0x14c8</size>
         <input_file_ref idref="fl-6"/>
      </object_component>
      <object_component id="oc-50">
         <name>.debug_info</name>
         <load_address>0x64c0</load_address>
         <run_address>0x64c0</run_address>
         <size>0x1309</size>
         <input_file_ref idref="fl-7"/>
      </object_component>
      <object_component id="oc-57">
         <name>.debug_info</name>
         <load_address>0x77c9</load_address>
         <run_address>0x77c9</run_address>
         <size>0xa04</size>
         <input_file_ref idref="fl-8"/>
      </object_component>
      <object_component id="oc-5f">
         <name>.debug_info</name>
         <load_address>0x81cd</load_address>
         <run_address>0x81cd</run_address>
         <size>0x1517</size>
         <input_file_ref idref="fl-9"/>
      </object_component>
      <object_component id="oc-65">
         <name>.debug_info</name>
         <load_address>0x96e4</load_address>
         <run_address>0x96e4</run_address>
         <size>0x11f5</size>
         <input_file_ref idref="fl-a"/>
      </object_component>
      <object_component id="oc-6b">
         <name>.debug_info</name>
         <load_address>0xa8d9</load_address>
         <run_address>0xa8d9</run_address>
         <size>0xffa</size>
         <input_file_ref idref="fl-b"/>
      </object_component>
      <object_component id="oc-72">
         <name>.debug_info</name>
         <load_address>0xb8d3</load_address>
         <run_address>0xb8d3</run_address>
         <size>0x18c7</size>
         <input_file_ref idref="fl-c"/>
      </object_component>
      <object_component id="oc-79">
         <name>.debug_info</name>
         <load_address>0xd19a</load_address>
         <run_address>0xd19a</run_address>
         <size>0xa8f</size>
         <input_file_ref idref="fl-d"/>
      </object_component>
      <object_component id="oc-80">
         <name>.debug_info</name>
         <load_address>0xdc29</load_address>
         <run_address>0xdc29</run_address>
         <size>0x105f</size>
         <input_file_ref idref="fl-e"/>
      </object_component>
      <object_component id="oc-86">
         <name>.debug_info</name>
         <load_address>0xec88</load_address>
         <run_address>0xec88</run_address>
         <size>0x4b6</size>
         <input_file_ref idref="fl-f"/>
      </object_component>
      <object_component id="oc-8c">
         <name>.debug_info</name>
         <load_address>0xf13e</load_address>
         <run_address>0xf13e</run_address>
         <size>0x2a1d</size>
         <input_file_ref idref="fl-10"/>
      </object_component>
      <object_component id="oc-92">
         <name>.debug_info</name>
         <load_address>0x11b5b</load_address>
         <run_address>0x11b5b</run_address>
         <size>0xbbb</size>
         <input_file_ref idref="fl-11"/>
      </object_component>
      <object_component id="oc-97">
         <name>.debug_info</name>
         <load_address>0x12716</load_address>
         <run_address>0x12716</run_address>
         <size>0xf1</size>
         <input_file_ref idref="fl-3e"/>
      </object_component>
      <object_component id="oc-9c">
         <name>.debug_info</name>
         <load_address>0x12807</load_address>
         <run_address>0x12807</run_address>
         <size>0x3d9</size>
         <input_file_ref idref="fl-3f"/>
      </object_component>
      <object_component id="oc-a3">
         <name>.debug_info</name>
         <load_address>0x12be0</load_address>
         <run_address>0x12be0</run_address>
         <size>0x276</size>
         <input_file_ref idref="fl-40"/>
      </object_component>
      <object_component id="oc-a8">
         <name>.debug_info</name>
         <load_address>0x12e56</load_address>
         <run_address>0x12e56</run_address>
         <size>0x21b</size>
         <input_file_ref idref="fl-41"/>
      </object_component>
      <object_component id="oc-ad">
         <name>.debug_info</name>
         <load_address>0x13071</load_address>
         <run_address>0x13071</run_address>
         <size>0x231</size>
         <input_file_ref idref="fl-42"/>
      </object_component>
      <object_component id="oc-b3">
         <name>.debug_info</name>
         <load_address>0x132a2</load_address>
         <run_address>0x132a2</run_address>
         <size>0xcb</size>
         <input_file_ref idref="fl-43"/>
      </object_component>
      <object_component id="oc-b8">
         <name>.debug_info</name>
         <load_address>0x1336d</load_address>
         <run_address>0x1336d</run_address>
         <size>0xbe</size>
         <input_file_ref idref="fl-44"/>
      </object_component>
      <object_component id="oc-bd">
         <name>.debug_info</name>
         <load_address>0x1342b</load_address>
         <run_address>0x1342b</run_address>
         <size>0xc0</size>
         <input_file_ref idref="fl-45"/>
      </object_component>
      <object_component id="oc-c1">
         <name>.debug_info</name>
         <load_address>0x134eb</load_address>
         <run_address>0x134eb</run_address>
         <size>0xc7</size>
         <input_file_ref idref="fl-46"/>
      </object_component>
      <object_component id="oc-c5">
         <name>.debug_info</name>
         <load_address>0x135b2</load_address>
         <run_address>0x135b2</run_address>
         <size>0x29b</size>
         <input_file_ref idref="fl-47"/>
      </object_component>
      <object_component id="oc-cb">
         <name>.debug_info</name>
         <load_address>0x1384d</load_address>
         <run_address>0x1384d</run_address>
         <size>0xc2</size>
         <input_file_ref idref="fl-48"/>
      </object_component>
      <object_component id="oc-d0">
         <name>.debug_info</name>
         <load_address>0x1390f</load_address>
         <run_address>0x1390f</run_address>
         <size>0xc2</size>
         <input_file_ref idref="fl-49"/>
      </object_component>
      <object_component id="oc-d5">
         <name>.debug_info</name>
         <load_address>0x139d1</load_address>
         <run_address>0x139d1</run_address>
         <size>0xd4</size>
         <input_file_ref idref="fl-4a"/>
      </object_component>
      <object_component id="oc-da">
         <name>.debug_info</name>
         <load_address>0x13aa5</load_address>
         <run_address>0x13aa5</run_address>
         <size>0xce</size>
         <input_file_ref idref="fl-4b"/>
      </object_component>
      <object_component id="oc-df">
         <name>.debug_info</name>
         <load_address>0x13b73</load_address>
         <run_address>0x13b73</run_address>
         <size>0xc5</size>
         <input_file_ref idref="fl-4c"/>
      </object_component>
      <object_component id="oc-e4">
         <name>.debug_info</name>
         <load_address>0x13c38</load_address>
         <run_address>0x13c38</run_address>
         <size>0xba</size>
         <input_file_ref idref="fl-56"/>
      </object_component>
      <object_component id="oc-e8">
         <name>.debug_info</name>
         <load_address>0x13cf2</load_address>
         <run_address>0x13cf2</run_address>
         <size>0xc1</size>
         <input_file_ref idref="fl-57"/>
      </object_component>
      <object_component id="oc-ed">
         <name>.debug_info</name>
         <load_address>0x13db3</load_address>
         <run_address>0x13db3</run_address>
         <size>0xbb</size>
         <input_file_ref idref="fl-58"/>
      </object_component>
      <object_component id="oc-f1">
         <name>.debug_info</name>
         <load_address>0x13e6e</load_address>
         <run_address>0x13e6e</run_address>
         <size>0xc1</size>
         <input_file_ref idref="fl-59"/>
      </object_component>
      <object_component id="oc-f5">
         <name>.debug_info</name>
         <load_address>0x13f2f</load_address>
         <run_address>0x13f2f</run_address>
         <size>0x2fd</size>
         <input_file_ref idref="fl-5a"/>
      </object_component>
      <object_component id="oc-fa">
         <name>.debug_info</name>
         <load_address>0x1422c</load_address>
         <run_address>0x1422c</run_address>
         <size>0x2ba</size>
         <input_file_ref idref="fl-5b"/>
      </object_component>
      <object_component id="oc-ff">
         <name>.debug_info</name>
         <load_address>0x144e6</load_address>
         <run_address>0x144e6</run_address>
         <size>0x2d5</size>
         <input_file_ref idref="fl-5c"/>
      </object_component>
      <object_component id="oc-104">
         <name>.debug_info</name>
         <load_address>0x147bb</load_address>
         <run_address>0x147bb</run_address>
         <size>0x270</size>
         <input_file_ref idref="fl-5d"/>
      </object_component>
      <object_component id="oc-10a">
         <name>.debug_info</name>
         <load_address>0x14a2b</load_address>
         <run_address>0x14a2b</run_address>
         <size>0xbe</size>
         <input_file_ref idref="fl-5e"/>
      </object_component>
      <object_component id="oc-10f">
         <name>.debug_info</name>
         <load_address>0x14ae9</load_address>
         <run_address>0x14ae9</run_address>
         <size>0xbe</size>
         <input_file_ref idref="fl-5f"/>
      </object_component>
      <object_component id="oc-113">
         <name>.debug_info</name>
         <load_address>0x14ba7</load_address>
         <run_address>0x14ba7</run_address>
         <size>0x22d</size>
         <input_file_ref idref="fl-60"/>
      </object_component>
      <object_component id="oc-119">
         <name>.debug_info</name>
         <load_address>0x14dd4</load_address>
         <run_address>0x14dd4</run_address>
         <size>0x249</size>
         <input_file_ref idref="fl-61"/>
      </object_component>
      <object_component id="oc-11e">
         <name>.debug_info</name>
         <load_address>0x1501d</load_address>
         <run_address>0x1501d</run_address>
         <size>0x288</size>
         <input_file_ref idref="fl-62"/>
      </object_component>
      <object_component id="oc-123">
         <name>.debug_info</name>
         <load_address>0x152a5</load_address>
         <run_address>0x152a5</run_address>
         <size>0x34f</size>
         <input_file_ref idref="fl-63"/>
      </object_component>
      <object_component id="oc-1e8">
         <name>.debug_info</name>
         <load_address>0x155f4</load_address>
         <run_address>0x155f4</run_address>
         <size>0xf3</size>
      </object_component>
      <object_component id="oc-32">
         <name>.debug_frame</name>
         <load_address>0x0</load_address>
         <run_address>0x0</run_address>
         <size>0x34e</size>
         <input_file_ref idref="fl-2"/>
      </object_component>
      <object_component id="oc-3e">
         <name>.debug_frame</name>
         <load_address>0x34e</load_address>
         <run_address>0x34e</run_address>
         <size>0x194</size>
         <input_file_ref idref="fl-4"/>
      </object_component>
      <object_component id="oc-44">
         <name>.debug_frame</name>
         <load_address>0x4e2</load_address>
         <run_address>0x4e2</run_address>
         <size>0xc4</size>
         <input_file_ref idref="fl-5"/>
      </object_component>
      <object_component id="oc-4b">
         <name>.debug_frame</name>
         <load_address>0x5a6</load_address>
         <run_address>0x5a6</run_address>
         <size>0xae</size>
         <input_file_ref idref="fl-6"/>
      </object_component>
      <object_component id="oc-52">
         <name>.debug_frame</name>
         <load_address>0x654</load_address>
         <run_address>0x654</run_address>
         <size>0x12b</size>
         <input_file_ref idref="fl-7"/>
      </object_component>
      <object_component id="oc-5a">
         <name>.debug_frame</name>
         <load_address>0x77f</load_address>
         <run_address>0x77f</run_address>
         <size>0xe0</size>
         <input_file_ref idref="fl-8"/>
      </object_component>
      <object_component id="oc-61">
         <name>.debug_frame</name>
         <load_address>0x85f</load_address>
         <run_address>0x85f</run_address>
         <size>0x13f</size>
         <input_file_ref idref="fl-9"/>
      </object_component>
      <object_component id="oc-66">
         <name>.debug_frame</name>
         <load_address>0x99e</load_address>
         <run_address>0x99e</run_address>
         <size>0xbf</size>
         <input_file_ref idref="fl-a"/>
      </object_component>
      <object_component id="oc-6d">
         <name>.debug_frame</name>
         <load_address>0xa5d</load_address>
         <run_address>0xa5d</run_address>
         <size>0x95</size>
         <input_file_ref idref="fl-b"/>
      </object_component>
      <object_component id="oc-74">
         <name>.debug_frame</name>
[...]
         <value>0xad22</value>
         <object_component_ref idref="oc-161"/>
      </symbol>
      <symbol id="sm-509">
         <name>mrfiSpiReadRxFifo</name>
         <value>0xafce</value>
         <object_component_ref idref="oc-162"/>
      </symbol>
      <symbol id="sm-50a">
         <name>MRFI_ReplyDelay</name>
         <value>0xa476</value>
         <object_component_ref idref="oc-189"/>
      </symbol>
      <symbol id="sm-50b">
         <name>MRFI_WakeUp</name>
         <value>0x9ee2</value>
         <object_component_ref idref="oc-14a"/>
      </symbol>
      <symbol id="sm-50c">
         <name>MRFI_Transmit</name>
         <value>0x8f6a</value>
         <object_component_ref idref="oc-19c"/>
      </symbol>
      <symbol id="sm-50d">
         <name>mrfiSpiWriteReg</name>
         <value>0xae04</value>
         <object_component_ref idref="oc-178"/>
      </symbol>
      <symbol id="sm-50e">
         <name>mrfiSpiWriteTxFifo</name>
         <value>0xaf9a</value>
         <object_component_ref idref="oc-1ad"/>
      </symbol>
      <symbol id="sm-50f">
         <name>MRFI_RxIdle</name>
         <value>0xace2</value>
         <object_component_ref idref="oc-16b"/>
      </symbol>
      <symbol id="sm-510">
         <name>MRFI_GetRadioState</name>
         <value>0xb024</value>
         <object_component_ref idref="oc-188"/>
      </symbol>
      <symbol id="sm-511">
         <name>MRFI_EnableRxAddrFilter</name>
         <value>0xac1a</value>
         <object_component_ref idref="oc-14e"/>
      </symbol>
      <symbol id="sm-512">
         <name>mrfiSpiInit</name>
         <value>0xa608</value>
         <object_component_ref idref="oc-176"/>
      </symbol>
      <symbol id="sm-513">
         <name>MRFI_Receive</name>
         <value>0xaf70</value>
         <object_component_ref idref="oc-198"/>
      </symbol>
      <symbol id="sm-514">
         <name>BSP_GpioPort1Isr</name>
         <value>0xadea</value>
         <object_component_ref idref="oc-129"/>
      </symbol>
      <symbol id="sm-530">
         <name>BSP_Init</name>
         <value>0xaca2</value>
         <object_component_ref idref="oc-139"/>
      </symbol>
      <symbol id="sm-531">
         <name>BSP_InitButtons</name>
         <value>0xafda</value>
         <object_component_ref idref="oc-175"/>
      </symbol>
      <symbol id="sm-532">
         <name>BSP_InitBoard</name>
         <value>0xabf8</value>
         <object_component_ref idref="oc-146"/>
      </symbol>
      <symbol id="sm-533">
         <name>BSP_InitLeds</name>
         <value>0xaef6</value>
         <object_component_ref idref="oc-174"/>
      </symbol>
      <symbol id="sm-534">
         <name>BSP_Delay</name>
         <value>0xa59c</value>
         <object_component_ref idref="oc-1a1"/>
      </symbol>
      <symbol id="sm-535">
         <name>BSP_InitDrivers</name>
         <value>0xafe4</value>
         <object_component_ref idref="oc-147"/>
      </symbol>
      <symbol id="sm-545">
         <name>L_ASR_12</name>
         <value>0xa406</value>
         <object_component_ref idref="oc-150"/>
      </symbol>
      <symbol id="sm-546">
         <name>L_ASR_13</name>
         <value>0xa402</value>
         <object_component_ref idref="oc-150"/>
      </symbol>
      <symbol id="sm-547">
         <name>L_ASR_10</name>
         <value>0xa40e</value>
         <object_component_ref idref="oc-150"/>
      </symbol>
      <symbol id="sm-548">
         <name>L_ASR_11</name>
         <value>0xa40a</value>
         <object_component_ref idref="oc-150"/>
      </symbol>
      <symbol id="sm-549">
         <name>L_ASR_14</name>
         <value>0xa3fe</value>
         <object_component_ref idref="oc-150"/>
      </symbol>
      <symbol id="sm-54a">
         <name>L_ASR_15</name>
         <value>0xa3fa</value>
         <object_component_ref idref="oc-150"/>
      </symbol>
      <symbol id="sm-54b">
         <name>L_ASR_3</name>
         <value>0xa42a</value>
         <object_component_ref idref="oc-150"/>
      </symbol>
      <symbol id="sm-54c">
         <name>L_ASR_2</name>
         <value>0xa42e</value>
         <object_component_ref idref="oc-150"/>
      </symbol>
      <symbol id="sm-54d">
         <name>L_ASR_1</name>
         <value>0xa432</value>
         <object_component_ref idref="oc-150"/>
      </symbol>
      <symbol id="sm-54e">
         <name>L_ASR_7</name>
         <value>0xa41a</value>
         <object_component_ref idref="oc-150"/>
      </symbol>
      <symbol id="sm-54f">
         <name>L_ASR_6</name>
         <value>0xa41e</value>
         <object_component_ref idref="oc-150"/>
      </symbol>
      <symbol id="sm-550">
         <name>L_ASR_5</name>
         <value>0xa422</value>
         <object_component_ref idref="oc-150"/>
      </symbol>
      <symbol id="sm-551">
         <name>L_ASR_4</name>
         <value>0xa426</value>
         <object_component_ref idref="oc-150"/>
      </symbol>
      <symbol id="sm-552">
         <name>L_ASR_9</name>
         <value>0xa412</value>
         <object_component_ref idref="oc-150"/>
      </symbol>
      <symbol id="sm-553">
         <name>L_ASR_8</name>
         <value>0xa416</value>
         <object_component_ref idref="oc-150"/>
      </symbol>
      <symbol id="sm-554">
         <name>L_ASR</name>
         <value>0xaf50</value>
         <object_component_ref idref="oc-17c"/>
      </symbol>
      <symbol id="sm-567">
         <name>_c_int00_noexit</name>
         <value>0xaacc</value>
         <object_component_ref idref="oc-2d"/>
      </symbol>
      <symbol id="sm-568">
         <name>_c_int00</name>
         <value>0xaacc</value>
         <object_component_ref idref="oc-2d"/>
      </symbol>
      <symbol id="sm-569">
         <name>_stack</name>
         <value>0x5b0</value>
         <object_component_ref idref="oc-9d"/>
      </symbol>
      <symbol id="sm-56a">
         <name>__TI_dtors_ptr</name>
         <value>0x38a</value>
         <object_component_ref idref="oc-9b"/>
      </symbol>
      <symbol id="sm-56b">
         <name>__TI_cleanup_ptr</name>
         <value>0x388</value>
         <object_component_ref idref="oc-9b"/>
      </symbol>
      <symbol id="sm-56c">
         <name>_reset_vector</name>
         <value>0xfffe</value>
         <object_component_ref idref="oc-9e"/>
      </symbol>
      <symbol id="sm-597">
         <name>__remi</name>
         <value>0xaa28</value>
         <object_component_ref idref="oc-b2"/>
      </symbol>
      <symbol id="sm-598">
         <name>__divi</name>
         <value>0xaa28</value>
         <object_component_ref idref="oc-b2"/>
      </symbol>
      <symbol id="sm-5a6">
         <name>__remu</name>
         <value>0xae7e</value>
         <object_component_ref idref="oc-b7"/>
      </symbol>
      <symbol id="sm-5a7">
         <name>__divu</name>
         <value>0xae7e</value>
         <object_component_ref idref="oc-b7"/>
      </symbol>
      <symbol id="sm-5b9">
         <name>__divul</name>
         <value>0x9e8a</value>
         <object_component_ref idref="oc-bc"/>
      </symbol>
      <symbol id="sm-5ba">
         <name>__remul</name>
         <value>0x9e8a</value>
         <object_component_ref idref="oc-bc"/>
      </symbol>
      <symbol id="sm-5c7">
         <name>func_epilog_1</name>
         <value>0xaf6c</value>
         <object_component_ref idref="oc-136"/>
      </symbol>
      <symbol id="sm-5c8">
         <name>func_epilog_2</name>
         <value>0xaf6a</value>
         <object_component_ref idref="oc-136"/>
      </symbol>
      <symbol id="sm-5c9">
         <name>func_epilog_3</name>
         <value>0xaf68</value>
         <object_component_ref idref="oc-136"/>
      </symbol>
      <symbol id="sm-5ca">
         <name>func_epilog_4</name>
         <value>0xaf66</value>
         <object_component_ref idref="oc-136"/>
      </symbol>
      <symbol id="sm-5cb">
         <name>func_epilog_5</name>
         <value>0xaf64</value>
         <object_component_ref idref="oc-136"/>
      </symbol>
      <symbol id="sm-5cc">
         <name>func_epilog_6</name>
         <value>0xaf62</value>
         <object_component_ref idref="oc-136"/>
      </symbol>
      <symbol id="sm-5cd">
         <name>func_epilog_7</name>
         <value>0xaf60</value>
         <object_component_ref idref="oc-136"/>
      </symbol>
      <symbol id="sm-5da">
         <name>C$$EXIT</name>
         <value>0xb058</value>
         <object_component_ref idref="oc-132"/>
      </symbol>
      <symbol id="sm-5db">
         <name>abort</name>
         <value>0xb058</value>
         <object_component_ref idref="oc-132"/>
      </symbol>
      <symbol id="sm-5dc">
         <name>__TI_exit</name>
         <value>0x1</value>
      </symbol>
      <symbol id="sm-5fb">
         <name>__fs_add</name>
         <value>0x8d14</value>
         <object_component_ref idref="oc-ca"/>
      </symbol>
      <symbol id="sm-5fc">
         <name>__fs_sub</name>
         <value>0x8d0e</value>
         <object_component_ref idref="oc-ca"/>
      </symbol>
      <symbol id="sm-617">
         <name>__fs_mpy</name>
         <value>0x9318</value>
         <object_component_ref idref="oc-cf"/>
      </symbol>
      <symbol id="sm-62d">
         <name>__fs_toi</name>
         <value>0x9d02</value>
         <object_component_ref idref="oc-d4"/>
      </symbol>
      <symbol id="sm-640">
         <name>__fs_tou</name>
         <value>0xa264</value>
         <object_component_ref idref="oc-d9"/>
      </symbol>
      <symbol id="sm-64f">
         <name>__fs_utof</name>
         <value>0xabd4</value>
         <object_component_ref idref="oc-de"/>
      </symbol>
      <symbol id="sm-653">
         <name>__TI_int00</name>
         <value>0xffe0</value>
         <object_component_ref idref="oc-1e"/>
      </symbol>
      <symbol id="sm-657">
         <name>__TI_int01</name>
         <value>0xffe2</value>
         <object_component_ref idref="oc-1f"/>
      </symbol>
      <symbol id="sm-65b">
         <name>__TI_int04</name>
         <value>0xffe8</value>
         <object_component_ref idref="oc-22"/>
      </symbol>
      <symbol id="sm-65f">
         <name>__TI_int08</name>
         <value>0xfff0</value>
         <object_component_ref idref="oc-26"/>
      </symbol>
      <symbol id="sm-663">
         <name>__TI_int09</name>
         <value>0xfff2</value>
         <object_component_ref idref="oc-27"/>
      </symbol>
      <symbol id="sm-667">
         <name>__TI_int10</name>
         <value>0xfff4</value>
         <object_component_ref idref="oc-28"/>
      </symbol>
      <symbol id="sm-66b">
         <name>__TI_int11</name>
         <value>0xfff6</value>
         <object_component_ref idref="oc-29"/>
      </symbol>
      <symbol id="sm-66f">
         <name>__TI_int12</name>
         <value>0xfff8</value>
         <object_component_ref idref="oc-2a"/>
      </symbol>
      <symbol id="sm-673">
         <name>__TI_int14</name>
         <value>0xfffc</value>
         <object_component_ref idref="oc-2c"/>
      </symbol>
      <symbol id="sm-67f">
         <name>__TI_ISR_TRAP</name>
         <value>0xb030</value>
         <object_component_ref idref="oc-e3"/>
      </symbol>
      <symbol id="sm-68b">
         <name>L_LSL_3</name>
         <value>0xa468</value>
         <object_component_ref idref="oc-190"/>
      </symbol>
      <symbol id="sm-68c">
         <name>L_LSL_2</name>
         <value>0xa46c</value>
         <object_component_ref idref="oc-190"/>
      </symbol>
      <symbol id="sm-68d">
         <name>L_LSL_1</name>
         <value>0xa470</value>
         <object_component_ref idref="oc-190"/>
      </symbol>
      <symbol id="sm-68e">
         <name>L_LSL_7</name>
         <value>0xa458</value>
         <object_component_ref idref="oc-190"/>
      </symbol>
      <symbol id="sm-68f">
         <name>L_LSL_6</name>
         <value>0xa45c</value>
         <object_component_ref idref="oc-190"/>
      </symbol>
      <symbol id="sm-690">
         <name>L_LSL_5</name>
         <value>0xa460</value>
         <object_component_ref idref="oc-190"/>
      </symbol>
      <symbol id="sm-691">
         <name>L_LSL_4</name>
         <value>0xa464</value>
         <object_component_ref idref="oc-190"/>
      </symbol>
      <symbol id="sm-692">
         <name>L_LSL_9</name>
         <value>0xa450</value>
         <object_component_ref idref="oc-190"/>
      </symbol>
      <symbol id="sm-693">
         <name>L_LSL_8</name>
         <value>0xa454</value>
         <object_component_ref idref="oc-190"/>
      </symbol>
      <symbol id="sm-694">
         <name>L_LSL_12</name>
         <value>0xa444</value>
         <object_component_ref idref="oc-190"/>
      </symbol>
      <symbol id="sm-695">
         <name>L_LSL_13</name>
         <value>0xa440</value>
         <object_component_ref idref="oc-190"/>
      </symbol>
      <symbol id="sm-696">
         <name>L_LSL_10</name>
         <value>0xa44c</value>
         <object_component_ref idref="oc-190"/>
      </symbol>
      <symbol id="sm-697">
         <name>L_LSL_11</name>
         <value>0xa448</value>
         <object_component_ref idref="oc-190"/>
      </symbol>
      <symbol id="sm-698">
         <name>L_LSL_14</name>
         <value>0xa43c</value>
         <object_component_ref idref="oc-190"/>
      </symbol>
      <symbol id="sm-699">
         <name>L_LSL_15</name>
         <value>0xa438</value>
         <object_component_ref idref="oc-190"/>
      </symbol>
      <symbol id="sm-6a5">
         <name>I_LSR</name>
         <value>0x9fda</value>
         <object_component_ref idref="oc-ec"/>
      </symbol>
      <symbol id="sm-6a6">
         <name>I_LSR_12</name>
         <value>0x9ff4</value>
         <object_component_ref idref="oc-ec"/>
      </symbol>
      <symbol id="sm-6a7">
         <name>I_LSR_13</name>
         <value>0x9ff0</value>
         <object_component_ref idref="oc-ec"/>
      </symbol>
      <symbol id="sm-6a8">
         <name>I_LSR_10</name>
         <value>0x9ffc</value>
         <object_component_ref idref="oc-ec"/>
      </symbol>
      <symbol id="sm-6a9">
         <name>I_LSR_11</name>
         <value>0x9ff8</value>
         <object_component_ref idref="oc-ec"/>
      </symbol>
      <symbol id="sm-6aa">
         <name>I_LSR_14</name>
         <value>0x9fec</value>
         <object_component_ref idref="oc-ec"/>
      </symbol>
      <symbol id="sm-6ab">
         <name>I_LSR_15</name>
         <value>0x9fe8</value>
         <object_component_ref idref="oc-ec"/>
      </symbol>
      <symbol id="sm-6ac">
         <name>I_LSR_3</name>
         <value>0xa018</value>
         <object_component_ref idref="oc-ec"/>
      </symbol>
      <symbol id="sm-6ad">
         <name>I_LSR_2</name>
         <value>0xa01c</value>
         <object_component_ref idref="oc-ec"/>
      </symbol>
      <symbol id="sm-6ae">
         <name>I_LSR_1</name>
         <value>0xa020</value>
         <object_component_ref idref="oc-ec"/>
      </symbol>
      <symbol id="sm-6af">
         <name>I_LSR_7</name>
         <value>0xa008</value>
         <object_component_ref idref="oc-ec"/>
      </symbol>
      <symbol id="sm-6b0">
         <name>I_LSR_6</name>
         <value>0xa00c</value>
         <object_component_ref idref="oc-ec"/>
      </symbol>
      <symbol id="sm-6b1">
         <name>I_LSR_5</name>
         <value>0xa010</value>
         <object_component_ref idref="oc-ec"/>
      </symbol>
      <symbol id="sm-6b2">
         <name>I_LSR_4</name>
         <value>0xa014</value>
         <object_component_ref idref="oc-ec"/>
      </symbol>
      <symbol id="sm-6b3">
         <name>I_LSR_9</name>
         <value>0xa000</value>
         <object_component_ref idref="oc-ec"/>
      </symbol>
      <symbol id="sm-6b4">
         <name>I_LSR_8</name>
         <value>0xa004</value>
         <object_component_ref idref="oc-ec"/>
      </symbol>
      <symbol id="sm-6c0">
         <name>L_LSR_12</name>
         <value>0x9e40</value>
         <object_component_ref idref="oc-15f"/>
      </symbol>
      <symbol id="sm-6c1">
         <name>L_LSR_13</name>
         <value>0x9e3a</value>
         <object_component_ref idref="oc-15f"/>
      </symbol>
      <symbol id="sm-6c2">
         <name>L_LSR_10</name>
         <value>0x9e4c</value>
         <object_component_ref idref="oc-15f"/>
      </symbol>
      <symbol id="sm-6c3">
         <name>L_LSR_11</name>
         <value>0x9e46</value>
         <object_component_ref idref="oc-15f"/>
      </symbol>
      <symbol id="sm-6c4">
         <name>L_LSR_14</name>
         <value>0x9e34</value>
         <object_component_ref idref="oc-15f"/>
      </symbol>
      <symbol id="sm-6c5">
         <name>L_LSR_15</name>
         <value>0x9e2e</value>
         <object_component_ref idref="oc-15f"/>
      </symbol>
      <symbol id="sm-6c6">
         <name>L_LSR_3</name>
         <value>0x9e76</value>
         <object_component_ref idref="oc-15f"/>
      </symbol>
      <symbol id="sm-6c7">
         <name>L_LSR_2</name>
         <value>0x9e7c</value>
         <object_component_ref idref="oc-15f"/>
      </symbol>
      <symbol id="sm-6c8">
         <name>L_LSR_1</name>
         <value>0x9e82</value>
         <object_component_ref idref="oc-15f"/>
      </symbol>
      <symbol id="sm-6c9">
         <name>L_LSR_7</name>
         <value>0x9e5e</value>
         <object_component_ref idref="oc-15f"/>
      </symbol>
      <symbol id="sm-6ca">
         <name>L_LSR_6</name>
         <value>0x9e64</value>
         <object_component_ref idref="oc-15f"/>
      </symbol>
      <symbol id="sm-6cb">
         <name>L_LSR_5</name>
         <value>0x9e6a</value>
         <object_component_ref idref="oc-15f"/>
      </symbol>
      <symbol id="sm-6cc">
         <name>L_LSR_4</name>
         <value>0x9e70</value>
         <object_component_ref idref="oc-15f"/>
      </symbol>
      <symbol id="sm-6cd">
         <name>L_LSR_9</name>
         <value>0x9e52</value>
         <object_component_ref idref="oc-15f"/>
      </symbol>
      <symbol id="sm-6ce">
         <name>L_LSR_8</name>
         <value>0x9e58</value>
         <object_component_ref idref="oc-15f"/>
      </symbol>
      <symbol id="sm-6dd">
         <name>memcmp</name>
         <value>0xac80</value>
         <object_component_ref idref="oc-1a0"/>
      </symbol>
      <symbol id="sm-6eb">
         <name>memcpy</name>
         <value>0xaf1a</value>
         <object_component_ref idref="oc-135"/>
      </symbol>
      <symbol id="sm-6f9">
         <name>memset</name>
         <value>0xaebc</value>
         <object_component_ref idref="oc-163"/>
      </symbol>
      <symbol id="sm-710">
         <name>__mpyi</name>
         <value>0xaed0</value>
         <object_component_ref idref="oc-109"/>
      </symbol>
      <symbol id="sm-71e">
         <name>__mpyl</name>
         <value>0xab8a</value>
         <object_component_ref idref="oc-10e"/>
      </symbol>
      <symbol id="sm-72a">
         <name>_system_pre_init</name>
         <value>0xb054</value>
         <object_component_ref idref="oc-12f"/>
      </symbol>
      <symbol id="sm-738">
         <name>_nop</name>
         <value>0xb064</value>
         <object_component_ref idref="oc-12e"/>
      </symbol>
      <symbol id="sm-739">
         <name>_lock</name>
         <value>0x384</value>
         <object_component_ref idref="oc-118"/>
      </symbol>
      <symbol id="sm-73a">
         <name>_unlock</name>
         <value>0x386</value>
         <object_component_ref idref="oc-118"/>
      </symbol>
      <symbol id="sm-744">
         <name>__TI_args_main</name>
         <value>0x1</value>
      </symbol>
      <symbol id="sm-756">
         <name>_auto_init</name>
         <value>0xa0ba</value>
         <object_component_ref idref="oc-130"/>
      </symbol>
      <symbol id="sm-757">
         <name>__TI_auto_init</name>
         <value>0x1</value>
      </symbol>
   </symbol_table>
   <title>Link successful</title>
</link_info>
