<?xml version="1.0"?>
<link_info>
   <banner>MSP430 Linker PC v4.3.5</banner>
   <copyright>Copyright (c) 2003-2014 Texas Instruments Incorporated</copyright>
   <link_time>0x56a5fcca</link_time>
   <link_errors>0x0</link_errors>
   <output_file>APasdatahub.out</output_file>
   <entry_point>
      <name>_c_int00</name>
      <address>0xac08</address>
   </entry_point>
   <input_file_list>
      <input_file id="fl-2">
         <path>.\Peer Applications\</path>
         <kind>object</kind>
         <file>SEH_AP_v1.5.obj</file>
         <name>SEH_AP_v1.5.obj</name>
      </input_file>
      <input_file id="fl-3">
         <path>.\Peer Applications\</path>
         <kind>object</kind>
         <file>vlo_rand.obj</file>
         <name>vlo_rand.obj</name>
      </input_file>
      <input_file id="fl-4">
         <path>.\Components\simpliciti\nwk\</path>
         <kind>object</kind>
         <file>nwk.obj</file>
         <name>nwk.obj</name>
      </input_file>
      <input_file id="fl-5">
         <path>.\Components\simpliciti\nwk\</path>
         <kind>object</kind>
         <file>nwk_QMgmt.obj</file>
         <name>nwk_QMgmt.obj</name>
      </input_file>
      <input_file id="fl-6">
         <path>.\Components\simpliciti\nwk\</path>
         <kind>object</kind>
         <file>nwk_api.obj</file>
         <name>nwk_api.obj</name>
      </input_file>
      <input_file id="fl-7">
         <path>.\Components\simpliciti\nwk\</path>
         <kind>object</kind>
         <file>nwk_frame.obj</file>
         <name>nwk_frame.obj</name>
      </input_file>
      <input_file id="fl-8">
         <path>.\Components\simpliciti\nwk\</path>
         <kind>object</kind>
         <file>nwk_globals.obj</file>
         <name>nwk_globals.obj</name>
      </input_file>
      <input_file id="fl-9">
         <path>.\Components\simpliciti\network_applications\</path>
         <kind>object</kind>
         <file>nwk_freq.obj</file>
         <name>nwk_freq.obj</name>
      </input_file>
      <input_file id="fl-a">
         <path>.\Components\simpliciti\network_applications\</path>
         <kind>object</kind>
         <file>nwk_ioctl.obj</file>
         <name>nwk_ioctl.obj</name>
      </input_file>
      <input_file id="fl-b">
         <path>.\Components\simpliciti\network_applications\</path>
         <kind>object</kind>
         <file>nwk_join.obj</file>
         <name>nwk_join.obj</name>
      </input_file>
      <input_file id="fl-c">
         <path>.\Components\simpliciti\network_applications\</path>
         <kind>object</kind>
         <file>nwk_link.obj</file>
         <name>nwk_link.obj</name>
      </input_file>
      <input_file id="fl-d">
         <path>.\Components\simpliciti\network_applications\</path>
         <kind>object</kind>
         <file>nwk_mgmt.obj</file>
         <name>nwk_mgmt.obj</name>
      </input_file>
      <input_file id="fl-e">
         <path>.\Components\simpliciti\network_applications\</path>
         <kind>object</kind>
         <file>nwk_ping.obj</file>
         <name>nwk_ping.obj</name>
      </input_file>
      <input_file id="fl-f">
         <path>.\Components\simpliciti\network_applications\</path>
         <kind>object</kind>
         <file>nwk_security.obj</file>
         <name>nwk_security.obj</name>
      </input_file>
      <input_file id="fl-10">
         <path>.\Components\mrfi\</path>
         <kind>object</kind>
         <file>mrfi.obj</file>
         <name>mrfi.obj</name>
      </input_file>
      <input_file id="fl-11">
         <path>.\Components\bsp\</path>
         <kind>object</kind>
         <file>bsp.obj</file>
         <name>bsp.obj</name>
      </input_file>
      <input_file id="fl-3e">
         <path>c:\ti\ccsv6\tools\compiler\msp430_4.3.5\lib\</path>
         <kind>archive</kind>
         <file>rts430.lib</file>
         <name>asr32.obj</name>
      </input_file>
      <input_file id="fl-3f">
         <path>c:\ti\ccsv6\tools\compiler\msp430_4.3.5\lib\</path>
         <kind>archive</kind>
         <file>rts430.lib</file>
         <name>boot.obj</name>
      </input_file>
      <input_file id="fl-40">
         <path>c:\ti\ccsv6\tools\compiler\msp430_4.3.5\lib\</path>
         <kind>archive</kind>
         <file>rts430.lib</file>
         <name>copy_decompress_none.obj</name>
      </input_file>
      <input_file id="fl-41">
         <path>c:\ti\ccsv6\tools\compiler\msp430_4.3.5\lib\</path>
         <kind>archive</kind>
         <file>rts430.lib</file>
         <name>copy_decompress_rle.obj</name>
      </input_file>
      <input_file id="fl-42">
         <path>c:\ti\ccsv6\tools\compiler\msp430_4.3.5\lib\</path>
         <kind>archive</kind>
         <file>rts430.lib</file>
         <name>copy_zero_init.obj</name>
      </input_file>
      <input_file id="fl-43">
         <path>c:\ti\ccsv6\tools\compiler\msp430_4.3.5\lib\</path>
         <kind>archive</kind>
         <file>rts430.lib</file>
         <name>div16s.obj</name>
      </input_file>
      <input_file id="fl-44">
         <path>c:\ti\ccsv6\tools\compiler\msp430_4.3.5\lib\</path>
         <kind>archive</kind>
         <file>rts430.lib</file>
         <name>div16u.obj</name>
      </input_file>
      <input_file id="fl-45">
         <path>c:\ti\ccsv6\tools\compiler\msp430_4.3.5\lib\</path>
         <kind>archive</kind>
         <file>rts430.lib</file>
         <name>div32s.obj</name>
      </input_file>
      <input_file id="fl-46">
         <path>c:\ti\ccsv6\tools\compiler\msp430_4.3.5\lib\</path>
         <kind>archive</kind>
         <file>rts430.lib</file>
         <name>div32u.obj</name>
      </input_file>
      <input_file id="fl-47">
         <path>c:\ti\ccsv6\tools\compiler\msp430_4.3.5\lib\</path>
         <kind>archive</kind>
         <file>rts430.lib</file>
         <name>epilog.obj</name>
      </input_file>
      <input_file id="fl-48">
         <path>c:\ti\ccsv6\tools\compiler\msp430_4.3.5\lib\</path>
         <kind>archive</kind>
         <file>rts430.lib</file>
         <name>exit.obj</name>
      </input_file>
      <input_file id="fl-49">
         <path>c:\ti\ccsv6\tools\compiler\msp430_4.3.5\lib\</path>
         <kind>archive</kind>
         <file>rts430.lib</file>
         <name>int00.obj</name>
      </input_file>
      <input_file id="fl-4a">
         <path>c:\ti\ccsv6\tools\compiler\msp430_4.3.5\lib\</path>
         <kind>archive</kind>
         <file>rts430.lib</file>
         <name>int01.obj</name>
      </input_file>
      <input_file id="fl-4b">
         <path>c:\ti\ccsv6\tools\compiler\msp430_4.3.5\lib\</path>
         <kind>archive</kind>
         <file>rts430.lib</file>
         <name>int02.obj</name>
      </input_file>
      <input_file id="fl-4c">
         <path>c:\ti\ccsv6\tools\compiler\msp430_4.3.5\lib\</path>
         <kind>archive</kind>
         <file>rts430.lib</file>
         <name>int04.obj</name>
      </input_file>
      <input_file id="fl-4d">
         <path>c:\ti\ccsv6\tools\compiler\msp430_4.3.5\lib\</path>
         <kind>archive</kind>
         <file>rts430.lib</file>
         <name>int06.obj</name>
      </input_file>
      <input_file id="fl-4e">
         <path>c:\ti\ccsv6\tools\compiler\msp430_4.3.5\lib\</path>
         <kind>archive</kind>
         <file>rts430.lib</file>
         <name>int08.obj</name>
      </input_file>
      <input_file id="fl-4f">
         <path>c:\ti\ccsv6\tools\compiler\msp430_4.3.5\lib\</path>
         <kind>archive</kind>
         <file>rts430.lib</file>
         <name>int09.obj</name>
      </input_file>
      <input_file id="fl-50">
         <path>c:\ti\ccsv6\tools\compiler\msp430_4.3.5\lib\</path>
         <kind>archive</kind>
         <file>rts430.lib</file>
         <name>int10.obj</name>
      </input_file>
      <input_file id="fl-51">
         <path>c:\ti\ccsv6\tools\compiler\msp430_4.3.5\lib\</path>
         <kind>archive</kind>
         <file>rts430.lib</file>
         <name>int11.obj</name>
      </input_file>
      <input_file id="fl-52">
         <path>c:\ti\ccsv6\tools\compiler\msp430_4.3.5\lib\</path>
         <kind>archive</kind>
         <file>rts430.lib</file>
         <name>int12.obj</name>
      </input_file>
      <input_file id="fl-53">
         <path>c:\ti\ccsv6\tools\compiler\msp430_4.3.5\lib\</path>
         <kind>archive</kind>
         <file>rts430.lib</file>
         <name>int14.obj</name>
      </input_file>
      <input_file id="fl-54">
         <path>c:\ti\ccsv6\tools\compiler\msp430_4.3.5\lib\</path>
         <kind>archive</kind>
         <file>rts430.lib</file>
         <name>isr_trap.obj</name>
      </input_file>
      <input_file id="fl-55">
         <path>c:\ti\ccsv6\tools\compiler\msp430_4.3.5\lib\</path>
         <kind>archive</kind>
         <file>rts430.lib</file>
         <name>lsl32.obj</name>
      </input_file>
      <input_file id="fl-56">
         <path>c:\ti\ccsv6\tools\compiler\msp430_4.3.5\lib\</path>
         <kind>archive</kind>
         <file>rts430.lib</file>
         <name>lsr16.obj</name>
      </input_file>
      <input_file id="fl-57">
         <path>c:\ti\ccsv6\tools\compiler\msp430_4.3.5\lib\</path>
         <kind>archive</kind>
         <file>rts430.lib</file>
         <name>memcmp.obj</name>
      </input_file>
      <input_file id="fl-58">
         <path>c:\ti\ccsv6\tools\compiler\msp430_4.3.5\lib\</path>
         <kind>archive</kind>
         <file>rts430.lib</file>
         <name>memcpy.obj</name>
      </input_file>
      <input_file id="fl-59">
         <path>c:\ti\ccsv6\tools\compiler\msp430_4.3.5\lib\</path>
         <kind>archive</kind>
         <file>rts430.lib</file>
         <name>memset.obj</name>
      </input_file>
      <input_file id="fl-5a">
         <path>c:\ti\ccsv6\tools\compiler\msp430_4.3.5\lib\</path>
         <kind>archive</kind>
         <file>rts430.lib</file>
         <name>mpu_init.obj</name>
      </input_file>
      <input_file id="fl-5b">
         <path>c:\ti\ccsv6\tools\compiler\msp430_4.3.5\lib\</path>
         <kind>archive</kind>
         <file>rts430.lib</file>
         <name>mult16.obj</name>
      </input_file>
      <input_file id="fl-5c">
         <path>c:\ti\ccsv6\tools\compiler\msp430_4.3.5\lib\</path>
         <kind>archive</kind>
         <file>rts430.lib</file>
         <name>mult32.obj</name>
      </input_file>
      <input_file id="fl-5d">
         <path>c:\ti\ccsv6\tools\compiler\msp430_4.3.5\lib\</path>
         <kind>archive</kind>
         <file>rts430.lib</file>
         <name>pre_init.obj</name>
      </input_file>
      <input_file id="fl-5e">
         <path>c:\ti\ccsv6\tools\compiler\msp430_4.3.5\lib\</path>
         <kind>archive</kind>
         <file>rts430.lib</file>
         <name>_lock.obj</name>
      </input_file>
      <input_file id="fl-5f">
         <path>c:\ti\ccsv6\tools\compiler\msp430_4.3.5\lib\</path>
         <kind>archive</kind>
         <file>rts430.lib</file>
         <name>args_main.obj</name>
      </input_file>
      <input_file id="fl-60">
         <path>c:\ti\ccsv6\tools\compiler\msp430_4.3.5\lib\</path>
         <kind>archive</kind>
         <file>rts430.lib</file>
         <name>autoinit.obj</name>
      </input_file>
   </input_file_list>
   <object_component_list>
      <object_component id="oc-2e">
         <name>.bss</name>
         <uninitialized>true</uninitialized>
         <run_address>0x3f4</run_address>
         <size>0x16</size>
         <input_file_ref idref="fl-2"/>
      </object_component>
      <object_component id="oc-3b">
         <name>.bss</name>
         <uninitialized>true</uninitialized>
         <run_address>0x320</run_address>
         <size>0x68</size>
         <input_file_ref idref="fl-4"/>
      </object_component>
      <object_component id="oc-42">
         <name>.bss</name>
         <uninitialized>true</uninitialized>
         <run_address>0x200</run_address>
         <size>0x120</size>
         <input_file_ref idref="fl-5"/>
      </object_component>
      <object_component id="oc-48">
         <name>.bss</name>
         <uninitialized>true</uninitialized>
         <run_address>0x3c3</run_address>
         <size>0x1</size>
         <input_file_ref idref="fl-6"/>
      </object_component>
      <object_component id="oc-4f">
         <name>.bss</name>
         <uninitialized>true</uninitialized>
         <run_address>0x414</run_address>
         <size>0x8</size>
         <input_file_ref idref="fl-7"/>
      </object_component>
      <object_component id="oc-56">
         <name>.bss</name>
         <uninitialized>true</uninitialized>
         <run_address>0x40a</run_address>
         <size>0x9</size>
         <input_file_ref idref="fl-8"/>
      </object_component>
      <object_component id="oc-5e">
         <name>.bss</name>
         <uninitialized>true</uninitialized>
         <run_address>0x42c</run_address>
         <size>0x2</size>
         <input_file_ref idref="fl-9"/>
      </object_component>
      <object_component id="oc-6a">
         <name>.bss</name>
         <uninitialized>true</uninitialized>
         <run_address>0x388</run_address>
         <size>0x3b</size>
         <input_file_ref idref="fl-b"/>
      </object_component>
      <object_component id="oc-71">
         <name>.bss</name>
         <uninitialized>true</uninitialized>
         <run_address>0x41c</run_address>
         <size>0x7</size>
         <input_file_ref idref="fl-c"/>
      </object_component>
      <object_component id="oc-78">
         <name>.bss</name>
         <uninitialized>true</uninitialized>
         <run_address>0x413</run_address>
         <size>0x1</size>
         <input_file_ref idref="fl-d"/>
      </object_component>
      <object_component id="oc-7f">
         <name>.bss</name>
         <uninitialized>true</uninitialized>
         <run_address>0x423</run_address>
         <size>0x1</size>
         <input_file_ref idref="fl-e"/>
      </object_component>
      <object_component id="oc-8b">
         <name>.bss</name>
         <uninitialized>true</uninitialized>
         <run_address>0x3c4</run_address>
         <size>0x30</size>
         <input_file_ref idref="fl-10"/>
      </object_component>
      <object_component id="oc-9b">
         <name>.bss</name>
         <uninitialized>true</uninitialized>
         <run_address>0x428</run_address>
         <size>0x4</size>
         <input_file_ref idref="fl-3f"/>
      </object_component>
      <object_component id="oc-100">
         <name>.bss</name>
         <uninitialized>true</uninitialized>
         <run_address>0x424</run_address>
         <size>0x4</size>
         <input_file_ref idref="fl-5e"/>
      </object_component>
      <object_component id="oc-9d">
         <name>.stack</name>
         <uninitialized>true</uninitialized>
         <run_address>0x5b0</run_address>
         <size>0x2</size>
         <input_file_ref idref="fl-3f"/>
      </object_component>
      <object_component id="oc-1d2">
         <name>.stack</name>
         <uninitialized>true</uninitialized>
         <run_address>0x5b0</run_address>
         <size>0x0</size>
      </object_component>
      <object_component id="oc-142">
         <name>.text:transmitDataString</name>
         <load_address>0x8000</load_address>
         <run_address>0x8000</run_address>
         <size>0xa66</size>
         <input_file_ref idref="fl-2"/>
      </object_component>
      <object_component id="oc-133">
         <name>.text:MRFI_Init</name>
         <load_address>0x8a66</load_address>
         <run_address>0x8a66</run_address>
         <size>0x196</size>
         <input_file_ref idref="fl-10"/>
      </object_component>
      <object_component id="oc-117">
         <name>.text:main</name>
         <load_address>0x8bfc</load_address>
         <run_address>0x8bfc</run_address>
         <size>0x174</size>
         <input_file_ref idref="fl-2"/>
      </object_component>
      <object_component id="oc-169">
         <name>.text:nwk_QfindOldest</name>
         <load_address>0x8d70</load_address>
         <run_address>0x8d70</run_address>
         <size>0x16c</size>
         <input_file_ref idref="fl-5"/>
      </object_component>
      <object_component id="oc-19c">
         <name>.text:smpl_send_link_reply</name>
         <load_address>0x8edc</load_address>
         <run_address>0x8edc</run_address>
         <size>0x16c</size>
         <input_file_ref idref="fl-c"/>
      </object_component>
      <object_component id="oc-17b">
         <name>.text:dispatchFrame</name>
         <load_address>0x9048</load_address>
         <run_address>0x9048</run_address>
         <size>0x144</size>
         <input_file_ref idref="fl-7"/>
      </object_component>
      <object_component id="oc-17c">
         <name>.text:MRFI_Transmit</name>
         <load_address>0x918c</load_address>
         <run_address>0x918c</run_address>
         <size>0x102</size>
         <input_file_ref idref="fl-10"/>
      </object_component>
      <object_component id="oc-153">
         <name>.text:nwk_scanForChannels</name>
         <load_address>0x928e</load_address>
         <run_address>0x928e</run_address>
         <size>0xfe</size>
         <input_file_ref idref="fl-9"/>
      </object_component>
      <object_component id="oc-19e">
         <name>.text:smpl_send_join_reply</name>
         <load_address>0x938c</load_address>
         <run_address>0x938c</run_address>
         <size>0xee</size>
         <input_file_ref idref="fl-b"/>
      </object_component>
      <object_component id="oc-127">
         <name>.text:Mrfi_SyncPinRxIsr</name>
         <load_address>0x947a</load_address>
         <run_address>0x947a</run_address>
         <size>0xd8</size>
         <input_file_ref idref="fl-10"/>
      </object_component>
      <object_component id="oc-1a3">
         <name>.text:nwk_allocateLocalRxPort</name>
         <load_address>0x9552</load_address>
         <run_address>0x9552</run_address>
         <size>0xd6</size>
         <input_file_ref idref="fl-4"/>
      </object_component>
      <object_component id="oc-126">
         <name>.text:transmitData</name>
         <load_address>0x9628</load_address>
         <run_address>0x9628</run_address>
         <size>0xce</size>
         <input_file_ref idref="fl-2"/>
      </object_component>
      <object_component id="oc-36">
         <name>.text</name>
         <load_address>0x96f6</load_address>
         <run_address>0x96f6</run_address>
         <size>0xba</size>
         <input_file_ref idref="fl-3"/>
      </object_component>
      <object_component id="oc-141">
         <name>.text:nwk_retrieveFrame</name>
         <load_address>0x97b0</load_address>
         <run_address>0x97b0</run_address>
         <size>0xac</size>
         <input_file_ref idref="fl-7"/>
      </object_component>
      <object_component id="oc-11e">
         <name>.text:SMPL_Ioctl</name>
         <load_address>0x985c</load_address>
         <run_address>0x985c</run_address>
         <size>0xa8</size>
         <input_file_ref idref="fl-6"/>
      </object_component>
      <object_component id="oc-1a9">
         <name>.text:nwk_SendEmptyPollRspFrame</name>
         <load_address>0x9904</load_address>
         <run_address>0x9904</run_address>
         <size>0xa4</size>
         <input_file_ref idref="fl-7"/>
      </object_component>
      <object_component id="oc-188">
         <name>.text:isDupSandFFrame</name>
         <load_address>0x99a8</load_address>
         <run_address>0x99a8</run_address>
         <size>0xa0</size>
         <input_file_ref idref="fl-7"/>
      </object_component>
      <object_component id="oc-1a2">
         <name>.text:nwk_getNextConnection</name>
         <load_address>0x9a48</load_address>
         <run_address>0x9a48</run_address>
         <size>0x98</size>
         <input_file_ref idref="fl-4"/>
      </object_component>
      <object_component id="oc-151">
         <name>.text:nwk_buildFrame</name>
         <load_address>0x9ae0</load_address>
         <run_address>0x9ae0</run_address>
         <size>0x8c</size>
         <input_file_ref idref="fl-7"/>
      </object_component>
      <object_component id="oc-179">
         <name>.text:nwk_QfindSlot</name>
         <load_address>0x9b6c</load_address>
         <run_address>0x9b6c</run_address>
         <size>0x86</size>
         <input_file_ref idref="fl-5"/>
      </object_component>
      <object_component id="oc-177">
         <name>.text:spiBurstFifoAccess</name>
         <load_address>0x9bf2</load_address>
         <run_address>0x9bf2</run_address>
         <size>0x82</size>
         <input_file_ref idref="fl-10"/>
      </object_component>
      <object_component id="oc-1a8">
         <name>.text:nwk_getSandFFrame</name>
         <load_address>0x9c74</load_address>
         <run_address>0x9c74</run_address>
         <size>0x7c</size>
         <input_file_ref idref="fl-7"/>
      </object_component>
      <object_component id="oc-12f">
         <name>.text:nwk_radioControl</name>
         <load_address>0x9cf0</load_address>
         <run_address>0x9cf0</run_address>
         <size>0x7c</size>
         <input_file_ref idref="fl-a"/>
      </object_component>
      <object_component id="oc-124">
         <name>.text:SMPL_LinkListen</name>
         <load_address>0x9d6c</load_address>
         <run_address>0x9d6c</run_address>
         <size>0x76</size>
         <input_file_ref idref="fl-6"/>
      </object_component>
      <object_component id="oc-19d">
         <name>.text:smpl_send_unlink_reply</name>
         <load_address>0x9de2</load_address>
         <run_address>0x9de2</run_address>
         <size>0x76</size>
         <input_file_ref idref="fl-c"/>
      </object_component>
      <object_component id="oc-11d">
         <name>.text:createRandomAddress</name>
         <load_address>0x9e58</load_address>
         <run_address>0x9e58</run_address>
         <size>0x6a</size>
         <input_file_ref idref="fl-2"/>
      </object_component>
      <object_component id="oc-134">
         <name>.text:nwk_nwkInit</name>
         <load_address>0x9ec2</load_address>
         <run_address>0x9ec2</run_address>
         <size>0x6a</size>
         <input_file_ref idref="fl-4"/>
      </object_component>
      <object_component id="oc-189">
         <name>.text:nwk_isConnectionValid</name>
         <load_address>0x9f2c</load_address>
         <run_address>0x9f2c</run_address>
         <size>0x64</size>
         <input_file_ref idref="fl-4"/>
      </object_component>
      <object_component id="oc-c1">
         <name>.text</name>
         <load_address>0x9f90</load_address>
         <run_address>0x9f90</run_address>
         <size>0x58</size>
         <input_file_ref idref="fl-46"/>
      </object_component>
      <object_component id="oc-19f">
         <name>.text:send_ping_reply</name>
         <load_address>0x9fe8</load_address>
         <run_address>0x9fe8</run_address>
         <size>0x56</size>
         <input_file_ref idref="fl-9"/>
      </object_component>
      <object_component id="oc-135">
         <name>.text:MRFI_WakeUp</name>
         <load_address>0xa03e</load_address>
         <run_address>0xa03e</run_address>
         <size>0x54</size>
         <input_file_ref idref="fl-10"/>
      </object_component>
      <object_component id="oc-130">
         <name>.text:nwk_rawSend</name>
         <load_address>0xa092</load_address>
         <run_address>0xa092</run_address>
         <size>0x54</size>
         <input_file_ref idref="fl-a"/>
      </object_component>
      <object_component id="oc-112">
         <name>.text:USCI0RX_ISR</name>
         <load_address>0xa0e6</load_address>
         <run_address>0xa0e6</run_address>
         <size>0x50</size>
         <input_file_ref idref="fl-2"/>
      </object_component>
      <object_component id="oc-1a0">
         <name>.text:send_poll_reply</name>
         <load_address>0xa136</load_address>
         <run_address>0xa136</run_address>
         <size>0x4e</size>
         <input_file_ref idref="fl-d"/>
      </object_component>
      <object_component id="oc-11f">
         <name>.text:MCU_Init</name>
         <load_address>0xa184</load_address>
         <run_address>0xa184</run_address>
         <size>0x4c</size>
         <input_file_ref idref="fl-2"/>
      </object_component>
      <object_component id="oc-125">
         <name>.text:SMPL_Receive</name>
         <load_address>0xa1d0</load_address>
         <run_address>0xa1d0</run_address>
         <size>0x4c</size>
         <input_file_ref idref="fl-6"/>
      </object_component>
      <object_component id="oc-d8">
         <name>.text</name>
         <load_address>0xa21c</load_address>
         <run_address>0xa21c</run_address>
         <size>0x4c</size>
         <input_file_ref idref="fl-56"/>
      </object_component>
      <object_component id="oc-1a5">
         <name>.text:nwk_findPeer</name>
         <load_address>0xa268</load_address>
         <run_address>0xa268</run_address>
         <size>0x4a</size>
         <input_file_ref idref="fl-4"/>
      </object_component>
      <object_component id="oc-116">
         <name>.text:_auto_init</name>
         <load_address>0xa2b2</load_address>
         <run_address>0xa2b2</run_address>
         <size>0x48</size>
         <input_file_ref idref="fl-60"/>
      </object_component>
      <object_component id="oc-149">
         <name>.text:mrfiSpiCmdStrobe</name>
         <load_address>0xa2fa</load_address>
         <run_address>0xa2fa</run_address>
         <size>0x48</size>
         <input_file_ref idref="fl-10"/>
      </object_component>
      <object_component id="oc-193">
         <name>.text:nwk_processMgmt</name>
         <load_address>0xa342</load_address>
         <run_address>0xa342</run_address>
         <size>0x48</size>
         <input_file_ref idref="fl-d"/>
      </object_component>
      <object_component id="oc-146">
         <name>.text:MRFI_RxAddrIsFiltered</name>
         <load_address>0xa38a</load_address>
         <run_address>0xa38a</run_address>
         <size>0x46</size>
         <input_file_ref idref="fl-10"/>
      </object_component>
      <object_component id="oc-1a1">
         <name>.text:nwk_isLinkDuplicate</name>
         <load_address>0xa3d0</load_address>
         <run_address>0xa3d0</run_address>
         <size>0x46</size>
         <input_file_ref idref="fl-4"/>
      </object_component>
      <object_component id="oc-19b">
         <name>.text:smpl_send_ping_reply</name>
         <load_address>0xa416</load_address>
         <run_address>0xa416</run_address>
         <size>0x46</size>
         <input_file_ref idref="fl-e"/>
      </object_component>
      <object_component id="oc-150">
         <name>.text:MRFI_Rssi</name>
         <load_address>0xa45c</load_address>
         <run_address>0xa45c</run_address>
         <size>0x44</size>
         <input_file_ref idref="fl-10"/>
      </object_component>
      <object_component id="oc-176">
         <name>.text:spiRegAccess</name>
         <load_address>0xa4a0</load_address>
         <run_address>0xa4a0</run_address>
         <size>0x42</size>
         <input_file_ref idref="fl-10"/>
      </object_component>
      <object_component id="oc-132">
         <name>.text:nwk_freqControl</name>
         <load_address>0xa4e2</load_address>
         <run_address>0xa4e2</run_address>
         <size>0x40</size>
         <input_file_ref idref="fl-9"/>
      </object_component>
      <object_component id="oc-bc">
         <name>.text</name>
         <load_address>0xa522</load_address>
         <run_address>0xa522</run_address>
         <size>0x40</size>
         <input_file_ref idref="fl-45"/>
      </object_component>
      <object_component id="oc-175">
         <name>.text:l_lsl_const</name>
         <load_address>0xa562</load_address>
         <run_address>0xa562</run_address>
         <size>0x3e</size>
         <input_file_ref idref="fl-55"/>
      </object_component>
      <object_component id="oc-190">
         <name>.text:nwk_processJoin</name>
         <load_address>0xa5a0</load_address>
         <run_address>0xa5a0</run_address>
         <size>0x3e</size>
         <input_file_ref idref="fl-b"/>
      </object_component>
      <object_component id="oc-1a7">
         <name>.text:saveAddress</name>
         <load_address>0xa5de</load_address>
         <run_address>0xa5de</run_address>
         <size>0x3e</size>
         <input_file_ref idref="fl-b"/>
      </object_component>
      <object_component id="oc-17e">
         <name>.text:MRFI_ReplyDelay</name>
         <load_address>0xa61c</load_address>
         <run_address>0xa61c</run_address>
         <size>0x3c</size>
         <input_file_ref idref="fl-10"/>
      </object_component>
      <object_component id="oc-123">
         <name>.text:SMPL_Init</name>
         <load_address>0xa658</load_address>
         <run_address>0xa658</run_address>
         <size>0x3a</size>
         <input_file_ref idref="fl-6"/>
      </object_component>
      <object_component id="oc-155">
         <name>.text:broadcast_channel_change</name>
         <load_address>0xa692</load_address>
         <run_address>0xa692</run_address>
         <size>0x3a</size>
         <input_file_ref idref="fl-9"/>
      </object_component>
      <object_component id="oc-197">
         <name>.text:handleLinkRequest</name>
         <load_address>0xa6cc</load_address>
         <run_address>0xa6cc</run_address>
         <size>0x3a</size>
         <input_file_ref idref="fl-c"/>
      </object_component>
      <object_component id="oc-195">
         <name>.text:nwk_isValidReply</name>
         <load_address>0xa706</load_address>
         <run_address>0xa706</run_address>
         <size>0x3a</size>
         <input_file_ref idref="fl-4"/>
      </object_component>
      <object_component id="oc-192">
         <name>.text:nwk_processFreq</name>
         <load_address>0xa740</load_address>
         <run_address>0xa740</run_address>
         <size>0x3a</size>
         <input_file_ref idref="fl-9"/>
      </object_component>
      <object_component id="oc-186">
         <name>.text:nwk_replayFrame</name>
         <load_address>0xa77a</load_address>
         <run_address>0xa77a</run_address>
         <size>0x3a</size>
         <input_file_ref idref="fl-7"/>
      </object_component>
      <object_component id="oc-180">
         <name>.text:BSP_Delay</name>
         <load_address>0xa7b4</load_address>
         <run_address>0xa7b4</run_address>
         <size>0x38</size>
         <input_file_ref idref="fl-11"/>
      </object_component>
      <object_component id="oc-1aa">
         <name>.text:isJoined</name>
         <load_address>0xa7ec</load_address>
         <run_address>0xa7ec</run_address>
         <size>0x36</size>
         <input_file_ref idref="fl-b"/>
      </object_component>
      <object_component id="oc-187">
         <name>.text:nwk_isSandFClient</name>
         <load_address>0xa822</load_address>
         <run_address>0xa822</run_address>
         <size>0x36</size>
         <input_file_ref idref="fl-b"/>
      </object_component>
      <object_component id="oc-156">
         <name>.text:mrfiSpiInit</name>
         <load_address>0xa858</load_address>
         <run_address>0xa858</run_address>
         <size>0x34</size>
         <input_file_ref idref="fl-10"/>
      </object_component>
      <object_component id="oc-16a">
         <name>.text:nwk_QadjustOrder</name>
         <load_address>0xa88c</load_address>
         <run_address>0xa88c</run_address>
         <size>0x34</size>
         <input_file_ref idref="fl-5"/>
      </object_component>
      <object_component id="oc-12d">
         <name>.text:nwk_deviceAddress</name>
         <load_address>0xa8c0</load_address>
         <run_address>0xa8c0</run_address>
         <size>0x34</size>
         <input_file_ref idref="fl-a"/>
      </object_component>
      <object_component id="oc-17d">
         <name>.text:nwk_getAPAddress</name>
         <load_address>0xa8f4</load_address>
         <run_address>0xa8f4</run_address>
         <size>0x34</size>
         <input_file_ref idref="fl-8"/>
      </object_component>
      <object_component id="oc-15a">
         <name>.text:MRFI_SetLogicalChannel</name>
         <load_address>0xa928</load_address>
         <run_address>0xa928</run_address>
         <size>0x32</size>
         <input_file_ref idref="fl-10"/>
      </object_component>
      <object_component id="oc-18d">
         <name>.text:Mrfi_DelayUsecSem</name>
         <load_address>0xa95a</load_address>
         <run_address>0xa95a</run_address>
         <size>0x32</size>
         <input_file_ref idref="fl-10"/>
      </object_component>
      <object_component id="oc-13f">
         <name>.text:nwk_getConnInfo</name>
         <load_address>0xa98c</load_address>
         <run_address>0xa98c</run_address>
         <size>0x32</size>
         <input_file_ref idref="fl-4"/>
      </object_component>
      <object_component id="oc-168">
         <name>.text:map_lid2idx</name>
         <load_address>0xa9be</load_address>
         <run_address>0xa9be</run_address>
         <size>0x30</size>
         <input_file_ref idref="fl-4"/>
      </object_component>
      <object_component id="oc-18e">
         <name>.text:nwk_processPing</name>
         <load_address>0xa9ee</load_address>
         <run_address>0xa9ee</run_address>
         <size>0x30</size>
         <input_file_ref idref="fl-e"/>
      </object_component>
      <object_component id="oc-131">
         <name>.text:nwk_rawReceive</name>
         <load_address>0xaa1e</load_address>
         <run_address>0xaa1e</run_address>
         <size>0x30</size>
         <input_file_ref idref="fl-a"/>
      </object_component>
      <object_component id="oc-152">
         <name>.text:nwk_sendFrame</name>
         <load_address>0xaa4e</load_address>
         <run_address>0xaa4e</run_address>
         <size>0x30</size>
         <input_file_ref idref="fl-7"/>
      </object_component>
      <object_component id="oc-147">
         <name>.text:Mrfi_CalculateRssi</name>
         <load_address>0xaa7e</load_address>
         <run_address>0xaa7e</run_address>
         <size>0x2e</size>
         <input_file_ref idref="fl-10"/>
      </object_component>
      <object_component id="oc-162">
         <name>.text:nwk_joinInit</name>
         <load_address>0xaaac</load_address>
         <run_address>0xaaac</run_address>
         <size>0x2e</size>
         <input_file_ref idref="fl-b"/>
      </object_component>
      <object_component id="oc-18f">
         <name>.text:nwk_processLink</name>
         <load_address>0xaada</load_address>
         <run_address>0xaada</run_address>
         <size>0x2e</size>
         <input_file_ref idref="fl-c"/>
      </object_component>
      <object_component id="oc-157">
         <name>.text:Mrfi_DelayUsec</name>
         <load_address>0xab08</load_address>
         <run_address>0xab08</run_address>
         <size>0x2c</size>
         <input_file_ref idref="fl-10"/>
      </object_component>
      <object_component id="oc-15b">
         <name>.text:Mrfi_RxModeOff</name>
         <load_address>0xab34</load_address>
         <run_address>0xab34</run_address>
         <size>0x2c</size>
         <input_file_ref idref="fl-10"/>
      </object_component>
      <object_component id="oc-15d">
         <name>.text:nwk_globalsInit</name>
         <load_address>0xab60</load_address>
         <run_address>0xab60</run_address>
         <size>0x2c</size>
         <input_file_ref idref="fl-8"/>
      </object_component>
      <object_component id="oc-b2">
         <name>.text</name>
         <load_address>0xab8c</load_address>
         <run_address>0xab8c</run_address>
         <size>0x2c</size>
         <input_file_ref idref="fl-43"/>
      </object_component>
      <object_component id="oc-140">
         <name>.text:nwk_checkConnInfo</name>
         <load_address>0xabb8</load_address>
         <run_address>0xabb8</run_address>
         <size>0x2a</size>
         <input_file_ref idref="fl-4"/>
      </object_component>
      <object_component id="oc-18c">
         <name>.text:Mrfi_RandomBackoffDelay</name>
         <load_address>0xabe2</load_address>
         <run_address>0xabe2</run_address>
         <size>0x26</size>
         <input_file_ref idref="fl-10"/>
      </object_component>
      <object_component id="oc-2d">
         <name>.text:_c_int00_noexit</name>
         <load_address>0xac08</load_address>
         <run_address>0xac08</run_address>
         <size>0x26</size>
         <input_file_ref idref="fl-3f"/>
      </object_component>
      <object_component id="oc-12c">
         <name>.text:nwk_connectionControl</name>
         <load_address>0xac2e</load_address>
         <run_address>0xac2e</run_address>
         <size>0x26</size>
         <input_file_ref idref="fl-a"/>
      </object_component>
      <object_component id="oc-164">
         <name>.text:nwk_linkInit</name>
         <load_address>0xac54</load_address>
         <run_address>0xac54</run_address>
         <size>0x26</size>
         <input_file_ref idref="fl-c"/>
      </object_component>
      <object_component id="oc-f6">
         <name>.text</name>
         <load_address>0xac7a</load_address>
         <run_address>0xac7a</run_address>
         <size>0x26</size>
         <input_file_ref idref="fl-5c"/>
      </object_component>
      <object_component id="oc-13e">
         <name>.text:MRFI_Sleep</name>
         <load_address>0xaca0</load_address>
         <run_address>0xaca0</run_address>
         <size>0x24</size>
         <input_file_ref idref="fl-10"/>
      </object_component>
      <object_component id="oc-128">
         <name>.text:BSP_InitBoard</name>
         <load_address>0xacc4</load_address>
         <run_address>0xacc4</run_address>
         <size>0x22</size>
         <input_file_ref idref="fl-11"/>
      </object_component>
      <object_component id="oc-137">
         <name>.text:MRFI_RxOn</name>
         <load_address>0xace6</load_address>
         <run_address>0xace6</run_address>
         <size>0x22</size>
         <input_file_ref idref="fl-10"/>
      </object_component>
      <object_component id="oc-17f">
         <name>.text:memcmp</name>
         <load_address>0xad08</load_address>
         <run_address>0xad08</run_address>
         <size>0x22</size>
         <input_file_ref idref="fl-57"/>
      </object_component>
      <object_component id="oc-11c">
         <name>.text:BSP_Init</name>
         <load_address>0xad2a</load_address>
         <run_address>0xad2a</run_address>
         <size>0x20</size>
         <input_file_ref idref="fl-11"/>
      </object_component>
      <object_component id="oc-148">
         <name>.text:MRFI_RxCompleteISR</name>
         <load_address>0xad4a</load_address>
         <run_address>0xad4a</run_address>
         <size>0x20</size>
         <input_file_ref idref="fl-7"/>
      </object_component>
      <object_component id="oc-13d">
         <name>.text:MRFI_RxIdle</name>
         <load_address>0xad6a</load_address>
         <run_address>0xad6a</run_address>
         <size>0x20</size>
         <input_file_ref idref="fl-10"/>
      </object_component>
      <object_component id="oc-15e">
         <name>.text:nwk_frameInit</name>
         <load_address>0xad8a</load_address>
         <run_address>0xad8a</run_address>
         <size>0x20</size>
         <input_file_ref idref="fl-7"/>
      </object_component>
      <object_component id="oc-143">
         <name>.text:mrfiSpiReadReg</name>
         <load_address>0xadaa</load_address>
         <run_address>0xadaa</run_address>
         <size>0x1e</size>
         <input_file_ref idref="fl-10"/>
      </object_component>
      <object_component id="oc-15f">
         <name>.text:nwk_QInit</name>
         <load_address>0xadc8</load_address>
         <run_address>0xadc8</run_address>
         <size>0x1e</size>
         <input_file_ref idref="fl-5"/>
      </object_component>
      <object_component id="oc-13b">
         <name>.text:nwk_getLocalLinkID</name>
         <load_address>0xade6</load_address>
         <run_address>0xade6</run_address>
         <size>0x1e</size>
         <input_file_ref idref="fl-c"/>
      </object_component>
      <object_component id="oc-119">
         <name>.text:MRFI_GpioIsr</name>
         <load_address>0xae04</load_address>
         <run_address>0xae04</run_address>
         <size>0x1c</size>
         <input_file_ref idref="fl-10"/>
      </object_component>
      <object_component id="oc-121">
         <name>.text:TXString</name>
         <load_address>0xae20</load_address>
         <run_address>0xae20</run_address>
         <size>0x1c</size>
         <input_file_ref idref="fl-2"/>
      </object_component>
      <object_component id="oc-136">
         <name>.text:nwk_setChannel</name>
         <load_address>0xae3c</load_address>
         <run_address>0xae3c</run_address>
         <size>0x1c</size>
         <input_file_ref idref="fl-9"/>
      </object_component>
      <object_component id="oc-14d">
         <name>.text:nwk_setMyAddress</name>
         <load_address>0xae58</load_address>
         <run_address>0xae58</run_address>
         <size>0x1c</size>
         <input_file_ref idref="fl-8"/>
      </object_component>
      <object_component id="oc-110">
         <name>.text:BSP_GpioPort1Isr</name>
         <load_address>0xae74</load_address>
         <run_address>0xae74</run_address>
         <size>0x1a</size>
         <input_file_ref idref="fl-10"/>
      </object_component>
      <object_component id="oc-158">
         <name>.text:mrfiSpiWriteReg</name>
         <load_address>0xae8e</load_address>
         <run_address>0xae8e</run_address>
         <size>0x1a</size>
         <input_file_ref idref="fl-10"/>
      </object_component>
      <object_component id="oc-13c">
         <name>.text:MRFI_DelayMs</name>
         <load_address>0xaea8</load_address>
         <run_address>0xaea8</run_address>
         <size>0x18</size>
         <input_file_ref idref="fl-10"/>
      </object_component>
      <object_component id="oc-198">
         <name>.text:handleJoinRequest</name>
         <load_address>0xaec0</load_address>
         <run_address>0xaec0</run_address>
         <size>0x18</size>
         <input_file_ref idref="fl-b"/>
      </object_component>
      <object_component id="oc-182">
         <name>.text:MRFI_RandomByte</name>
         <load_address>0xaed8</load_address>
         <run_address>0xaed8</run_address>
         <size>0x16</size>
         <input_file_ref idref="fl-10"/>
      </object_component>
      <object_component id="oc-167">
         <name>.text:Mrfi_RxModeOn</name>
         <load_address>0xaeee</load_address>
         <run_address>0xaeee</run_address>
         <size>0x16</size>
         <input_file_ref idref="fl-10"/>
      </object_component>
      <object_component id="oc-b7">
         <name>.text</name>
         <load_address>0xaf04</load_address>
         <run_address>0xaf04</run_address>
         <size>0x16</size>
         <input_file_ref idref="fl-44"/>
      </object_component>
      <object_component id="oc-145">
         <name>.text:memset</name>
         <load_address>0xaf1a</load_address>
         <run_address>0xaf1a</run_address>
         <size>0x14</size>
         <input_file_ref idref="fl-59"/>
      </object_component>
      <object_component id="oc-12e">
         <name>.text:nwk_joinContext</name>
         <load_address>0xaf2e</load_address>
         <run_address>0xaf2e</run_address>
         <size>0x14</size>
         <input_file_ref idref="fl-a"/>
      </object_component>
      <object_component id="oc-f1">
         <name>.text</name>
         <load_address>0xaf42</load_address>
         <run_address>0xaf42</run_address>
         <size>0x14</size>
         <input_file_ref idref="fl-5b"/>
      </object_component>
      <object_component id="oc-14a">
         <name>.text:BSP_InitLeds</name>
         <load_address>0xaf56</load_address>
         <run_address>0xaf56</run_address>
         <size>0x12</size>
         <input_file_ref idref="fl-11"/>
      </object_component>
      <object_component id="oc-199">
         <name>.text:handle_freq_cmd</name>
         <load_address>0xaf68</load_address>
         <run_address>0xaf68</run_address>
         <size>0x12</size>
         <input_file_ref idref="fl-9"/>
      </object_component>
      <object_component id="oc-11a">
         <name>.text:memcpy</name>
         <load_address>0xaf7a</load_address>
         <run_address>0xaf7a</run_address>
         <size>0x12</size>
         <input_file_ref idref="fl-58"/>
      </object_component>
      <object_component id="oc-14e">
         <name>.text:nwk_getMyAddress</name>
         <load_address>0xaf8c</load_address>
         <run_address>0xaf8c</run_address>
         <size>0x12</size>
         <input_file_ref idref="fl-8"/>
      </object_component>
      <object_component id="oc-184">
         <name>.text:nwk_setLinkToken</name>
         <load_address>0xaf9e</load_address>
         <run_address>0xaf9e</run_address>
         <size>0x12</size>
         <input_file_ref idref="fl-c"/>
      </object_component>
      <object_component id="oc-122">
         <name>.text:sCB</name>
         <load_address>0xafb0</load_address>
         <run_address>0xafb0</run_address>
         <size>0x12</size>
         <input_file_ref idref="fl-2"/>
      </object_component>
      <object_component id="oc-15c">
         <name>.text:l_asr</name>
         <load_address>0xafc2</load_address>
         <run_address>0xafc2</run_address>
         <size>0x10</size>
         <input_file_ref idref="fl-3e"/>
      </object_component>
      <object_component id="oc-194">
         <name>.text:nwk_getQ</name>
         <load_address>0xafd2</load_address>
         <run_address>0xafd2</run_address>
         <size>0x10</size>
         <input_file_ref idref="fl-5"/>
      </object_component>
      <object_component id="oc-11b">
         <name>.text</name>
         <load_address>0xafe2</load_address>
         <run_address>0xafe2</run_address>
         <size>0x10</size>
         <input_file_ref idref="fl-47"/>
      </object_component>
      <object_component id="oc-17a">
         <name>.text:MRFI_Receive</name>
         <load_address>0xaff2</load_address>
         <run_address>0xaff2</run_address>
         <size>0xe</size>
         <input_file_ref idref="fl-10"/>
      </object_component>
      <object_component id="oc-183">
         <name>.text:generateLinkToken</name>
         <load_address>0xb000</load_address>
         <run_address>0xb000</run_address>
         <size>0xe</size>
         <input_file_ref idref="fl-b"/>
      </object_component>
      <object_component id="oc-18b">
         <name>.text:mrfiSpiWriteTxFifo</name>
         <load_address>0xb00e</load_address>
         <run_address>0xb00e</run_address>
         <size>0xe</size>
         <input_file_ref idref="fl-10"/>
      </object_component>
      <object_component id="oc-14f">
         <name>.text:nwk_setJoinContext</name>
         <load_address>0xb01c</load_address>
         <run_address>0xb01c</run_address>
         <size>0xe</size>
         <input_file_ref idref="fl-b"/>
      </object_component>
      <object_component id="oc-13a">
         <name>.text:nwk_setListenContext</name>
         <load_address>0xb02a</load_address>
         <run_address>0xb02a</run_address>
         <size>0xe</size>
         <input_file_ref idref="fl-c"/>
      </object_component>
      <object_component id="oc-18a">
         <name>.text:MRFI_PostKillSem</name>
         <load_address>0xb038</load_address>
         <run_address>0xb038</run_address>
         <size>0xc</size>
         <input_file_ref idref="fl-10"/>
      </object_component>
      <object_component id="oc-196">
         <name>.text:handlePingRequest</name>
         <load_address>0xb044</load_address>
         <run_address>0xb044</run_address>
         <size>0xc</size>
         <input_file_ref idref="fl-e"/>
      </object_component>
      <object_component id="oc-144">
         <name>.text:mrfiSpiReadRxFifo</name>
         <load_address>0xb050</load_address>
         <run_address>0xb050</run_address>
         <size>0xc</size>
         <input_file_ref idref="fl-10"/>
      </object_component>
      <object_component id="oc-19a">
         <name>.text:smpl_send_mgmt_reply</name>
         <load_address>0xb05c</load_address>
         <run_address>0xb05c</run_address>
         <size>0xc</size>
         <input_file_ref idref="fl-d"/>
      </object_component>
      <object_component id="oc-14b">
         <name>.text:BSP_InitButtons</name>
         <load_address>0xb068</load_address>
         <run_address>0xb068</run_address>
         <size>0xa</size>
         <input_file_ref idref="fl-11"/>
      </object_component>
      <object_component id="oc-129">
         <name>.text:BSP_InitDrivers</name>
         <load_address>0xb072</load_address>
         <run_address>0xb072</run_address>
         <size>0xa</size>
         <input_file_ref idref="fl-11"/>
      </object_component>
      <object_component id="oc-160">
         <name>.text:nwk_freqInit</name>
         <load_address>0xb07c</load_address>
         <run_address>0xb07c</run_address>
         <size>0xa</size>
         <input_file_ref idref="fl-9"/>
      </object_component>
      <object_component id="oc-163">
         <name>.text:nwk_mgmtInit</name>
         <load_address>0xb086</load_address>
         <run_address>0xb086</run_address>
         <size>0xa</size>
         <input_file_ref idref="fl-d"/>
      </object_component>
      <object_component id="oc-161">
         <name>.text:nwk_pingInit</name>
         <load_address>0xb090</load_address>
         <run_address>0xb090</run_address>
         <size>0xa</size>
         <input_file_ref idref="fl-e"/>
      </object_component>
      <object_component id="oc-111">
         <name>.text:ADC10_ISR</name>
         <load_address>0xb09a</load_address>
         <run_address>0xb09a</run_address>
         <size>0x8</size>
         <input_file_ref idref="fl-2"/>
      </object_component>
      <object_component id="oc-154">
         <name>.text:nwk_getChannel</name>
         <load_address>0xb0a2</load_address>
         <run_address>0xb0a2</run_address>
         <size>0x8</size>
         <input_file_ref idref="fl-9"/>
      </object_component>
      <object_component id="oc-139">
         <name>.text:MRFI_GetRadioState</name>
         <load_address>0xb0aa</load_address>
         <run_address>0xb0aa</run_address>
         <size>0x6</size>
         <input_file_ref idref="fl-10"/>
      </object_component>
      <object_component id="oc-113">
         <name>.text:Timer_B</name>
         <load_address>0xb0b0</load_address>
         <run_address>0xb0b0</run_address>
         <size>0x6</size>
         <input_file_ref idref="fl-2"/>
      </object_component>
      <object_component id="oc-cf">
         <name>.text:_isr:__TI_ISR_TRAP</name>
         <load_address>0xb0b6</load_address>
         <run_address>0xb0b6</run_address>
         <size>0x6</size>
         <input_file_ref idref="fl-54"/>
      </object_component>
      <object_component id="oc-14c">
         <name>.text:nwk_freeConnection</name>
         <load_address>0xb0bc</load_address>
         <run_address>0xb0bc</run_address>
         <size>0x6</size>
         <input_file_ref idref="fl-4"/>
      </object_component>
      <object_component id="oc-166">
         <name>.text:nwk_getBCastAddress</name>
         <load_address>0xb0c2</load_address>
         <run_address>0xb0c2</run_address>
         <size>0x6</size>
         <input_file_ref idref="fl-8"/>
      </object_component>
      <object_component id="oc-12b">
         <name>.text:nwk_getFWVersion</name>
         <load_address>0xb0c8</load_address>
         <run_address>0xb0c8</run_address>
         <size>0x6</size>
         <input_file_ref idref="fl-8"/>
      </object_component>
      <object_component id="oc-1a4">
         <name>.text:nwk_getMyRxType</name>
         <load_address>0xb0ce</load_address>
         <run_address>0xb0ce</run_address>
         <size>0x6</size>
         <input_file_ref idref="fl-7"/>
      </object_component>
      <object_component id="oc-12a">
         <name>.text:nwk_getProtocolVersion</name>
         <load_address>0xb0d4</load_address>
         <run_address>0xb0d4</run_address>
         <size>0x6</size>
         <input_file_ref idref="fl-8"/>
      </object_component>
      <object_component id="oc-115">
         <name>.text:_system_pre_init</name>
         <load_address>0xb0da</load_address>
         <run_address>0xb0da</run_address>
         <size>0x4</size>
         <input_file_ref idref="fl-5d"/>
      </object_component>
      <object_component id="oc-118">
         <name>.text:abort</name>
         <load_address>0xb0de</load_address>
         <run_address>0xb0de</run_address>
         <size>0x4</size>
         <input_file_ref idref="fl-48"/>
      </object_component>
      <object_component id="oc-138">
         <name>.text:nwk_join</name>
         <load_address>0xb0e2</load_address>
         <run_address>0xb0e2</run_address>
         <size>0x4</size>
         <input_file_ref idref="fl-b"/>
      </object_component>
      <object_component id="oc-191">
         <name>.text:nwk_processSecurity</name>
         <load_address>0xb0e6</load_address>
         <run_address>0xb0e6</run_address>
         <size>0x4</size>
         <input_file_ref idref="fl-f"/>
      </object_component>
      <object_component id="oc-114">
         <name>.text:_nop</name>
         <load_address>0xb0ea</load_address>
         <run_address>0xb0ea</run_address>
         <size>0x2</size>
         <input_file_ref idref="fl-5e"/>
      </object_component>
      <object_component id="oc-1a6">
         <name>.text:nwk_purgeJoined</name>
         <load_address>0xb0ec</load_address>
         <run_address>0xb0ec</run_address>
         <size>0x2</size>
         <input_file_ref idref="fl-b"/>
      </object_component>
      <object_component id="oc-165">
         <name>.text:nwk_securityInit</name>
         <load_address>0xb0ee</load_address>
         <run_address>0xb0ee</run_address>
         <size>0x2</size>
         <input_file_ref idref="fl-f"/>
      </object_component>
      <object_component id="oc-6c">
         <name>.cinit</name>
         <load_address>0xb3b8</load_address>
         <run_address>0xb3b8</run_address>
         <size>0x39</size>
         <input_file_ref idref="fl-b"/>
      </object_component>
      <object_component id="oc-30">
         <name>.cinit</name>
         <load_address>0xb3f2</load_address>
         <run_address>0xb3f2</run_address>
         <size>0x30</size>
         <input_file_ref idref="fl-2"/>
      </object_component>
      <object_component id="oc-73">
         <name>.cinit</name>
         <load_address>0xb422</load_address>
         <run_address>0xb422</run_address>
         <size>0x19</size>
         <input_file_ref idref="fl-c"/>
      </object_component>
      <object_component id="oc-8d">
         <name>.cinit</name>
         <load_address>0xb43c</load_address>
         <run_address>0xb43c</run_address>
         <size>0x17</size>
         <input_file_ref idref="fl-10"/>
      </object_component>
      <object_component id="oc-3d">
         <name>.cinit</name>
         <load_address>0xb454</load_address>
         <run_address>0xb454</run_address>
         <size>0x13</size>
         <input_file_ref idref="fl-4"/>
      </object_component>
      <object_component id="oc-60">
         <name>.cinit</name>
         <load_address>0xb468</load_address>
         <run_address>0xb468</run_address>
         <size>0xb</size>
         <input_file_ref idref="fl-9"/>
      </object_component>
      <object_component id="oc-51">
         <name>.cinit</name>
         <load_address>0xb474</load_address>
         <run_address>0xb474</run_address>
         <size>0x6</size>
         <input_file_ref idref="fl-7"/>
      </object_component>
      <object_component id="oc-4a">
         <name>.cinit</name>
         <load_address>0xb47a</load_address>
         <run_address>0xb47a</run_address>
         <size>0x5</size>
         <input_file_ref idref="fl-6"/>
      </object_component>
      <object_component id="oc-58">
         <name>.cinit</name>
         <load_address>0xb480</load_address>
         <run_address>0xb480</run_address>
         <size>0x5</size>
         <input_file_ref idref="fl-8"/>
      </object_component>
      <object_component id="oc-7a">
         <name>.cinit</name>
         <load_address>0xb486</load_address>
         <run_address>0xb486</run_address>
         <size>0x5</size>
         <input_file_ref idref="fl-d"/>
      </object_component>
      <object_component id="oc-81">
         <name>.cinit</name>
         <load_address>0xb48c</load_address>
         <run_address>0xb48c</run_address>
         <size>0x5</size>
         <input_file_ref idref="fl-e"/>
      </object_component>
      <object_component id="oc-120">
         <name>.const:.string:splash</name>
         <load_address>0xb0f0</load_address>
         <run_address>0xb0f0</run_address>
         <size>0x187</size>
         <input_file_ref idref="fl-2"/>
      </object_component>
      <object_component id="oc-16b">
         <name>.const:.string:$P$T0$1</name>
         <load_address>0xb278</load_address>
         <run_address>0xb278</run_address>
         <size>0x70</size>
         <input_file_ref idref="fl-2"/>
      </object_component>
      <object_component id="oc-159">
         <name>.const:mrfiRadioCfg</name>
         <load_address>0xb2e8</load_address>
         <run_address>0xb2e8</run_address>
         <size>0x3e</size>
         <input_file_ref idref="fl-10"/>
      </object_component>
      <object_component id="oc-31">
         <name>.const:.string</name>
         <load_address>0xb326</load_address>
         <run_address>0xb326</run_address>
         <size>0x24</size>
         <input_file_ref idref="fl-2"/>
      </object_component>
      <object_component id="oc-59">
         <name>.const</name>
         <load_address>0xb34a</load_address>
         <run_address>0xb34a</run_address>
         <size>0xd</size>
         <input_file_ref idref="fl-8"/>
      </object_component>
      <object_component id="oc-185">
         <name>.const:func</name>
         <load_address>0xb358</load_address>
         <run_address>0xb358</run_address>
         <size>0xc</size>
         <input_file_ref idref="fl-7"/>
      </object_component>
      <object_component id="oc-174">
         <name>.const:.string:$P$T9$10</name>
         <load_address>0xb364</load_address>
         <run_address>0xb364</run_address>
         <size>0xb</size>
         <input_file_ref idref="fl-2"/>
      </object_component>
      <object_component id="oc-170">
         <name>.const:.string:$P$T5$6</name>
         <load_address>0xb370</load_address>
         <run_address>0xb370</run_address>
         <size>0x9</size>
         <input_file_ref idref="fl-2"/>
      </object_component>
      <object_component id="oc-171">
         <name>.const:.string:$P$T6$7</name>
         <load_address>0xb37a</load_address>
         <run_address>0xb37a</run_address>
         <size>0x9</size>
         <input_file_ref idref="fl-2"/>
      </object_component>
      <object_component id="oc-172">
         <name>.const:.string:$P$T7$8</name>
         <load_address>0xb384</load_address>
         <run_address>0xb384</run_address>
         <size>0x9</size>
         <input_file_ref idref="fl-2"/>
      </object_component>
      <object_component id="oc-173">
         <name>.const:.string:$P$T8$9</name>
         <load_address>0xb38e</load_address>
         <run_address>0xb38e</run_address>
         <size>0x8</size>
         <input_file_ref idref="fl-2"/>
      </object_component>
      <object_component id="oc-16e">
         <name>.const:.string:$P$T3$4</name>
         <load_address>0xb396</load_address>
         <run_address>0xb396</run_address>
         <size>0x7</size>
         <input_file_ref idref="fl-2"/>
      </object_component>
      <object_component id="oc-16c">
         <name>.const:.string:$P$T1$2</name>
         <load_address>0xb39e</load_address>
         <run_address>0xb39e</run_address>
         <size>0x6</size>
         <input_file_ref idref="fl-2"/>
      </object_component>
      <object_component id="oc-16d">
         <name>.const:.string:$P$T2$3</name>
         <load_address>0xb3a4</load_address>
         <run_address>0xb3a4</run_address>
         <size>0x6</size>
         <input_file_ref idref="fl-2"/>
      </object_component>
      <object_component id="oc-16f">
         <name>.const:.string:$P$T4$5</name>
         <load_address>0xb3aa</load_address>
         <run_address>0xb3aa</run_address>
         <size>0x6</size>
         <input_file_ref idref="fl-2"/>
      </object_component>
      <object_component id="oc-178">
         <name>.const:.string:mrfiBroadcastAddr</name>
         <load_address>0xb3b0</load_address>
         <run_address>0xb3b0</run_address>
         <size>0x4</size>
         <input_file_ref idref="fl-10"/>
      </object_component>
      <object_component id="oc-181">
         <name>.const:.string:mrfiLogicalChanTable</name>
         <load_address>0xb3b4</load_address>
         <run_address>0xb3b4</run_address>
         <size>0x4</size>
         <input_file_ref idref="fl-10"/>
      </object_component>
      <object_component id="oc-1e">
         <name>.int00</name>
         <load_address>0xffe0</load_address>
         <run_address>0xffe0</run_address>
         <size>0x2</size>
         <input_file_ref idref="fl-49"/>
      </object_component>
      <object_component id="oc-1f">
         <name>.int01</name>
         <load_address>0xffe2</load_address>
         <run_address>0xffe2</run_address>
         <size>0x2</size>
         <input_file_ref idref="fl-4a"/>
      </object_component>
      <object_component id="oc-20">
         <name>.int02</name>
         <load_address>0xffe4</load_address>
         <run_address>0xffe4</run_address>
         <size>0x2</size>
         <input_file_ref idref="fl-4b"/>
      </object_component>
      <object_component id="oc-21">
         <name>.int03</name>
         <load_address>0xffe6</load_address>
         <run_address>0xffe6</run_address>
         <size>0x2</size>
         <input_file_ref idref="fl-10"/>
      </object_component>
      <object_component id="oc-22">
         <name>.int04</name>
         <load_address>0xffe8</load_address>
         <run_address>0xffe8</run_address>
         <size>0x2</size>
         <input_file_ref idref="fl-4c"/>
      </object_component>
      <object_component id="oc-23">
         <name>.int05</name>
         <load_address>0xffea</load_address>
         <run_address>0xffea</run_address>
         <size>0x2</size>
         <input_file_ref idref="fl-2"/>
      </object_component>
      <object_component id="oc-24">
         <name>.int06</name>
         <load_address>0xffec</load_address>
         <run_address>0xffec</run_address>
         <size>0x2</size>
         <input_file_ref idref="fl-4d"/>
      </object_component>
      <object_component id="oc-25">
         <name>.int07</name>
         <load_address>0xffee</load_address>
         <run_address>0xffee</run_address>
         <size>0x2</size>
         <input_file_ref idref="fl-2"/>
      </object_component>
      <object_component id="oc-26">
         <name>.int08</name>
         <load_address>0xfff0</load_address>
         <run_address>0xfff0</run_address>
         <size>0x2</size>
         <input_file_ref idref="fl-4e"/>
      </object_component>
      <object_component id="oc-27">
         <name>.int09</name>
         <load_address>0xfff2</load_address>
         <run_address>0xfff2</run_address>
         <size>0x2</size>
         <input_file_ref idref="fl-4f"/>
      </object_component>
      <object_component id="oc-28">
         <name>.int10</name>
         <load_address>0xfff4</load_address>
         <run_address>0xfff4</run_address>
         <size>0x2</size>
         <input_file_ref idref="fl-50"/>
      </object_component>
      <object_component id="oc-29">
         <name>.int11</name>
         <load_address>0xfff6</load_address>
         <run_address>0xfff6</run_address>
         <size>0x2</size>
         <input_file_ref idref="fl-51"/>
      </object_component>
      <object_component id="oc-2a">
         <name>.int12</name>
         <load_address>0xfff8</load_address>
         <run_address>0xfff8</run_address>
         <size>0x2</size>
         <input_file_ref idref="fl-52"/>
      </object_component>
      <object_component id="oc-2b">
         <name>.int13</name>
         <load_address>0xfffa</load_address>
         <run_address>0xfffa</run_address>
         <size>0x2</size>
         <input_file_ref idref="fl-2"/>
      </object_component>
      <object_component id="oc-2c">
         <name>.int14</name>
         <load_address>0xfffc</load_address>
         <run_address>0xfffc</run_address>
         <size>0x2</size>
         <input_file_ref idref="fl-53"/>
      </object_component>
      <object_component id="oc-9e">
         <name>.reset</name>
         <load_address>0xfffe</load_address>
         <run_address>0xfffe</run_address>
         <size>0x2</size>
         <input_file_ref idref="fl-3f"/>
      </object_component>
      <object_component id="oc-2f">
         <name>.debug_info</name>
         <load_address>0x0</load_address>
         <run_address>0x0</run_address>
         <size>0x1ed1</size>
         <input_file_ref idref="fl-2"/>
      </object_component>
      <object_component id="oc-37">
         <name>.debug_info</name>
         <load_address>0x1ed1</load_address>
         <run_address>0x1ed1</run_address>
         <size>0x158</size>
         <input_file_ref idref="fl-3"/>
      </object_component>
      <object_component id="oc-3c">
         <name>.debug_info</name>
         <load_address>0x2029</load_address>
         <run_address>0x2029</run_address>
         <size>0x1438</size>
         <input_file_ref idref="fl-4"/>
      </object_component>
      <object_component id="oc-43">
         <name>.debug_info</name>
         <load_address>0x3461</load_address>
         <run_address>0x3461</run_address>
         <size>0xcf1</size>
         <input_file_ref idref="fl-5"/>
      </object_component>
      <object_component id="oc-49">
         <name>.debug_info</name>
         <load_address>0x4152</load_address>
         <run_address>0x4152</run_address>
         <size>0x153c</size>
         <input_file_ref idref="fl-6"/>
      </object_component>
      <object_component id="oc-50">
         <name>.debug_info</name>
         <load_address>0x568e</load_address>
         <run_address>0x568e</run_address>
         <size>0x1947</size>
         <input_file_ref idref="fl-7"/>
      </object_component>
      <object_component id="oc-57">
         <name>.debug_info</name>
         <load_address>0x6fd5</load_address>
         <run_address>0x6fd5</run_address>
         <size>0x945</size>
         <input_file_ref idref="fl-8"/>
      </object_component>
      <object_component id="oc-5f">
         <name>.debug_info</name>
         <load_address>0x791a</load_address>
         <run_address>0x791a</run_address>
         <size>0x16cd</size>
         <input_file_ref idref="fl-9"/>
      </object_component>
      <object_component id="oc-65">
         <name>.debug_info</name>
         <load_address>0x8fe7</load_address>
         <run_address>0x8fe7</run_address>
         <size>0x132f</size>
         <input_file_ref idref="fl-a"/>
      </object_component>
      <object_component id="oc-6b">
         <name>.debug_info</name>
         <load_address>0xa316</load_address>
         <run_address>0xa316</run_address>
         <size>0x12d0</size>
         <input_file_ref idref="fl-b"/>
      </object_component>
      <object_component id="oc-72">
         <name>.debug_info</name>
         <load_address>0xb5e6</load_address>
         <run_address>0xb5e6</run_address>
         <size>0x1861</size>
         <input_file_ref idref="fl-c"/>
      </object_component>
      <object_component id="oc-79">
         <name>.debug_info</name>
         <load_address>0xce47</load_address>
         <run_address>0xce47</run_address>
         <size>0xb7b</size>
         <input_file_ref idref="fl-d"/>
      </object_component>
      <object_component id="oc-80">
         <name>.debug_info</name>
         <load_address>0xd9c2</load_address>
         <run_address>0xd9c2</run_address>
         <size>0xfc6</size>
         <input_file_ref idref="fl-e"/>
      </object_component>
      <object_component id="oc-86">
         <name>.debug_info</name>
         <load_address>0xe988</load_address>
         <run_address>0xe988</run_address>
         <size>0x4b8</size>
         <input_file_ref idref="fl-f"/>
      </object_component>
      <object_component id="oc-8c">
         <name>.debug_info</name>
         <load_address>0xee40</load_address>
         <run_address>0xee40</run_address>
         <size>0x2967</size>
         <input_file_ref idref="fl-10"/>
      </object_component>
      <object_component id="oc-92">
         <name>.debug_info</name>
         <load_address>0x117a7</load_address>
         <run_address>0x117a7</run_address>
         <size>0xbbd</size>
         <input_file_ref idref="fl-11"/>
      </object_component>
      <object_component id="oc-97">
         <name>.debug_info</name>
         <load_address>0x12364</load_address>
         <run_address>0x12364</run_address>
         <size>0xbb</size>
         <input_file_ref idref="fl-3e"/>
      </object_component>
      <object_component id="oc-9c">
         <name>.debug_info</name>
         <load_address>0x1241f</load_address>
         <run_address>0x1241f</run_address>
         <size>0x3d9</size>
         <input_file_ref idref="fl-3f"/>
      </object_component>
      <object_component id="oc-a3">
         <name>.debug_info</name>
         <load_address>0x127f8</load_address>
         <run_address>0x127f8</run_address>
         <size>0x276</size>
         <input_file_ref idref="fl-40"/>
      </object_component>
      <object_component id="oc-a8">
         <name>.debug_info</name>
         <load_address>0x12a6e</load_address>
         <run_address>0x12a6e</run_address>
         <size>0x21b</size>
         <input_file_ref idref="fl-41"/>
      </object_component>
      <object_component id="oc-ad">
         <name>.debug_info</name>
         <load_address>0x12c89</load_address>
         <run_address>0x12c89</run_address>
         <size>0x231</size>
         <input_file_ref idref="fl-42"/>
      </object_component>
      <object_component id="oc-b3">
         <name>.debug_info</name>
         <load_address>0x12eba</load_address>
         <run_address>0x12eba</run_address>
         <size>0xcb</size>
         <input_file_ref idref="fl-43"/>
      </object_component>
      <object_component id="oc-b8">
         <name>.debug_info</name>
         <load_address>0x12f85</load_address>
         <run_address>0x12f85</run_address>
         <size>0xbe</size>
         <input_file_ref idref="fl-44"/>
      </object_component>
      <object_component id="oc-bd">
         <name>.debug_info</name>
         <load_address>0x13043</load_address>
         <run_address>0x13043</run_address>
         <size>0xce</size>
         <input_file_ref idref="fl-45"/>
      </object_component>
      <object_component id="oc-c2">
         <name>.debug_info</name>
         <load_address>0x13111</load_address>
         <run_address>0x13111</run_address>
         <size>0xc0</size>
         <input_file_ref idref="fl-46"/>
      </object_component>
      <object_component id="oc-c6">
         <name>.debug_info</name>
         <load_address>0x131d1</load_address>
         <run_address>0x131d1</run_address>
         <size>0xc7</size>
         <input_file_ref idref="fl-47"/>
      </object_component>
      <object_component id="oc-ca">
         <name>.debug_info</name>
         <load_address>0x13298</load_address>
         <run_address>0x13298</run_address>
         <size>0x29b</size>
         <input_file_ref idref="fl-48"/>
      </object_component>
      <object_component id="oc-d0">
         <name>.debug_info</name>
         <load_address>0x13533</load_address>
         <run_address>0x13533</run_address>
         <size>0xba</size>
         <input_file_ref idref="fl-54"/>
      </object_component>
      <object_component id="oc-d4">
         <name>.debug_info</name>
         <load_address>0x135ed</load_address>
         <run_address>0x135ed</run_address>
         <size>0xc1</size>
         <input_file_ref idref="fl-55"/>
      </object_component>
      <object_component id="oc-d9">
         <name>.debug_info</name>
         <load_address>0x136ae</load_address>
         <run_address>0x136ae</run_address>
         <size>0xbb</size>
         <input_file_ref idref="fl-56"/>
      </object_component>
      <object_component id="oc-dd">
         <name>.debug_info</name>
         <load_address>0x13769</load_address>
         <run_address>0x13769</run_address>
         <size>0x2fd</size>
         <input_file_ref idref="fl-57"/>
      </object_component>
      <object_component id="oc-e2">
         <name>.debug_info</name>
         <load_address>0x13a66</load_address>
         <run_address>0x13a66</run_address>
         <size>0x2ba</size>
         <input_file_ref idref="fl-58"/>
      </object_component>
      <object_component id="oc-e7">
         <name>.debug_info</name>
         <load_address>0x13d20</load_address>
         <run_address>0x13d20</run_address>
         <size>0x2d5</size>
         <input_file_ref idref="fl-59"/>
      </object_component>
      <object_component id="oc-ec">
         <name>.debug_info</name>
         <load_address>0x13ff5</load_address>
         <run_address>0x13ff5</run_address>
         <size>0x270</size>
         <input_file_ref idref="fl-5a"/>
      </object_component>
      <object_component id="oc-f2">
         <name>.debug_info</name>
         <load_address>0x14265</load_address>
         <run_address>0x14265</run_address>
         <size>0xbe</size>
         <input_file_ref idref="fl-5b"/>
      </object_component>
      <object_component id="oc-f7">
         <name>.debug_info</name>
         <load_address>0x14323</load_address>
         <run_address>0x14323</run_address>
         <size>0xbe</size>
         <input_file_ref idref="fl-5c"/>
      </object_component>
      <object_component id="oc-fb">
         <name>.debug_info</name>
         <load_address>0x143e1</load_address>
         <run_address>0x143e1</run_address>
         <size>0x22d</size>
         <input_file_ref idref="fl-5d"/>
      </object_component>
      <object_component id="oc-101">
         <name>.debug_info</name>
         <load_address>0x1460e</load_address>
         <run_address>0x1460e</run_address>
         <size>0x249</size>
         <input_file_ref idref="fl-5e"/>
      </object_component>
      <object_component id="oc-106">
         <name>.debug_info</name>
         <load_address>0x14857</load_address>
         <run_address>0x14857</run_address>
         <size>0x288</size>
         <input_file_ref idref="fl-5f"/>
      </object_component>
      <object_component id="oc-10b">
         <name>.debug_info</name>
         <load_address>0x14adf</load_address>
         <run_address>0x14adf</run_address>
         <size>0x34f</size>
         <input_file_ref idref="fl-60"/>
      </object_component>
      <object_component id="oc-1d3">
         <name>.debug_info</name>
         <load_address>0x14e2e</load_address>
         <run_address>0x14e2e</run_address>
         <size>0xf5</size>
      </object_component>
      <object_component id="oc-32">
         <name>.debug_frame</name>
         <load_address>0x0</load_address>
         <run_address>0x0</run_address>
         <size>0x162</size>
         <input_file_ref idref="fl-2"/>
      </object_component>
      <object_component id="oc-3e">
         <name>.debug_frame</name>
         <load_address>0x162</load_address>
         <run_address>0x162</run_address>
         <size>0x194</size>
         <input_file_ref idref="fl-4"/>
      </object_component>
      <object_component id="oc-44">
         <name>.debug_frame</name>
         <load_address>0x2f6</load_address>
         <run_address>0x2f6</run_address>
         <size>0xd9</size>
         <input_file_ref idref="fl-5"/>
      </object_component>
      <object_component id="oc-4b">
         <name>.debug_frame</name>
         <load_address>0x3cf</load_address>
         <run_address>0x3cf</run_address>
         <size>0xc3</size>
         <input_file_ref idref="fl-6"/>
      </object_component>
      <object_component id="oc-52">
         <name>.debug_frame</name>
         <load_address>0x492</load_address>
         <run_address>0x492</run_address>
         <size>0x1cd</size>
         <input_file_ref idref="fl-7"/>
      </object_component>
      <object_component id="oc-5a">
         <name>.debug_frame</name>
         <load_address>0x65f</load_address>
         <run_address>0x65f</run_address>
         <size>0xcb</size>
         <input_file_ref idref="fl-8"/>
      </object_component>
      <object_component id="oc-61">
         <name>.debug_frame</name>
         <load_address>0x72a</load_address>
         <run_address>0x72a</run_address>
         <size>0x146</size>
         <input_file_ref idref="fl-9"/>
      </object_component>
      <object_component id="oc-66">
         <name>.debug_frame</name>
         <load_address>0x870</load_address>
         <run_address>0x870</run_address>
         <size>0xd4</size>
         <input_file_ref idref="fl-a"/>
      </object_component>
      <object_component id="oc-6d">
         <name>.debug_frame</name>
         <load_address>0x944</load_address>
         <run_address>0x944</run_address>
         <size>0x15b</size>
         <input_file_ref idref="fl-b"/>
      </object_component>
      <object_component id="oc-74">
         <name>.debug_frame</name>
         <load_address>0xa9f</load_address>
         <run_address>0xa9f</run_address>
         <size>0x120</size>
         <input_file_ref idref="fl-c"/>
      </object_component>
      <object_component id="oc-7b">
         <name>.debug_frame</name>
         <load_address>0xbbf</load_address>
         <run_address>0xbbf</run_address>
         <size>0x99</size>
         <input_file_ref idref="fl-d"/>
      </object_component>
      <object_component id="oc-82">
         <name>.debug_frame</name>
         <load_address>0xc58</load_address>
         <run_address>0xc58</run_address>
         <size>0x99</size>
         <input_file_ref idref="fl-e"/>
      </object_component>
      <object_component id="oc-87">
         <name>.debug_frame</name>
         <load_address>0xcf1</load_address>
         <run_address>0xcf1</run_address>
         <size>0x5c</size>
         <input_file_ref idref="fl-f"/>
      </object_component>
      <object_component id="oc-8e">
         <name>.debug_frame</name>
         <load_address>0xd4d</load_address>
         <run_address>0xd4d</run_address>
         <size>0x37e</size>
         <input_file_ref idref="fl-10"/>
      </object_component>
      <object_component id="oc-93">
         <name>.debug_frame</name>
         <load_address>0x10cb</load_address>
         <run_address>0x10cb</run_address>
         <size>0xb6</size>
         <input_file_ref idref="fl-11"/>
      </object_component>
      <object_component id="oc-9f">
         <name>.debug_frame</name>
         <load_address>0x1181</load_address>
         <run_address>0x1181</run_address>
         <size>0x42</size>
         <input_file_ref idref="fl-3f"/>
      </object_component>
      <object_component id="oc-a4">
         <name>.debug_frame</name>
         <load_address>0x11c3</load_address>
         <run_address>0x11c3</run_address>
         <size>0x32</size>
         <input_file_ref idref="fl-40"/>
      </object_component>
      <object_component id="oc-a9">
         <name>.debug_frame</name>
         <load_address>0x11f5</load_address>
         <run_address>0x11f5</run_address>
[...]
      </symbol>
      <symbol id="sm-339">
         <name>nwk_deviceAddress</name>
         <value>0xa8c0</value>
         <object_component_ref idref="oc-12d"/>
      </symbol>
      <symbol id="sm-381">
         <name>nwk_purgeJoined</name>
         <value>0xb0ec</value>
         <object_component_ref idref="oc-1a6"/>
      </symbol>
      <symbol id="sm-382">
         <name>nwk_processJoin</name>
         <value>0xa5a0</value>
         <object_component_ref idref="oc-190"/>
      </symbol>
      <symbol id="sm-383">
         <name>nwk_isSandFClient</name>
         <value>0xa822</value>
         <object_component_ref idref="oc-187"/>
      </symbol>
      <symbol id="sm-384">
         <name>nwk_joinInit</name>
         <value>0xaaac</value>
         <object_component_ref idref="oc-162"/>
      </symbol>
      <symbol id="sm-385">
         <name>nwk_setJoinContext</name>
         <value>0xb01c</value>
         <object_component_ref idref="oc-14f"/>
      </symbol>
      <symbol id="sm-386">
         <name>nwk_join</name>
         <value>0xb0e2</value>
         <object_component_ref idref="oc-138"/>
      </symbol>
      <symbol id="sm-3c4">
         <name>nwk_linkInit</name>
         <value>0xac54</value>
         <object_component_ref idref="oc-164"/>
      </symbol>
      <symbol id="sm-3c5">
         <name>nwk_setLinkToken</name>
         <value>0xaf9e</value>
         <object_component_ref idref="oc-184"/>
      </symbol>
      <symbol id="sm-3c6">
         <name>nwk_getLocalLinkID</name>
         <value>0xade6</value>
         <object_component_ref idref="oc-13b"/>
      </symbol>
      <symbol id="sm-3c7">
         <name>nwk_setListenContext</name>
         <value>0xb02a</value>
         <object_component_ref idref="oc-13a"/>
      </symbol>
      <symbol id="sm-3c8">
         <name>nwk_processLink</name>
         <value>0xaada</value>
         <object_component_ref idref="oc-18f"/>
      </symbol>
      <symbol id="sm-3e8">
         <name>nwk_mgmtInit</name>
         <value>0xb086</value>
         <object_component_ref idref="oc-163"/>
      </symbol>
      <symbol id="sm-3e9">
         <name>nwk_processMgmt</name>
         <value>0xa342</value>
         <object_component_ref idref="oc-193"/>
      </symbol>
      <symbol id="sm-407">
         <name>nwk_processPing</name>
         <value>0xa9ee</value>
         <object_component_ref idref="oc-18e"/>
      </symbol>
      <symbol id="sm-408">
         <name>nwk_pingInit</name>
         <value>0xb090</value>
         <object_component_ref idref="oc-161"/>
      </symbol>
      <symbol id="sm-416">
         <name>nwk_securityInit</name>
         <value>0xb0ee</value>
         <object_component_ref idref="oc-165"/>
      </symbol>
      <symbol id="sm-417">
         <name>nwk_processSecurity</name>
         <value>0xb0e6</value>
         <object_component_ref idref="oc-191"/>
      </symbol>
      <symbol id="sm-4f0">
         <name>MRFI_Sleep</name>
         <value>0xaca0</value>
         <object_component_ref idref="oc-13e"/>
      </symbol>
      <symbol id="sm-4f1">
         <name>MRFI_PostKillSem</name>
         <value>0xb038</value>
         <object_component_ref idref="oc-18a"/>
      </symbol>
      <symbol id="sm-4f2">
         <name>MRFI_SetLogicalChannel</name>
         <value>0xa928</value>
         <object_component_ref idref="oc-15a"/>
      </symbol>
      <symbol id="sm-4f3">
         <name>MRFI_Rssi</name>
         <value>0xa45c</value>
         <object_component_ref idref="oc-150"/>
      </symbol>
      <symbol id="sm-4f4">
         <name>MRFI_Init</name>
         <value>0x8a66</value>
         <object_component_ref idref="oc-133"/>
      </symbol>
      <symbol id="sm-4f5">
         <name>mrfiSpiCmdStrobe</name>
         <value>0xa2fa</value>
         <object_component_ref idref="oc-149"/>
      </symbol>
      <symbol id="sm-4f6">
         <name>__TI_int03</name>
         <value>0xffe6</value>
         <object_component_ref idref="oc-21"/>
      </symbol>
      <symbol id="sm-4f7">
         <name>MRFI_RxAddrIsFiltered</name>
         <value>0xa38a</value>
         <object_component_ref idref="oc-146"/>
      </symbol>
      <symbol id="sm-4f8">
         <name>MRFI_RandomByte</name>
         <value>0xaed8</value>
         <object_component_ref idref="oc-182"/>
      </symbol>
      <symbol id="sm-4f9">
         <name>MRFI_RxOn</name>
         <value>0xace6</value>
         <object_component_ref idref="oc-137"/>
      </symbol>
      <symbol id="sm-4fa">
         <name>MRFI_GpioIsr</name>
         <value>0xae04</value>
         <object_component_ref idref="oc-119"/>
      </symbol>
      <symbol id="sm-4fb">
         <name>mrfiBroadcastAddr</name>
         <value>0xb3b0</value>
         <object_component_ref idref="oc-178"/>
      </symbol>
      <symbol id="sm-4fc">
         <name>mrfiSpiReadReg</name>
         <value>0xadaa</value>
         <object_component_ref idref="oc-143"/>
      </symbol>
      <symbol id="sm-4fd">
         <name>mrfiSpiReadRxFifo</name>
         <value>0xb050</value>
         <object_component_ref idref="oc-144"/>
      </symbol>
      <symbol id="sm-4fe">
         <name>MRFI_ReplyDelay</name>
         <value>0xa61c</value>
         <object_component_ref idref="oc-17e"/>
      </symbol>
      <symbol id="sm-4ff">
         <name>MRFI_WakeUp</name>
         <value>0xa03e</value>
         <object_component_ref idref="oc-135"/>
      </symbol>
      <symbol id="sm-500">
         <name>MRFI_Transmit</name>
         <value>0x918c</value>
         <object_component_ref idref="oc-17c"/>
      </symbol>
      <symbol id="sm-501">
         <name>mrfiSpiWriteReg</name>
         <value>0xae8e</value>
         <object_component_ref idref="oc-158"/>
      </symbol>
      <symbol id="sm-502">
         <name>mrfiSpiWriteTxFifo</name>
         <value>0xb00e</value>
         <object_component_ref idref="oc-18b"/>
      </symbol>
      <symbol id="sm-503">
         <name>MRFI_RxIdle</name>
         <value>0xad6a</value>
         <object_component_ref idref="oc-13d"/>
      </symbol>
      <symbol id="sm-504">
         <name>MRFI_GetRadioState</name>
         <value>0xb0aa</value>
         <object_component_ref idref="oc-139"/>
      </symbol>
      <symbol id="sm-505">
         <name>MRFI_DelayMs</name>
         <value>0xaea8</value>
         <object_component_ref idref="oc-13c"/>
      </symbol>
      <symbol id="sm-506">
         <name>mrfiSpiInit</name>
         <value>0xa858</value>
         <object_component_ref idref="oc-156"/>
      </symbol>
      <symbol id="sm-507">
         <name>MRFI_Receive</name>
         <value>0xaff2</value>
         <object_component_ref idref="oc-17a"/>
      </symbol>
      <symbol id="sm-508">
         <name>BSP_GpioPort1Isr</name>
         <value>0xae74</value>
         <object_component_ref idref="oc-110"/>
      </symbol>
      <symbol id="sm-524">
         <name>BSP_Init</name>
         <value>0xad2a</value>
         <object_component_ref idref="oc-11c"/>
      </symbol>
      <symbol id="sm-525">
         <name>BSP_InitButtons</name>
         <value>0xb068</value>
         <object_component_ref idref="oc-14b"/>
      </symbol>
      <symbol id="sm-526">
         <name>BSP_InitBoard</name>
         <value>0xacc4</value>
         <object_component_ref idref="oc-128"/>
      </symbol>
      <symbol id="sm-527">
         <name>BSP_InitLeds</name>
         <value>0xaf56</value>
         <object_component_ref idref="oc-14a"/>
      </symbol>
      <symbol id="sm-528">
         <name>BSP_Delay</name>
         <value>0xa7b4</value>
         <object_component_ref idref="oc-180"/>
      </symbol>
      <symbol id="sm-529">
         <name>BSP_InitDrivers</name>
         <value>0xb072</value>
         <object_component_ref idref="oc-129"/>
      </symbol>
      <symbol id="sm-537">
         <name>L_ASR</name>
         <value>0xafc2</value>
         <object_component_ref idref="oc-15c"/>
      </symbol>
      <symbol id="sm-54a">
         <name>_c_int00_noexit</name>
         <value>0xac08</value>
         <object_component_ref idref="oc-2d"/>
      </symbol>
      <symbol id="sm-54b">
         <name>_c_int00</name>
         <value>0xac08</value>
         <object_component_ref idref="oc-2d"/>
      </symbol>
      <symbol id="sm-54c">
         <name>_stack</name>
         <value>0x5b0</value>
         <object_component_ref idref="oc-9d"/>
      </symbol>
      <symbol id="sm-54d">
         <name>__TI_dtors_ptr</name>
         <value>0x42a</value>
         <object_component_ref idref="oc-9b"/>
      </symbol>
      <symbol id="sm-54e">
         <name>__TI_cleanup_ptr</name>
         <value>0x428</value>
         <object_component_ref idref="oc-9b"/>
      </symbol>
      <symbol id="sm-54f">
         <name>_reset_vector</name>
         <value>0xfffe</value>
         <object_component_ref idref="oc-9e"/>
      </symbol>
      <symbol id="sm-57a">
         <name>__remi</name>
         <value>0xab8c</value>
         <object_component_ref idref="oc-b2"/>
      </symbol>
      <symbol id="sm-57b">
         <name>__divi</name>
         <value>0xab8c</value>
         <object_component_ref idref="oc-b2"/>
      </symbol>
      <symbol id="sm-589">
         <name>__remu</name>
         <value>0xaf04</value>
         <object_component_ref idref="oc-b7"/>
      </symbol>
      <symbol id="sm-58a">
         <name>__divu</name>
         <value>0xaf04</value>
         <object_component_ref idref="oc-b7"/>
      </symbol>
      <symbol id="sm-59a">
         <name>__remli</name>
         <value>0xa522</value>
         <object_component_ref idref="oc-bc"/>
      </symbol>
      <symbol id="sm-59b">
         <name>__divli</name>
         <value>0xa522</value>
         <object_component_ref idref="oc-bc"/>
      </symbol>
      <symbol id="sm-5ad">
         <name>__divul</name>
         <value>0x9f90</value>
         <object_component_ref idref="oc-c1"/>
      </symbol>
      <symbol id="sm-5ae">
         <name>__remul</name>
         <value>0x9f90</value>
         <object_component_ref idref="oc-c1"/>
      </symbol>
      <symbol id="sm-5bb">
         <name>func_epilog_1</name>
         <value>0xafee</value>
         <object_component_ref idref="oc-11b"/>
      </symbol>
      <symbol id="sm-5bc">
         <name>func_epilog_2</name>
         <value>0xafec</value>
         <object_component_ref idref="oc-11b"/>
      </symbol>
      <symbol id="sm-5bd">
         <name>func_epilog_3</name>
         <value>0xafea</value>
         <object_component_ref idref="oc-11b"/>
      </symbol>
      <symbol id="sm-5be">
         <name>func_epilog_4</name>
         <value>0xafe8</value>
         <object_component_ref idref="oc-11b"/>
      </symbol>
      <symbol id="sm-5bf">
         <name>func_epilog_5</name>
         <value>0xafe6</value>
         <object_component_ref idref="oc-11b"/>
      </symbol>
      <symbol id="sm-5c0">
         <name>func_epilog_6</name>
         <value>0xafe4</value>
         <object_component_ref idref="oc-11b"/>
      </symbol>
      <symbol id="sm-5c1">
         <name>func_epilog_7</name>
         <value>0xafe2</value>
         <object_component_ref idref="oc-11b"/>
      </symbol>
      <symbol id="sm-5ce">
         <name>C$$EXIT</name>
         <value>0xb0de</value>
         <object_component_ref idref="oc-118"/>
      </symbol>
      <symbol id="sm-5cf">
         <name>abort</name>
         <value>0xb0de</value>
         <object_component_ref idref="oc-118"/>
      </symbol>
      <symbol id="sm-5d0">
         <name>__TI_exit</name>
         <value>0x1</value>
      </symbol>
      <symbol id="sm-5d4">
         <name>__TI_int00</name>
         <value>0xffe0</value>
         <object_component_ref idref="oc-1e"/>
      </symbol>
      <symbol id="sm-5d8">
         <name>__TI_int01</name>
         <value>0xffe2</value>
         <object_component_ref idref="oc-1f"/>
      </symbol>
      <symbol id="sm-5dc">
         <name>__TI_int02</name>
         <value>0xffe4</value>
         <object_component_ref idref="oc-20"/>
      </symbol>
      <symbol id="sm-5e0">
         <name>__TI_int04</name>
         <value>0xffe8</value>
         <object_component_ref idref="oc-22"/>
      </symbol>
      <symbol id="sm-5e4">
         <name>__TI_int06</name>
         <value>0xffec</value>
         <object_component_ref idref="oc-24"/>
      </symbol>
      <symbol id="sm-5e8">
         <name>__TI_int08</name>
         <value>0xfff0</value>
         <object_component_ref idref="oc-26"/>
      </symbol>
      <symbol id="sm-5ec">
         <name>__TI_int09</name>
         <value>0xfff2</value>
         <object_component_ref idref="oc-27"/>
      </symbol>
      <symbol id="sm-5f0">
         <name>__TI_int10</name>
         <value>0xfff4</value>
         <object_component_ref idref="oc-28"/>
      </symbol>
      <symbol id="sm-5f4">
         <name>__TI_int11</name>
         <value>0xfff6</value>
         <object_component_ref idref="oc-29"/>
      </symbol>
      <symbol id="sm-5f8">
         <name>__TI_int12</name>
         <value>0xfff8</value>
         <object_component_ref idref="oc-2a"/>
      </symbol>
      <symbol id="sm-5fc">
         <name>__TI_int14</name>
         <value>0xfffc</value>
         <object_component_ref idref="oc-2c"/>
      </symbol>
      <symbol id="sm-608">
         <name>__TI_ISR_TRAP</name>
         <value>0xb0b6</value>
         <object_component_ref idref="oc-cf"/>
      </symbol>
      <symbol id="sm-614">
         <name>L_LSL_3</name>
         <value>0xa592</value>
         <object_component_ref idref="oc-175"/>
      </symbol>
      <symbol id="sm-615">
         <name>L_LSL_2</name>
         <value>0xa596</value>
         <object_component_ref idref="oc-175"/>
      </symbol>
      <symbol id="sm-616">
         <name>L_LSL_1</name>
         <value>0xa59a</value>
         <object_component_ref idref="oc-175"/>
      </symbol>
      <symbol id="sm-617">
         <name>L_LSL_7</name>
         <value>0xa582</value>
         <object_component_ref idref="oc-175"/>
      </symbol>
      <symbol id="sm-618">
         <name>L_LSL_6</name>
         <value>0xa586</value>
         <object_component_ref idref="oc-175"/>
      </symbol>
      <symbol id="sm-619">
         <name>L_LSL_5</name>
         <value>0xa58a</value>
         <object_component_ref idref="oc-175"/>
      </symbol>
      <symbol id="sm-61a">
         <name>L_LSL_4</name>
         <value>0xa58e</value>
         <object_component_ref idref="oc-175"/>
      </symbol>
      <symbol id="sm-61b">
         <name>L_LSL_9</name>
         <value>0xa57a</value>
         <object_component_ref idref="oc-175"/>
      </symbol>
      <symbol id="sm-61c">
         <name>L_LSL_8</name>
         <value>0xa57e</value>
         <object_component_ref idref="oc-175"/>
      </symbol>
      <symbol id="sm-61d">
         <name>L_LSL_12</name>
         <value>0xa56e</value>
         <object_component_ref idref="oc-175"/>
      </symbol>
      <symbol id="sm-61e">
         <name>L_LSL_13</name>
         <value>0xa56a</value>
         <object_component_ref idref="oc-175"/>
      </symbol>
      <symbol id="sm-61f">
         <name>L_LSL_10</name>
         <value>0xa576</value>
         <object_component_ref idref="oc-175"/>
      </symbol>
      <symbol id="sm-620">
         <name>L_LSL_11</name>
         <value>0xa572</value>
         <object_component_ref idref="oc-175"/>
      </symbol>
      <symbol id="sm-621">
         <name>L_LSL_14</name>
         <value>0xa566</value>
         <object_component_ref idref="oc-175"/>
      </symbol>
      <symbol id="sm-622">
         <name>L_LSL_15</name>
         <value>0xa562</value>
         <object_component_ref idref="oc-175"/>
      </symbol>
      <symbol id="sm-62e">
         <name>I_LSR</name>
         <value>0xa21c</value>
         <object_component_ref idref="oc-d8"/>
      </symbol>
      <symbol id="sm-62f">
         <name>I_LSR_12</name>
         <value>0xa236</value>
         <object_component_ref idref="oc-d8"/>
      </symbol>
      <symbol id="sm-630">
         <name>I_LSR_13</name>
         <value>0xa232</value>
         <object_component_ref idref="oc-d8"/>
      </symbol>
      <symbol id="sm-631">
         <name>I_LSR_10</name>
         <value>0xa23e</value>
         <object_component_ref idref="oc-d8"/>
      </symbol>
      <symbol id="sm-632">
         <name>I_LSR_11</name>
         <value>0xa23a</value>
         <object_component_ref idref="oc-d8"/>
      </symbol>
      <symbol id="sm-633">
         <name>I_LSR_14</name>
         <value>0xa22e</value>
         <object_component_ref idref="oc-d8"/>
      </symbol>
      <symbol id="sm-634">
         <name>I_LSR_15</name>
         <value>0xa22a</value>
         <object_component_ref idref="oc-d8"/>
      </symbol>
      <symbol id="sm-635">
         <name>I_LSR_3</name>
         <value>0xa25a</value>
         <object_component_ref idref="oc-d8"/>
      </symbol>
      <symbol id="sm-636">
         <name>I_LSR_2</name>
         <value>0xa25e</value>
         <object_component_ref idref="oc-d8"/>
      </symbol>
      <symbol id="sm-637">
         <name>I_LSR_1</name>
         <value>0xa262</value>
         <object_component_ref idref="oc-d8"/>
      </symbol>
      <symbol id="sm-638">
         <name>I_LSR_7</name>
         <value>0xa24a</value>
         <object_component_ref idref="oc-d8"/>
      </symbol>
      <symbol id="sm-639">
         <name>I_LSR_6</name>
         <value>0xa24e</value>
         <object_component_ref idref="oc-d8"/>
      </symbol>
      <symbol id="sm-63a">
         <name>I_LSR_5</name>
         <value>0xa252</value>
         <object_component_ref idref="oc-d8"/>
      </symbol>
      <symbol id="sm-63b">
         <name>I_LSR_4</name>
         <value>0xa256</value>
         <object_component_ref idref="oc-d8"/>
      </symbol>
      <symbol id="sm-63c">
         <name>I_LSR_9</name>
         <value>0xa242</value>
         <object_component_ref idref="oc-d8"/>
      </symbol>
      <symbol id="sm-63d">
         <name>I_LSR_8</name>
         <value>0xa246</value>
         <object_component_ref idref="oc-d8"/>
      </symbol>
      <symbol id="sm-64c">
         <name>memcmp</name>
         <value>0xad08</value>
         <object_component_ref idref="oc-17f"/>
      </symbol>
      <symbol id="sm-65a">
         <name>memcpy</name>
         <value>0xaf7a</value>
         <object_component_ref idref="oc-11a"/>
      </symbol>
      <symbol id="sm-668">
         <name>memset</name>
         <value>0xaf1a</value>
         <object_component_ref idref="oc-145"/>
      </symbol>
      <symbol id="sm-67f">
         <name>__mpyi</name>
         <value>0xaf42</value>
         <object_component_ref idref="oc-f1"/>
      </symbol>
      <symbol id="sm-68d">
         <name>__mpyl</name>
         <value>0xac7a</value>
         <object_component_ref idref="oc-f6"/>
      </symbol>
      <symbol id="sm-699">
         <name>_system_pre_init</name>
         <value>0xb0da</value>
         <object_component_ref idref="oc-115"/>
      </symbol>
      <symbol id="sm-6a7">
         <name>_nop</name>
         <value>0xb0ea</value>
         <object_component_ref idref="oc-114"/>
      </symbol>
      <symbol id="sm-6a8">
         <name>_lock</name>
         <value>0x424</value>
         <object_component_ref idref="oc-100"/>
      </symbol>
      <symbol id="sm-6a9">
         <name>_unlock</name>
         <value>0x426</value>
         <object_component_ref idref="oc-100"/>
      </symbol>
      <symbol id="sm-6b3">
         <name>__TI_args_main</name>
         <value>0x1</value>
      </symbol>
      <symbol id="sm-6c5">
         <name>_auto_init</name>
         <value>0xa2b2</value>
         <object_component_ref idref="oc-116"/>
      </symbol>
      <symbol id="sm-6c6">
         <name>__TI_auto_init</name>
         <value>0x1</value>
      </symbol>
   </symbol_table>
   <title>Link successful</title>
</link_info>
